Component: Arm Compiler for Embedded 6.24 Tool: armlink [5f371500]

==============================================================================

Section Cross References

    startup_stm32h743xx.o(STACK) refers (Special) to heapauxi.o(.text) for __use_two_region_memory
    startup_stm32h743xx.o(HEAP) refers (Special) to heapauxi.o(.text) for __use_two_region_memory
    startup_stm32h743xx.o(RESET) refers (Special) to heapauxi.o(.text) for __use_two_region_memory
    startup_stm32h743xx.o(RESET) refers to startup_stm32h743xx.o(STACK) for __initial_sp
    startup_stm32h743xx.o(RESET) refers to startup_stm32h743xx.o(.text) for Reset_Handler
    startup_stm32h743xx.o(RESET) refers to mpu.o(.text.MemManage_Handler) for MemManage_Handler
    startup_stm32h743xx.o(RESET) refers to port.o(.text.SVC_Handler) for SVC_Handler
    startup_stm32h743xx.o(RESET) refers to port.o(.text.PendSV_Handler) for PendSV_Handler
    startup_stm32h743xx.o(RESET) refers to port.o(.text.SysTick_Handler) for SysTick_Handler
    startup_stm32h743xx.o(RESET) refers to usart.o(.text.USART1_IRQHandler) for USART1_IRQHandler
    startup_stm32h743xx.o(.text) refers (Special) to heapauxi.o(.text) for __use_two_region_memory
    startup_stm32h743xx.o(.text) refers to __main.o(!!!main) for __main
    startup_stm32h743xx.o(.text) refers to startup_stm32h743xx.o(HEAP) for Heap_Mem
    startup_stm32h743xx.o(.text) refers to startup_stm32h743xx.o(STACK) for Stack_Mem
    main.o(.text.main) refers to sys.o(.text.sys_stm32_clock_init) for sys_stm32_clock_init
    main.o(.text.main) refers to delay.o(.text.delay_init) for delay_init
    main.o(.text.main) refers to usart.o(.text.usart_init) for usart_init
    main.o(.text.main) refers to led.o(.text.led_init) for led_init
    main.o(.text.main) refers to mpu.o(.text.mpu_memory_protection) for mpu_memory_protection
    main.o(.text.main) refers to main.o(.rodata.str1.1) for .L.str
    main.o(.text.main) refers to printf.o(.text) for printf
    main.o(.text.main) refers to sdram.o(.text.sdram_init) for sdram_init
    main.o(.text.main) refers to main.o(.text.sdram_test) for sdram_test
    main.o(.text.main) refers to main.o(.text.fatal_blink) for fatal_blink
    main.o(.text.main) refers to lcd.o(.text.lcd_init) for lcd_init
    main.o(.text.main) refers to lcd.o(.text.lcd_display_dir) for lcd_display_dir
    main.o(.text.main) refers to lcd.o(.bss.lcddev) for lcddev
    main.o(.text.main) refers to main.o(.text.touch_controller_init) for touch_controller_init
    main.o(.text.main) refers to main.o(.text.at24c02_probe) for at24c02_probe
    main.o(.text.main) refers to lcd.o(.text.lcd_clear) for lcd_clear
    main.o(.text.main) refers to sys.o(.text.sys_gpio_pin_set) for sys_gpio_pin_set
    main.o(.text.main) refers to main.o(.text.app_tasks_start) for app_tasks_start
    main.o(.text.main) refers to tasks.o(.text.vTaskStartScheduler) for vTaskStartScheduler
    main.o(.ARM.exidx.text.main) refers to main.o(.text.main) for [Anonymous Symbol]
    main.o(.ARM.exidx.text.sdram_test) refers to main.o(.text.sdram_test) for [Anonymous Symbol]
    main.o(.text.fatal_blink) refers to sys.o(.text.sys_gpio_pin_set) for sys_gpio_pin_set
    main.o(.text.fatal_blink) refers to delay.o(.text.delay_ms) for delay_ms
    main.o(.ARM.exidx.text.fatal_blink) refers to main.o(.text.fatal_blink) for [Anonymous Symbol]
    main.o(.text.touch_controller_init) refers to main.o(.bss.g_touch_ok) for g_touch_ok
    main.o(.text.touch_controller_init) refers to ft5206.o(.text.ft5206_init) for ft5206_init
    main.o(.text.touch_controller_init) refers to touch.o(.data.tp_dev) for tp_dev
    main.o(.text.touch_controller_init) refers to ft5206.o(.text.ft5206_scan) for ft5206_scan
    main.o(.text.touch_controller_init) refers to main.o(.data.g_controller_id) for g_controller_id
    main.o(.text.touch_controller_init) refers to main.o(.rodata.str1.1) for .L.str.9
    main.o(.text.touch_controller_init) refers to printf.o(.text) for printf
    main.o(.text.touch_controller_init) refers to gt9xxx.o(.text.gt9xxx_init) for gt9xxx_init
    main.o(.text.touch_controller_init) refers to main.o(.bss.g_product_id) for g_product_id
    main.o(.text.touch_controller_init) refers to gt9xxx.o(.text.gt9xxx_rd_reg) for gt9xxx_rd_reg
    main.o(.text.touch_controller_init) refers to gt9xxx.o(.text.gt9xxx_scan) for gt9xxx_scan
    main.o(.text.touch_controller_init) refers to gt9xxx.o(.text.gt9xxx_get_i2c_address) for gt9xxx_get_i2c_address
    main.o(.text.touch_controller_init) refers to main.o(.text.touch_i2c_diagnose) for touch_i2c_diagnose
    main.o(.ARM.exidx.text.touch_controller_init) refers to main.o(.text.touch_controller_init) for [Anonymous Symbol]
    main.o(.text.at24c02_probe) refers to myiic.o(.text.iic_init) for iic_init
    main.o(.text.at24c02_probe) refers to myiic.o(.text.iic_start) for iic_start
[...]
    0x0800101e   0x0800101e   0x00000002   PAD
    0x08001020   0x08001020   0x00000008   Code   RO         1754    .text               c_w.l(rt_locale_intlibspace.o)
    0x08001028   0x08001028   0x00000012   Code   RO         1788    .text               c_w.l(exit.o)
    0x0800103a   0x0800103a   0x00000002   PAD
    0x0800103c   0x0800103c   0x00000008   Code   RO         1801    .text               c_w.l(libspace.o)
    0x08001044   0x08001044   0x00000004   PAD
    0x08001048   0x08001048   0x0000015a   Code   RO           49    .text.AppInputTask  app_input.o
    0x080011a2   0x080011a2   0x00000006   PAD
    0x080011a8   0x080011a8   0x000000e2   Code   RO          169    .text.AppRuntimeTask  app_runtime.o
    0x0800128a   0x0800128a   0x00000006   PAD
    0x08001290   0x08001290   0x00000128   Code   RO          229    .text.AppStorageTask  app_storage.o
    0x080013b8   0x080013b8   0x00000118   Code   RO          860    .text.CmdResp6Error  sdmmc_sdcard.o
    0x080014d0   0x080014d0   0x0000009e   Code   RO          850    .text.CmdResp7Error  sdmmc_sdcard.o
    0x0800156e   0x0800156e   0x00000002   PAD
    0x08001570   0x08001570   0x000000d8   Code   RO          868    .text.IsCardProgramming  sdmmc_sdcard.o
    0x08001648   0x08001648   0x000000de   Code   RO          862    .text.SDEnWideBus   sdmmc_sdcard.o
    0x08001726   0x08001726   0x00000002   PAD
    0x08001728   0x08001728   0x0000002e   Code   RO          842    .text.SDMMC_Clock_Set  sdmmc_sdcard.o
    0x08001756   0x08001756   0x00000002   PAD
    0x08001758   0x08001758   0x000000c2   Code   RO          840    .text.SD_EnableWideBusOperation  sdmmc_sdcard.o
    0x0800181a   0x0800181a   0x00000006   PAD
    0x08001820   0x08001820   0x00000516   Code   RO          836    .text.SD_GetCardInfo  sdmmc_sdcard.o
    0x08001d36   0x08001d36   0x00000002   PAD
    0x08001d38   0x08001d38   0x000001ae   Code   RO          830    .text.SD_Init       sdmmc_sdcard.o
    0x08001ee6   0x08001ee6   0x00000002   PAD
    0x08001ee8   0x08001ee8   0x000001ca   Code   RO          834    .text.SD_InitializeCards  sdmmc_sdcard.o
    0x080020b2   0x080020b2   0x00000006   PAD
    0x080020b8   0x080020b8   0x000000c4   Code   RO          876    .text.SD_ReadDisk   sdmmc_sdcard.o
    0x0800217c   0x0800217c   0x00000004   PAD
    0x08002180   0x08002180   0x00000008   Code   RO          478    .text._sys_exit     usart.o
    0x08002188   0x08002188   0x000000aa   Code   RO          355    .text.app_draw_append_point  app_draw.o
    0x08002232   0x08002232   0x00000006   PAD
    0x08002238   0x08002238   0x00000010   Code   RO          343    .text.app_draw_close  app_draw.o
    0x08002248   0x08002248   0x0000004c   Code   RO          369    .text.app_draw_color_is_valid  app_draw.o
    0x08002294   0x08002294   0x00000004   PAD
    0x08002298   0x08002298   0x00000034   Code   RO          337    .text.app_draw_open  app_draw.o
    0x080022cc   0x080022cc   0x00000004   PAD
    0x080022d0   0x080022d0   0x0000002c   Code   RO          341    .text.app_draw_redraw  app_draw.o
    0x080022fc   0x080022fc   0x00000004   PAD
    0x08002300   0x08002300   0x00000094   Code   RO          365    .text.app_draw_replay  app_draw.o
    0x08002394   0x08002394   0x00000004   PAD
    0x08002398   0x08002398   0x0000005a   Code   RO          359    .text.app_draw_storage_error  app_draw.o
    0x080023f2   0x080023f2   0x00000006   PAD
    0x080023f8   0x080023f8   0x0000011a   Code   RO          357    .text.app_draw_update  app_draw.o
    0x08002512   0x08002512   0x00000006   PAD
    0x08002518   0x08002518   0x00000026   Code   RO          351    .text.app_draw_update_controls  app_draw.o
    0x0800253e   0x0800253e   0x00000002   PAD
    0x08002540   0x08002540   0x0000006c   Code   RO          311    .text.app_files_copy_text  app_files.o
    0x080025ac   0x080025ac   0x00000004   PAD
    0x080025b0   0x080025b0   0x00000068   Code   RO          303    .text.app_files_create  app_files.o
    0x08002618   0x08002618   0x000000a8   Code   RO          297    .text.app_files_edit  app_files.o
    0x080026c0   0x080026c0   0x0000026e   Code   RO          295    .text.app_files_handle_event  app_files.o
    0x0800292e   0x0800292e   0x00000002   PAD
    0x08002930   0x08002930   0x00000116   Code   RO          315    .text.app_files_make_new_name  app_files.o
    0x08002a46   0x08002a46   0x00000002   PAD
    0x08002a48   0x08002a48   0x00000086   Code   RO          305    .text.app_files_read_selected  app_files.o
    0x08002ace   0x08002ace   0x00000002   PAD
    0x08002ad0   0x08002ad0   0x0000007c   Code   RO          289    .text.app_files_redraw  app_files.o
    0x08002b4c   0x08002b4c   0x00000004   PAD
    0x08002b50   0x08002b50   0x0000003c   Code   RO          291    .text.app_files_request_list  app_files.o
    0x08002b8c   0x08002b8c   0x00000004   PAD
    0x08002b90   0x08002b90   0x0000009a   Code   RO          299    .text.app_files_save  app_files.o
    0x08002c2a   0x08002c2a   0x00000006   PAD
    0x08002c30   0x08002c30   0x00000098   Code   RO          321    .text.app_files_select_focus  app_files.o
    0x08002cc8   0x08002cc8   0x00000078   Code   RO          313    .text.app_files_submit  app_files.o
    0x08002d40   0x08002d40   0x00000026   Code   RO          307    .text.app_files_update  app_files.o
    0x08002d66   0x08002d66   0x00000002   PAD
    0x08002d68   0x08002d68   0x00000108   Code   RO          405    .text.app_logs_build_export  app_logs.o
    0x08002e70   0x08002e70   0x0000006c   Code   RO          385    .text.app_logs_copy_text  app_logs.o
    0x08002edc   0x08002edc   0x00000004   PAD
    0x08002ee0   0x08002ee0   0x0000009e   Code   RO          401    .text.app_logs_export  app_logs.o
    0x08002f7e   0x08002f7e   0x00000002   PAD
    0x08002f80   0x08002f80   0x0000013c   Code   RO          397    .text.app_logs_handle_event  app_logs.o
    0x080030bc   0x080030bc   0x00000004   PAD
    0x080030c0   0x080030c0   0x0000003a   Code   RO          381    .text.app_logs_init  app_logs.o
    0x080030fa   0x080030fa   0x00000006   PAD
    0x08003100   0x08003100   0x00000044   Code   RO          409    .text.app_logs_level_text  app_logs.o
    0x08003144   0x08003144   0x00000004   PAD
    0x08003148   0x08003148   0x0000001c   Code   RO          389    .text.app_logs_set_status  app_logs.o
    0x08003164   0x08003164   0x00000004   PAD
    0x08003168   0x08003168   0x000000aa   Code   RO          185    .text.app_runtime_enter_application  app_runtime.o
    0x08003212   0x08003212   0x00000006   PAD
    0x08003218   0x08003218   0x000000fe   Code   RO          175    .text.app_runtime_handle_application_event  app_runtime.o
    0x08003316   0x08003316   0x00000002   PAD
    0x08003318   0x08003318   0x00000090   Code   RO          173    .text.app_runtime_handle_desktop_event  app_runtime.o
    0x080033a8   0x080033a8   0x000000b2   Code   RO          171    .text.app_runtime_handle_login_event  app_runtime.o
    0x0800345a   0x0800345a   0x00000006   PAD
    0x08003460   0x08003460   0x00000068   Code   RO          181    .text.app_runtime_password_matches  app_runtime.o
    0x080034c8   0x080034c8   0x000000d0   Code   RO          253    .text.app_storage_list  app_storage.o
    0x08003598   0x08003598   0x0000007e   Code   RO          231    .text.app_storage_mount  app_storage.o
    0x08003616   0x08003616   0x00000002   PAD
    0x08003618   0x08003618   0x00000100   Code   RO          243    .text.app_storage_name_is_valid  app_storage.o
    0x08003718   0x08003718   0x0000006c   Code   RO          235    .text.app_storage_process_binary  app_storage.o
    0x08003784   0x08003784   0x00000004   PAD
    0x08003788   0x08003788   0x0000003c   Code   RO          221    .text.app_storage_receive_binary  app_storage.o
    0x080037c4   0x080037c4   0x00000004   PAD
    0x080037c8   0x080037c8   0x0000012a   Code   RO          233    .text.app_storage_run_self_test  app_storage.o
    0x080038f2   0x080038f2   0x00000006   PAD
    0x080038f8   0x080038f8   0x000000ca   Code   RO          259    .text.app_storage_write  app_storage.o
    0x080039c2   0x080039c2   0x00000006   PAD
    0x080039c8   0x080039c8   0x000001da   Code   RO          241    .text.app_storage_write_binary  app_storage.o
    0x08003ba2   0x08003ba2   0x00000006   PAD
    0x08003ba8   0x08003ba8   0x0000018c   Code   RO           21    .text.app_tasks_start  main.o
    0x08003d34   0x08003d34   0x00000004   PAD
    0x08003d38   0x08003d38   0x00000190   Code   RO           92    .text.app_ui_cursor_show  app_ui.o
    0x08003ec8   0x08003ec8   0x00000146   Code   RO          116    .text.app_ui_draw_action_at  app_ui.o
    0x0800400e   0x0800400e   0x00000002   PAD
    0x08004010   0x08004010   0x000000e0   Code   RO          104    .text.app_ui_draw_application_header  app_ui.o
    0x080040f0   0x080040f0   0x000000a8   Code   RO          108    .text.app_ui_draw_draw_button  app_ui.o
    0x08004198   0x08004198   0x000000c8   Code   RO          132    .text.app_ui_draw_file_button  app_ui.o
    0x08004260   0x08004260   0x00000064   Code   RO          114    .text.app_ui_draw_stroke  app_ui.o
    0x080042c4   0x080042c4   0x00000004   PAD
    0x080042c8   0x080042c8   0x0000010a   Code   RO           90    .text.app_ui_format_time  app_ui.o
    0x080043d2   0x080043d2   0x00000006   PAD
    0x080043d8   0x080043d8   0x00000040   Code   RO          122    .text.app_ui_log_level_color  app_ui.o
    0x08004418   0x08004418   0x00000044   Code   RO          120    .text.app_ui_log_level_text  app_ui.o
    0x0800445c   0x0800445c   0x00000004   PAD
    0x08004460   0x08004460   0x000000e4   Code   RO           76    .text.app_ui_login_key_at  app_ui.o
    0x08004544   0x08004544   0x00000004   PAD
    0x08004548   0x08004548   0x00000020   Code   RO           94    .text.app_ui_move_cursor  app_ui.o
    0x08004568   0x08004568   0x00000174   Code   RO           62    .text.app_ui_show_boot  app_ui.o
    0x080046dc   0x080046dc   0x00000004   PAD
    0x080046e0   0x080046e0   0x00000090   Code   RO           66    .text.app_ui_show_centered  app_ui.o
    0x08004770   0x08004770   0x000001e0   Code   RO           82    .text.app_ui_show_desktop  app_ui.o
    0x08004950   0x08004950   0x0000025a   Code   RO          136    .text.app_ui_show_file_content  app_ui.o
    0x08004baa   0x08004baa   0x00000006   PAD
    0x08004bb0   0x08004bb0   0x000000a4   Code   RO           78    .text.app_ui_show_locked  app_ui.o
    0x08004c54   0x08004c54   0x00000004   PAD
    0x08004c58   0x08004c58   0x00000170   Code   RO           68    .text.app_ui_show_login  app_ui.o
    0x08004dc8   0x08004dc8   0x000004a6   Code   RO          118    .text.app_ui_show_logs  app_ui.o
    0x0800526e   0x0800526e   0x00000002   PAD
    0x08005270   0x08005270   0x0000008a   Code   RO          144    .text.app_ui_show_monitor  app_ui.o
    0x080052fa   0x080052fa   0x00000006   PAD
    0x08005300   0x08005300   0x0000013a   Code   RO          138    .text.app_ui_show_multiline  app_ui.o
    0x0800543a   0x0800543a   0x00000006   PAD
    0x08005440   0x08005440   0x000000c6   Code   RO           74    .text.app_ui_show_number  app_ui.o
    0x08005506   0x08005506   0x00000002   PAD
    0x08005508   0x08005508   0x000000c0   Code   RO          126    .text.app_ui_show_u32  app_ui.o
    0x080055c8   0x080055c8   0x0000002c   Code   RO           19    .text.at24c02_probe  main.o
    0x080055f4   0x080055f4   0x00000004   PAD
    0x080055f8   0x080055f8   0x00000008   Code   RO          678    .text.at24cxx_init  24cxx.o
    0x08005600   0x08005600   0x00000058   Code   RO          680    .text.at24cxx_read_one_byte  24cxx.o
    0x08005658   0x08005658   0x00000040   Code   RO          688    .text.at24cxx_write  24cxx.o
    0x08005698   0x08005698   0x0000004a   Code   RO          682    .text.at24cxx_write_one_byte  24cxx.o
    0x080056e2   0x080056e2   0x00000006   PAD
    0x080056e8   0x080056e8   0x000000b8   Code   RO          992    .text.check_fs      ff.o
    0x080057a0   0x080057a0   0x00000036   Code   RO          898    .text.clst2sect     ff.o
    0x080057d6   0x080057d6   0x00000002   PAD
    0x080057d8   0x080057d8   0x000001da   Code   RO          996    .text.create_name   ff.o
    0x080059b2   0x080059b2   0x00000006   PAD
    0x080059b8   0x080059b8   0x00000066   Code   RO          722    .text.ct_iic_init   ctiic.o
    0x08005a1e   0x08005a1e   0x00000002   PAD
    0x08005a20   0x08005a20   0x00000080   Code   RO          736    .text.ct_iic_send_byte  ctiic.o
    0x08005aa0   0x08005aa0   0x00000044   Code   RO          724    .text.ct_iic_stop   ctiic.o
    0x08005ae4   0x08005ae4   0x00000004   PAD
    0x08005ae8   0x08005ae8   0x00000020   Code   RO         1002    .text.dbc_2nd       ff.o
    0x08005b08   0x08005b08   0x0000003e   Code   RO          421    .text.delay_init    delay.o
    0x08005b46   0x08005b46   0x00000002   PAD
    0x08005b48   0x08005b48   0x0000008a   Code   RO          423    .text.delay_us      delay.o
    0x08005bd2   0x08005bd2   0x00000006   PAD
    0x08005bd8   0x08005bd8   0x000000b4   Code   RO          998    .text.dir_find      ff.o
    0x08005c8c   0x08005c8c   0x00000004   PAD
    0x08005c90   0x08005c90   0x000000cc   Code   RO          952    .text.dir_read      ff.o
    0x08005d5c   0x08005d5c   0x00000004   PAD
    0x08005d60   0x08005d60   0x00000060   Code   RO          910    .text.dir_register  ff.o
    0x08005dc0   0x08005dc0   0x0000003a   Code   RO          968    .text.dir_remove    ff.o
    0x08005dfa   0x08005dfa   0x00000006   PAD
    0x08005e00   0x08005e00   0x00000060   Code   RO         1027    .text.disk_write    diskio.o
    0x08005e60   0x08005e60   0x0000002a   Code   RO          948    .text.f_closedir    ff.o
    0x08005e8a   0x08005e8a   0x00000006   PAD
    0x08005e90   0x08005e90   0x00000096   Code   RO          900    .text.f_mount       ff.o
    0x08005f26   0x08005f26   0x00000002   PAD
    0x08005f28   0x08005f28   0x000001ba   Code   RO          976    .text.f_rename      ff.o
    0x080060e2   0x080060e2   0x00000006   PAD
    0x080060e8   0x080060e8   0x000002d6   Code   RO          932    .text.f_write       ff.o
    0x080063be   0x080063be   0x00000002   PAD
    0x080063c0   0x080063c0   0x00000064   Code   RO           15    .text.fatal_blink   main.o
    0x08006424   0x08006424   0x00000004   PAD
    0x08006428   0x08006428   0x000004f8   Code   RO          904    .text.find_volume   ff.o
    0x08006920   0x08006920   0x000000fe   Code   RO          908    .text.follow_path   ff.o
    0x08006a1e   0x08006a1e   0x00000002   PAD
    0x08006a20   0x08006a20   0x00000154   Code   RO          753    .text.ft5206_init   ft5206.o
    0x08006b74   0x08006b74   0x00000004   PAD
    0x08006b78   0x08006b78   0x0000007e   Code   RO          751    .text.ft5206_rd_reg  ft5206.o
    0x08006bf6   0x08006bf6   0x00000002   PAD
    0x08006bf8   0x08006bf8   0x0000027e   Code   RO          755    .text.ft5206_scan   ft5206.o
    0x08006e76   0x08006e76   0x00000002   PAD
    0x08006e78   0x08006e78   0x000000b6   Code   RO          902    .text.get_ldnumber  ff.o
    0x08006f2e   0x08006f2e   0x00000002   PAD
    0x08006f30   0x08006f30   0x0000000e   Code   RO          767    .text.gt9xxx_get_i2c_address  gt9xxx.o
    0x08006f3e   0x08006f3e   0x00000002   PAD
    0x08006f40   0x08006f40   0x000001a2   Code   RO          773    .text.gt9xxx_init   gt9xxx.o
    0x080070e2   0x080070e2   0x00000006   PAD
    0x080070e8   0x080070e8   0x00000094   Code   RO          775    .text.gt9xxx_reset_and_probe  gt9xxx.o
    0x0800717c   0x0800717c   0x00000004   PAD
    0x08007180   0x08007180   0x00000050   Code   RO          707    .text.iic_ack       myiic.o
    0x080071d0   0x080071d0   0x00000062   Code   RO          697    .text.iic_init      myiic.o
    0x08007232   0x08007232   0x00000006   PAD
    0x08007238   0x08007238   0x0000003e   Code   RO          709    .text.iic_nack      myiic.o
    0x08007276   0x08007276   0x00000002   PAD
    0x08007278   0x08007278   0x0000007a   Code   RO          711    .text.iic_send_byte  myiic.o
    0x080072f2   0x080072f2   0x00000006   PAD
    0x080072f8   0x080072f8   0x00000244   Code   RO          581    .text.lcd_display_dir  lcd.o
    0x0800753c   0x0800753c   0x00000004   PAD
    0x08007540   0x08007540   0x0000006e   Code   RO          595    .text.lcd_draw_hline  lcd.o
    0x080075ae   0x080075ae   0x00000002   PAD
    0x080075b0   0x080075b0   0x0000004c   Code   RO          577    .text.lcd_draw_point  lcd.o
    0x080075fc   0x080075fc   0x00000004   PAD
    0x08007600   0x08007600   0x00000248   Code   RO          547    .text.lcd_ex_ili9341_reginit  lcd.o
    0x08007848   0x08007848   0x00000f92   Code   RO          549    .text.lcd_ex_nt35310_reginit  lcd.o
    0x080087da   0x080087da   0x00000006   PAD
    0x080087e0   0x080087e0   0x00000f48   Code   RO          553    .text.lcd_ex_nt35510_reginit  lcd.o
    0x08009728   0x08009728   0x000000c6   Code   RO          589    .text.lcd_fill      lcd.o
    0x080097ee   0x080097ee   0x00000002   PAD
    0x080097f0   0x080097f0   0x000006e6   Code   RO          585    .text.lcd_init      lcd.o
    0x08009ed6   0x08009ed6   0x00000002   PAD
    0x08009ed8   0x08009ed8   0x00000016   Code   RO          567    .text.lcd_rd_data   lcd.o
    0x08009eee   0x08009eee   0x00000002   PAD
    0x08009ef0   0x08009ef0   0x000000ea   Code   RO          611    .text.lcd_show_string  lcd.o
    0x08009fda   0x08009fda   0x00000006   PAD
    0x08009fe0   0x08009fe0   0x00000020   Code   RO          543    .text.lcd_wr_regno  lcd.o
    0x0800a000   0x0800a000   0x00000028   Code   RO          555    .text.lcd_write_reg  lcd.o
    0x0800a028   0x0800a028   0x00000076   Code   RO          498    .text.led_init      led.o
    0x0800a09e   0x0800a09e   0x00000002   PAD
    0x0800a0a0   0x0800a0a0   0x00000156   Code   RO          646    .text.ltdc_clk_set  ltdc.o
    0x0800a1f6   0x0800a1f6   0x00000002   PAD
    0x0800a1f8   0x0800a1f8   0x00000050   Code   RO          634    .text.ltdc_display_dir  ltdc.o
    0x0800a248   0x0800a248   0x0000008c   Code   RO          636    .text.ltdc_draw_point  ltdc.o
    0x0800a2d4   0x0800a2d4   0x00000004   PAD
    0x0800a2d8   0x0800a2d8   0x000000e2   Code   RO          650    .text.ltdc_layer_parameter_config  ltdc.o
    0x0800a3ba   0x0800a3ba   0x00000006   PAD
    0x0800a3c0   0x0800a3c0   0x00000082   Code   RO          630    .text.ltdc_layer_switch  ltdc.o
    0x0800a442   0x0800a442   0x00000006   PAD
    0x0800a448   0x0800a448   0x00000216   Code   RO          648    .text.ltdc_layer_window_config  ltdc.o
    0x0800a65e   0x0800a65e   0x00000002   PAD
    0x0800a660   0x0800a660   0x00000006   Code   RO          652    .text.ltdc_panelid_read  ltdc.o
    0x0800a666   0x0800a666   0x00000002   PAD
    0x0800a668   0x0800a668   0x00000018   Code   RO          632    .text.ltdc_select_layer  ltdc.o
    0x0800a680   0x0800a680   0x00000036   Code   RO          628    .text.ltdc_switch   ltdc.o
    0x0800a6b6   0x0800a6b6   0x00000002   PAD
    0x0800a6b8   0x0800a6b8   0x00000140   Code   RO           11    .text.main          main.o
    0x0800a7f8   0x0800a7f8   0x00000056   Code   RO          994    .text.mem_cmp       ff.o
    0x0800a84e   0x0800a84e   0x00000002   PAD
    0x0800a850   0x0800a850   0x0000003c   Code   RO          930    .text.mem_cpy       ff.o
    0x0800a88c   0x0800a88c   0x00000004   PAD
    0x0800a890   0x0800a890   0x0000005e   Code   RO          920    .text.move_window   ff.o
    0x0800a8ee   0x0800a8ee   0x00000002   PAD
    0x0800a8f0   0x0800a8f0   0x00000022   Code   RO          506    .text.mpu_disable   mpu.o
    0x0800a912   0x0800a912   0x00000006   PAD
    0x0800a918   0x0800a918   0x0000001e   Code   RO          508    .text.mpu_enable    mpu.o
    0x0800a936   0x0800a936   0x00000002   PAD
    0x0800a938   0x0800a938   0x000000e8   Code   RO          510    .text.mpu_set_protection  mpu.o
    0x0800aa20   0x0800aa20   0x00000042   Code   RO         1121    .text.prvCopyDataFromQueue  queue.o
    0x0800aa62   0x0800aa62   0x00000006   PAD
    0x0800aa68   0x0800aa68   0x000000a4   Code   RO         1292    .text.prvCreateIdleTasks  tasks.o
    0x0800ab0c   0x0800ab0c   0x00000004   PAD
    0x0800ab10   0x0800ab10   0x00000088   Code   RO         1246    .text.prvCreateTask  tasks.o
    0x0800ab98   0x0800ab98   0x0000004e   Code   RO         1091    .text.prvInitialiseNewQueue  queue.o
    0x0800abe6   0x0800abe6   0x00000002   PAD
    0x0800abe8   0x0800abe8   0x0000008e   Code   RO         1388    .text.prvInitialiseTaskLists  tasks.o
    0x0800ac76   0x0800ac76   0x00000002   PAD
    0x0800ac78   0x0800ac78   0x00000132   Code   RO         1537    .text.prvInsertBlockIntoFreeList  heap_4.o
    0x0800adaa   0x0800adaa   0x00000006   PAD
    0x0800adb0   0x0800adb0   0x00000086   Code   RO         1478    .text.prvInsertTimerInActiveList  timers.o
    0x0800ae36   0x0800ae36   0x00000002   PAD
    0x0800ae38   0x0800ae38   0x00000028   Code   RO         1123    .text.prvIsQueueEmpty  queue.o
    0x0800ae60   0x0800ae60   0x00000108   Code   RO         1109    .text.prvNotifyQueueSetContainer  queue.o
    0x0800af68   0x0800af68   0x00000054   Code   RO         1472    .text.prvProcessExpiredTimer  timers.o
    0x0800afbc   0x0800afbc   0x00000004   PAD
    0x0800afc0   0x0800afc0   0x00000164   Code   RO         1468    .text.prvProcessReceivedCommands  timers.o
    0x0800b124   0x0800b124   0x00000004   PAD
    0x0800b128   0x0800b128   0x0000009a   Code   RO         1466    .text.prvProcessTimerOrBlockTask  timers.o
    0x0800b1c2   0x0800b1c2   0x00000006   PAD
    0x0800b1c8   0x0800b1c8   0x00000034   Code   RO         1476    .text.prvReloadTimer  timers.o
    0x0800b1fc   0x0800b1fc   0x00000004   PAD
    0x0800b200   0x0800b200   0x0000003c   Code   RO         1252    .text.prvResetNextTaskUnblockTime  tasks.o
    0x0800b23c   0x0800b23c   0x00000004   PAD
    0x0800b240   0x0800b240   0x0000002e   Code   RO         1344    .text.prvTaskCheckFreeStackSpace  tasks.o
    0x0800b26e   0x0800b26e   0x00000002   PAD
    0x0800b270   0x0800b270   0x00000058   Code   RO         1497    .text.prvTaskExitError  port.o
    0x0800b2c8   0x0800b2c8   0x0000001e   Code   RO         1428    .text.prvTimerTask  timers.o
    0x0800b2e6   0x0800b2e6   0x00000002   PAD
    0x0800b2e8   0x0800b2e8   0x000000cc   Code   RO         1113    .text.prvUnlockQueue  queue.o
    0x0800b3b4   0x0800b3b4   0x00000004   PAD
    0x0800b3b8   0x0800b3b8   0x000001b2   Code   RO         1008    .text.put_fat       ff.o
    0x0800b56a   0x0800b56a   0x00000006   PAD
    0x0800b570   0x0800b570   0x00000348   Code   RO         1531    .text.pvPortMalloc  heap_4.o
    0x0800b8b8   0x0800b8b8   0x0000005e   Code   RO         1495    .text.pxPortInitialiseStack  port.o
    0x0800b916   0x0800b916   0x00000002   PAD
    0x0800b918   0x0800b918   0x000000f4   Code   RO          918    .text.remove_chain  ff.o
    0x0800ba0c   0x0800ba0c   0x00000004   PAD
    0x0800ba10   0x0800ba10   0x00000098   Code   RO          526    .text.sdram_send_cmd  sdram.o
    0x0800baa8   0x0800baa8   0x00000102   Code   RO           13    .text.sdram_test    main.o
    0x0800bbaa   0x0800bbaa   0x00000006   PAD
    0x0800bbb0   0x0800bbb0   0x00000032   Code   RO          916    .text.st_clust      ff.o
    0x0800bbe2   0x0800bbe2   0x00000006   PAD
    0x0800bbe8   0x0800bbe8   0x00000044   Code   RO          914    .text.st_dword      ff.o
    0x0800bc2c   0x0800bc2c   0x00000004   PAD
    0x0800bc30   0x0800bc30   0x00000074   Code   RO          972    .text.sync_window   ff.o
    0x0800bca4   0x0800bca4   0x00000004   PAD
    0x0800bca8   0x0800bca8   0x0000002e   Code   RO          449    .text.sys_gpio_pin_get  sys.o
    0x0800bcd6   0x0800bcd6   0x00000002   PAD
    0x0800bcd8   0x0800bcd8   0x000000f2   Code   RO          445    .text.sys_gpio_set  sys.o
    0x0800bdca   0x0800bdca   0x00000006   PAD
    0x0800bdd0   0x0800bdd0   0x00000004   Code   RO          453    .text.sys_intx_disable  sys.o
    0x0800bdd4   0x0800bdd4   0x00000004   PAD
    0x0800bdd8   0x0800bdd8   0x00000004   Code   RO          455    .text.sys_intx_enable  sys.o
    0x0800bddc   0x0800bddc   0x00000004   PAD
    0x0800bde0   0x0800bde0   0x00000084   Code   RO          437    .text.sys_nvic_init  sys.o
    0x0800be64   0x0800be64   0x00000004   PAD
    0x0800be68   0x0800be68   0x00000048   Code   RO          439    .text.sys_nvic_priority_group_config  sys.o
    0x0800beb0   0x0800beb0   0x00000012   Code   RO          461    .text.sys_soft_reset  sys.o
    0x0800bec2   0x0800bec2   0x00000006   PAD
    0x0800bec8   0x0800bec8   0x0000008a   Code   RO          467    .text.sys_stm32_clock_init  sys.o
    0x0800bf52   0x0800bf52   0x00000006   PAD
    0x0800bf58   0x0800bf58   0x000000d6   Code   RO           17    .text.touch_controller_init  main.o
    0x0800c02e   0x0800c02e   0x00000002   PAD
    0x0800c030   0x0800c030   0x00000150   Code   RO           23    .text.touch_i2c_diagnose  main.o
    0x0800c180   0x0800c180   0x0000004c   Code   RO          806    .text.tp_get_adjust_data  touch.o
    0x0800c1cc   0x0800c1cc   0x00000004   PAD
    0x0800c1d0   0x0800c1d0   0x00000110   Code   RO          816    .text.tp_read_ad    touch.o
    0x0800c2e0   0x0800c2e0   0x0000011c   Code   RO          814    .text.tp_read_xoy   touch.o
    0x0800c3fc   0x0800c3fc   0x00000004   PAD
    0x0800c400   0x0800c400   0x0000005a   Code   RO          812    .text.tp_read_xy    touch.o
    0x0800c45a   0x0800c45a   0x00000006   PAD
    0x0800c460   0x0800c460   0x00000090   Code   RO          818    .text.tp_write_byte  touch.o
    0x0800c4f0   0x0800c4f0   0x0000003e   Code   RO         1133    .text.uxQueueMessagesWaiting  queue.o
    0x0800c52e   0x0800c52e   0x00000002   PAD
    0x0800c530   0x0800c530   0x0000000c   Code   RO         1304    .text.uxTaskGetNumberOfTasks  tasks.o
    0x0800c53c   0x0800c53c   0x00000004   PAD
    0x0800c540   0x0800c540   0x0000002e   Code   RO         1070    .text.vListInitialise  list.o
    0x0800c56e   0x0800c56e   0x00000002   PAD
    0x0800c570   0x0800c570   0x0000006a   Code   RO         1076    .text.vListInsert   list.o
    0x0800c5da   0x0800c5da   0x00000006   PAD
    0x0800c5e0   0x0800c5e0   0x00000062   Code   RO         1513    .text.vPortEnterCritical  port.o
    0x0800c642   0x0800c642   0x00000006   PAD
    0x0800c648   0x0800c648   0x00000052   Code   RO         1515    .text.vPortExitCritical  port.o
    0x0800c69a   0x0800c69a   0x00000006   PAD
    0x0800c6a0   0x0800c6a0   0x00000126   Code   RO         1535    .text.vPortFree     heap_4.o
    0x0800c7c6   0x0800c7c6   0x00000002   PAD
    0x0800c7c8   0x0800c7c8   0x000000be   Code   RO         1157    .text.vQueueAddToRegistry  queue.o
    0x0800c886   0x0800c886   0x00000002   PAD
    0x0800c888   0x0800c888   0x00000064   Code   RO         1161    .text.vQueueWaitForMessageRestricted  queue.o
    0x0800c8ec   0x0800c8ec   0x00000004   PAD
    0x0800c8f0   0x0800c8f0   0x0000000e   Code   RO         1336    .text.vTaskMissedYield  tasks.o
    0x0800c8fe   0x0800c8fe   0x00000002   PAD
    0x0800c900   0x0800c900   0x00000010   Code   RO         1258    .text.vTaskSuspendAll  tasks.o
    0x0800c910   0x0800c910   0x000000d6   Code   RO         1282    .text.vTaskSwitchContext  tasks.o
    0x0800c9e6   0x0800c9e6   0x00000002   PAD
    0x0800c9e8   0x0800c9e8   0x00000072   Code   RO          928    .text.validate      ff.o
    0x0800ca5a   0x0800ca5a   0x00000006   PAD
    0x0800ca60   0x0800ca60   0x000001c4   Code   RO         1501    .text.xPortStartScheduler  port.o
    0x0800cc24   0x0800cc24   0x00000004   PAD
    0x0800cc28   0x0800cc28   0x000000a2   Code   RO         1089    .text.xQueueGenericCreate  queue.o
    0x0800ccca   0x0800ccca   0x00000006   PAD
    0x0800ccd0   0x0800ccd0   0x00000294   Code   RO         1099    .text.xQueueGenericSend  queue.o
    0x0800cf64   0x0800cf64   0x00000004   PAD
    0x0800cf68   0x0800cf68   0x000001f4   Code   RO         1119    .text.xQueueReceive  queue.o
    0x0800d15c   0x0800d15c   0x00000004   PAD
    0x0800d160   0x0800d160   0x00000052   Code   RO         1244    .text.xTaskCreate   tasks.o
    0x0800d1b2   0x0800d1b2   0x00000006   PAD
    0x0800d1b8   0x0800d1b8   0x00000130   Code   RO         1264    .text.xTaskDelayUntil  tasks.o
    0x0800d2e8   0x0800d2e8   0x00000038   Code   RO         1352    .text.xTaskGetSchedulerState  tasks.o
    0x0800d320   0x0800d320   0x000001a8   Code   RO         1326    .text.xTaskRemoveFromEventList  tasks.o
    0x0800d4c8   0x0800d4c8   0x0000024e   Code   RO         1262    .text.xTaskResumeAll  tasks.o
    0x0800d716   0x0800d716   0x0000003e   Code   RO         1761    CL$$btod_d2e        c_w.l(btod.o)
    0x0800d754   0x0800d754   0x00000338   Code   RO         1771    CL$$btod_div_common  c_w.l(btod.o)
    0x0800da8c   0x0800da8c   0x0000002a   Code   RO         1765    CL$$btod_ediv       c_w.l(btod.o)
    0x0800dab6   0x0800dab6   0x00000002   PAD
    0x0800dab8   0x0800dab8   0x00000004   Ven    RO         1938    Veneer$$Code        anon$$obj.o
    0x0800dabc   0x0800dabc   0x00000004   Ven    RO         1939    Veneer$$Code        anon$$obj.o
    0x0800dac0   0x0800dac0   0x0000002c   Code   RO         1809    locale$$code        c_w.l(lc_ctype_c.o)
    0x0800daec   0x0800daec   0x0000001a   Code   RO         1869    x$fpl$fpinit        fz_wv.l(fpinit.o)
    0x0800db06   0x0800db06   0x00000004   Code   RO         1700    x$fpl$printf1       fz_wv.l(printf1.o)
    0x0800db0a   0x0800db0a   0x00000004   Code   RO         1702    x$fpl$printf2       fz_wv.l(printf2.o)
    0x0800db0e   0x0800db0e   0x00000000   Code   RO         1798    x$fpl$usenofp       fz_wv.l(usenofp.o)
    0x0800db0e   0x0800db0e   0x00000002   PAD
    0x0800db10   0x0800db10   0x00000008   Data   RO         1626    .constdata          c_w.l(_printf_wctomb.o)
    0x0800db18   0x0800db18   0x00000026   Data   RO         1732    .constdata          c_w.l(_printf_fp_hex.o)
    0x0800db3e   0x0800db3e   0x00000002   PAD
    0x0800db40   0x0800db40   0x00000094   Data   RO         1759    .constdata          c_w.l(bigflt0.o)
    0x0800dbd4   0x0800dbd4   0x00000080   Data   RO         1013    .rodata.ExCvt       ff.o
    0x0800dc54   0x0800dc54   0x00000014   Data   RO          785    .rodata.GT9XXX_TPX_TBL  gt9xxx.o
    0x0800dc68   0x0800dc68   0x0000000e   Data   RO          276    .rodata.app_storage_run_self_test.expected_text  app_storage.o
    0x0800dc76   0x0800dc76   0x00000014   Data   RO          277    .rodata.app_storage_run_self_test.write_text  app_storage.o
    0x0800dc8a   0x0800dc8a   0x00000474   Data   RO          613    .rodata.asc2_1206   lcd.o
    0x0800e0fe   0x0800e0fe   0x000000d0   Data   RO          161    .rodata.g_cursor_bitmap  app_ui.o
    0x0800e1ce   0x0800e1ce   0x00000002   PAD
    0x0800e1d0   0x0800e1d0   0x00000048   Data   RO          158    .rodata.g_desktop_icons  app_ui.o
    0x0800e218   0x0800e218   0x00000030   Data   RO          159    .rodata.g_key_labels  app_ui.o
    0x0800e248   0x0800e248   0x00000004   Data   RO          194    .rodata.g_password  app_runtime.o
    0x0800e24c   0x0800e24c   0x0000022d   Data   RO           25    .rodata.str1.1      main.o
    0x0800e479   0x0800e479   0x00000317   Data   RO          154    .rodata.str1.1      app_ui.o
    0x0800e790   0x0800e790   0x00000376   Data   RO          326    .rodata.str1.1      app_files.o
    0x0800eb06   0x0800eb06   0x0000002c   Data   RO          757    .rodata.str1.1      ft5206.o
    0x0800eb32   0x0800eb32   0x000000b1   Data   RO          821    .rodata.str1.1      touch.o
    0x0800ebe3   0x0800ebe3   0x00000014   Data   RO         1414    .rodata.str1.1      tasks.o
    0x0800ebf7   0x0800ebf7   0x0000000d   Data   RO         1481    .rodata.str1.1      timers.o
    0x0800ec04   0x0800ec04   0x00000004   Data   RO         1411    .rodata.uxTopUsedPriority  tasks.o
    0x0800ec08   0x0800ec08   0x00000020   Data   RO         1929    Region$$Table       anon$$obj.o
    0x0800ec28   0x0800ec28   0x0000001c   Data   RO         1785    locale$$data        c_w.l(lc_numeric_c.o)


    Execution Region RW_IRAM2 (Exec base: 0x24000000, Load base: 0x0800ec48, Size: 0x00029d98, Max: 0x00080000, ABSOLUTE)

    Exec Addr    Load Addr    Size         Type   Attr      Idx    E Section Name        Object

    0x24000000   0x0800ec48   0x00000004   Data   RW           39    .ARM.use_no_argv    main.o
    0x24000004   0x0800ec4c   0x00000004   Data   RW          618    .data.g_back_color  lcd.o
    0x24000008   0x0800ec50   0x00000004   Data   RW           27    .data.g_controller_id  main.o
    0x2400000c   0x0800ec54   0x00000001   Data   RW          783    .data.g_gt_cmd_rd   gt9xxx.o
    0x2400000d   0x0800ec55   0x00000001   Data   RW          782    .data.g_gt_cmd_wr   gt9xxx.o
    0x2400000e   0x0800ec56   0x00000001   Data   RW          781    .data.g_gt_tnum     gt9xxx.o
    0x2400000f   0x0800ec57   0x00000001   Data   RW         1031    .data.g_sd_status   diskio.o
    0x24000010   0x0800ec58   0x00000001   Data   RW          153    .data.g_selected_icon  app_ui.o
    0x24000011   0x0800ec59   0x00000003   PAD
    0x24000014   0x0800ec5c   0x00000048   Data   RW          820    .data.tp_dev        touch.o
    0x2400005c   0x0800eca4   0x00000004   Data   RW         1523    .data.uxCriticalNesting  port.o
    0x24000060        -       0x00000060   Zero   RW         1802    .bss                c_w.l(libspace.o)
    0x240000c0        -       0x0000055c   Zero   RW          274    .bss.AppStorageTask.response  app_storage.o
    0x2400061c        -       0x00000010   Zero   RW          882    .bss.CID_Tab        sdmmc_sdcard.o
    0x2400062c        -       0x00000010   Zero   RW          884    .bss.CSD_Tab        sdmmc_sdcard.o
    0x2400063c        -       0x00000001   Zero   RW          881    .bss.CardType       sdmmc_sdcard.o
    0x2400063d   0x0800eca8   0x00000003   PAD
    0x24000640        -       0x00000004   Zero   RW         1010    .bss.FatFs          ff.o
    0x24000644        -       0x00000002   Zero   RW         1011    .bss.Fsid           ff.o
    0x24000646   0x0800eca8   0x00000002   PAD
    0x24000648        -       0x00000004   Zero   RW          883    .bss.RCA            sdmmc_sdcard.o
    0x2400064c   0x0800eca8   0x00000004   PAD
    0x24000650        -       0x00000058   Zero   RW          880    .bss.SDCardInfo     sdmmc_sdcard.o
    0x240006a8        -       0x00000200   Zero   RW          886    .bss.SDMMC_DATA_BUFFER  sdmmc_sdcard.o
    0x240008a8        -       0x00000054   Zero   RW          490    .bss.__stdout       usart.o
    0x240008fc        -       0x0000055c   Zero   RW          327    .bss.app_files_update.response  app_files.o
    0x24000e58        -       0x00000001   Zero   RW          759    .bss.ft5206_scan.t  ft5206.o
    0x24000e59   0x0800eca8   0x00000003   PAD
    0x24000e5c        -       0x00000004   Zero   RW          269    .bss.g_binary_response_queue  app_storage.o
    0x24000e60        -       0x00000004   Zero   RW          273    .bss.g_capacity_mb  app_storage.o
    0x24000e64        -       0x00000300   Zero   RW          160    .bss.g_cursor_background  app_ui.o
    0x24001164        -       0x00000001   Zero   RW          152    .bss.g_cursor_visible  app_ui.o
    0x24001165   0x0800eca8   0x00000001   PAD
    0x24001166        -       0x00000002   Zero   RW          156    .bss.g_cursor_x     app_ui.o
    0x24001168        -       0x00000002   Zero   RW          157    .bss.g_cursor_y     app_ui.o
    0x2400116a   0x0800eca8   0x00000002   PAD
    0x2400116c        -       0x00002050   Zero   RW          371    .bss.g_draw         app_draw.o
    0x240031bc        -       0x00000004   Zero   RW           54    .bss.g_dropped_count  app_input.o
    0x240031c0        -       0x00000004   Zero   RW          427    .bss.g_fac_us       delay.o
    0x240031c4        -       0x000005f0   Zero   RW          325    .bss.g_files        app_files.o
    0x240037b4        -       0x00000008   Zero   RW           34    .bss.g_input_context  main.o
    0x240037bc        -       0x00000004   Zero   RW           36    .bss.g_input_task_handle  main.o
    0x240037c0        -       0x00002010   Zero   RW          373    .bss.g_io_document  app_draw.o
    0x240057d0        -       0x00001008   Zero   RW          411    .bss.g_log_repository  app_logs.o
    0x240067d8        -       0x00000004   Zero   RW          270    .bss.g_log_response_queue  app_storage.o
    0x240067dc        -       0x0000284c   Zero   RW          412    .bss.g_logs_view    app_logs.o
    0x24009028        -       0x00000008   Zero   RW          657    .bss.g_ltdc_framebuf  ltdc.o
    0x24009030        -       0x0000000c   Zero   RW           38    .bss.g_monitor_context  main.o
    0x2400903c        -       0x0000001c   Zero   RW          206    .bss.g_monitor_snapshot  app_monitor.o
    0x24009058        -       0x00000005   Zero   RW           28    .bss.g_product_id   main.o
    0x2400905d   0x0800eca8   0x00000003   PAD
    0x24009060        -       0x00000004   Zero   RW          267    .bss.g_request_queue  app_storage.o
    0x24009064        -       0x00000004   Zero   RW          268    .bss.g_response_queue  app_storage.o
    0x24009068        -       0x0000000c   Zero   RW           35    .bss.g_runtime_context  main.o
    0x24009074        -       0x00000004   Zero   RW           37    .bss.g_runtime_task_handle  main.o
    0x24009078        -       0x00000230   Zero   RW          275    .bss.g_sd_filesystem  app_storage.o
    0x240092a8        -       0x00000004   Zero   RW           53    .bss.g_sent_count   app_input.o
    0x240092ac        -       0x00000001   Zero   RW          272    .bss.g_storage_state  app_storage.o
    0x240092ad        -       0x00000001   Zero   RW           26    .bss.g_touch_ok     main.o
    0x240092ae   0x0800eca8   0x00000002   PAD
    0x240092b0        -       0x00000004   Zero   RW           33    .bss.g_touch_queue  main.o
    0x240092b4        -       0x000000c8   Zero   RW          489    .bss.g_usart_rx_buf  usart.o
    0x2400937c        -       0x00000002   Zero   RW          488    .bss.g_usart_rx_sta  usart.o
    0x2400937e        -       0x00000001   Zero   RW          786    .bss.gt9xxx_scan.t  gt9xxx.o
    0x2400937f   0x0800eca8   0x00000001   PAD
    0x24009380        -       0x0000000e   Zero   RW          619    .bss.lcddev         lcd.o
    0x2400938e   0x0800eca8   0x00000002   PAD
    0x24009390        -       0x00000020   Zero   RW          656    .bss.lcdltdc        ltdc.o
    0x240093b0        -       0x00000004   Zero   RW         1485    .bss.prvSampleTimeNow.xLastTime  timers.o
    0x240093b4        -       0x00000004   Zero   RW         1394    .bss.pxCurrentTCB   tasks.o
    0x240093b8        -       0x00000004   Zero   RW         1483    .bss.pxCurrentTimerList  timers.o
    0x240093bc        -       0x00000004   Zero   RW         1404    .bss.pxDelayedTaskList  tasks.o
    0x240093c0        -       0x00000004   Zero   RW         1553    .bss.pxEnd          heap_4.o
    0x240093c4        -       0x00000004   Zero   RW         1405    .bss.pxOverflowDelayedTaskList  tasks.o
    0x240093c8        -       0x00000004   Zero   RW         1484    .bss.pxOverflowTimerList  timers.o
    0x240093cc        -       0x000000a0   Zero   RW         1395    .bss.pxReadyTasksLists  tasks.o
    0x2400946c        -       0x00000001   Zero   RW           31    .bss.touch_bus_scl  main.o
    0x2400946d        -       0x00000001   Zero   RW           32    .bss.touch_bus_sda  main.o
    0x2400946e        -       0x00000001   Zero   RW           29    .bss.touch_scan_count  main.o
    0x2400946f        -       0x00000001   Zero   RW           30    .bss.touch_scan_first  main.o
    0x24009470        -       0x00020000   Zero   RW         1556    .bss.ucHeap         heap_4.o
    0x24029470        -       0x00000001   Zero   RW         1521    .bss.ucMaxSysCallPriority  port.o
    0x24029471   0x0800eca8   0x00000003   PAD
    0x24029474        -       0x00000004   Zero   RW         1522    .bss.ulMaxPRIGROUPValue  port.o
    0x24029478        -       0x00000004   Zero   RW         1401    .bss.uxCurrentNumberOfTasks  tasks.o
    0x2402947c        -       0x00000004   Zero   RW         1400    .bss.uxDeletedTasksWaitingCleanUp  tasks.o
    0x24029480        -       0x00000004   Zero   RW         1402    .bss.uxSchedulerSuspended  tasks.o
    0x24029484        -       0x00000004   Zero   RW         1397    .bss.uxTaskNumber   tasks.o
    0x24029488        -       0x00000004   Zero   RW         1396    .bss.uxTopReadyPriority  tasks.o
    0x2402948c        -       0x00000014   Zero   RW         1486    .bss.xActiveTimerList1  timers.o
    0x240294a0        -       0x00000014   Zero   RW         1487    .bss.xActiveTimerList2  timers.o
    0x240294b4        -       0x00000014   Zero   RW         1415    .bss.xDelayedTaskList1  tasks.o
    0x240294c8        -       0x00000014   Zero   RW         1416    .bss.xDelayedTaskList2  tasks.o
    0x240294dc        -       0x00000004   Zero   RW         1554    .bss.xFreeBytesRemaining  heap_4.o
    0x240294e0        -       0x00000004   Zero   RW         1410    .bss.xIdleTaskHandles  tasks.o
    0x240294e4        -       0x00000004   Zero   RW         1557    .bss.xMinimumEverFreeBytesRemaining  heap_4.o
    0x240294e8        -       0x00000004   Zero   RW         1409    .bss.xNextTaskUnblockTime  tasks.o
    0x240294ec        -       0x00000004   Zero   RW         1413    .bss.xNumOfOverflows  tasks.o
    0x240294f0        -       0x00000004   Zero   RW         1558    .bss.xNumberOfSuccessfulAllocations  heap_4.o
    0x240294f4        -       0x00000004   Zero   RW         1559    .bss.xNumberOfSuccessfulFrees  heap_4.o
    0x240294f8        -       0x00000004   Zero   RW         1412    .bss.xPendedTicks   tasks.o
    0x240294fc        -       0x00000014   Zero   RW         1406    .bss.xPendingReadyList  tasks.o
    0x24029510        -       0x00000040   Zero   RW         1173    .bss.xQueueRegistry  queue.o
    0x24029550        -       0x00000004   Zero   RW         1398    .bss.xSchedulerRunning  tasks.o
    0x24029554        -       0x00000008   Zero   RW         1555    .bss.xStart         heap_4.o
    0x2402955c        -       0x00000014   Zero   RW         1407    .bss.xSuspendedTaskList  tasks.o
    0x24029570        -       0x00000014   Zero   RW         1399    .bss.xTasksWaitingTermination  tasks.o
    0x24029584        -       0x00000004   Zero   RW         1403    .bss.xTickCount     tasks.o
    0x24029588        -       0x00000004   Zero   RW         1480    .bss.xTimerQueue    timers.o
    0x2402958c        -       0x00000004   Zero   RW         1482    .bss.xTimerTaskHandle  timers.o
    0x24029590        -       0x00000004   Zero   RW         1408    .bss.xYieldPendings  tasks.o
    0x24029594   0x0800eca8   0x00000004   PAD
    0x24029598        -       0x00000000   Zero   RW            2    HEAP                startup_stm32h743xx.o
    0x24029598        -       0x00000800   Zero   RW            1    STACK               startup_stm32h743xx.o



  Load Region LR_IROM2 (Base: 0x08100000, Size: 0x0000ebc0, Max: 0x00100000, ABSOLUTE)

    Execution Region ER_IROM2 (Exec base: 0x08100000, Load base: 0x08100000, Size: 0x0000ebc0, Max: 0x00100000, ABSOLUTE)

    Exec Addr    Load Addr    Size         Type   Attr      Idx    E Section Name        Object

    0x08100000   0x08100000   0x00000000   Code   RO         1690    .ARM.Collect$$_printf_percent$$00000000  c_w.l(_printf_percent.o)
    0x08100000   0x08100000   0x00000006   Code   RO         1679    .ARM.Collect$$_printf_percent$$00000001  c_w.l(_printf_n.o)
    0x08100006   0x08100006   0x00000006   Code   RO         1681    .ARM.Collect$$_printf_percent$$00000002  c_w.l(_printf_p.o)
    0x0810000c   0x0810000c   0x00000006   Code   RO         1686    .ARM.Collect$$_printf_percent$$00000003  c_w.l(_printf_f.o)
    0x08100012   0x08100012   0x00000006   Code   RO         1687    .ARM.Collect$$_printf_percent$$00000004  c_w.l(_printf_e.o)
    0x08100018   0x08100018   0x00000006   Code   RO         1688    .ARM.Collect$$_printf_percent$$00000005  c_w.l(_printf_g.o)
    0x0810001e   0x0810001e   0x00000006   Code   RO         1689    .ARM.Collect$$_printf_percent$$00000006  c_w.l(_printf_a.o)
    0x08100024   0x08100024   0x0000000a   Code   RO         1694    .ARM.Collect$$_printf_percent$$00000007  c_w.l(_printf_ll.o)
    0x0810002e   0x0810002e   0x00000006   Code   RO         1683    .ARM.Collect$$_printf_percent$$00000008  c_w.l(_printf_i.o)
    0x08100034   0x08100034   0x00000006   Code   RO         1684    .ARM.Collect$$_printf_percent$$00000009  c_w.l(_printf_d.o)
    0x0810003a   0x0810003a   0x00000006   Code   RO         1685    .ARM.Collect$$_printf_percent$$0000000A  c_w.l(_printf_u.o)
    0x08100040   0x08100040   0x00000006   Code   RO         1682    .ARM.Collect$$_printf_percent$$0000000B  c_w.l(_printf_o.o)
    0x08100046   0x08100046   0x00000006   Code   RO         1680    .ARM.Collect$$_printf_percent$$0000000C  c_w.l(_printf_x.o)
    0x0810004c   0x0810004c   0x00000006   Code   RO         1691    .ARM.Collect$$_printf_percent$$0000000D  c_w.l(_printf_lli.o)
    0x08100052   0x08100052   0x00000006   Code   RO         1692    .ARM.Collect$$_printf_percent$$0000000E  c_w.l(_printf_lld.o)
    0x08100058   0x08100058   0x00000006   Code   RO         1693    .ARM.Collect$$_printf_percent$$0000000F  c_w.l(_printf_llu.o)
    0x0810005e   0x0810005e   0x00000006   Code   RO         1698    .ARM.Collect$$_printf_percent$$00000010  c_w.l(_printf_llo.o)
    0x08100064   0x08100064   0x00000006   Code   RO         1699    .ARM.Collect$$_printf_percent$$00000011  c_w.l(_printf_llx.o)
    0x0810006a   0x0810006a   0x0000000a   Code   RO         1695    .ARM.Collect$$_printf_percent$$00000012  c_w.l(_printf_l.o)
    0x08100074   0x08100074   0x00000006   Code   RO         1677    .ARM.Collect$$_printf_percent$$00000013  c_w.l(_printf_c.o)
    0x0810007a   0x0810007a   0x00000006   Code   RO         1678    .ARM.Collect$$_printf_percent$$00000014  c_w.l(_printf_s.o)
    0x08100080   0x08100080   0x00000006   Code   RO         1696    .ARM.Collect$$_printf_percent$$00000015  c_w.l(_printf_lc.o)
    0x08100086   0x08100086   0x00000006   Code   RO         1697    .ARM.Collect$$_printf_percent$$00000016  c_w.l(_printf_ls.o)
    0x0810008c   0x0810008c   0x00000004   Code   RO         1740    .ARM.Collect$$_printf_percent$$00000017  c_w.l(_printf_percent_end.o)
    0x08100090   0x08100090   0x00000048   Code   RO            4    .text               startup_stm32h743xx.o
    0x081000d8   0x081000d8   0x00000058   Code   RO         1576    .text               c_w.l(memcmp.o)
    0x08100130   0x08100130   0x0000003e   Code   RO         1582    .text               c_w.l(strlen.o)
    0x0810016e   0x0810016e   0x00000010   Code   RO         1590    .text               c_w.l(aeabi_memset4.o)
    0x0810017e   0x0810017e   0x0000004e   Code   RO         1594    .text               c_w.l(rt_memclr_w.o)
    0x081001cc   0x081001cc   0x00000004   PAD
    0x081001d0   0x081001d0   0x0000007c   Code   RO         1596    .text               c_w.l(strcmpv7m_pel.o)
    0x0810024c   0x0810024c   0x00000052   Code   RO         1611    .text               c_w.l(_printf_str.o)
    0x0810029e   0x0810029e   0x00000002   PAD
    0x081002a0   0x081002a0   0x00000078   Code   RO         1613    .text               c_w.l(_printf_dec.o)
    0x08100318   0x08100318   0x00000024   Code   RO         1623    .text               c_w.l(_printf_char_file.o)
    0x0810033c   0x0810033c   0x000000bc   Code   RO         1625    .text               c_w.l(_printf_wctomb.o)
    0x081003f8   0x081003f8   0x00000070   Code   RO         1634    .text               c_w.l(_printf_oct_int_ll.o)
    0x08100468   0x08100468   0x00000094   Code   RO         1654    .text               c_w.l(_printf_hex_int_ll_ptr.o)
    0x081004fc   0x081004fc   0x0000008a   Code   RO         1723    .text               c_w.l(lludiv10.o)
    0x08100586   0x08100586   0x000000b2   Code   RO         1725    .text               c_w.l(_printf_intcommon.o)
    0x08100638   0x08100638   0x0000002c   Code   RO         1736    .text               c_w.l(_printf_char.o)
    0x08100664   0x08100664   0x00000010   Code   RO         1749    .text               c_w.l(rt_ctype_table.o)
    0x08100674   0x08100674   0x00000080   Code   RO         1756    .text               c_w.l(_printf_fp_infnan.o)
    0x081006f4   0x081006f4   0x000000e4   Code   RO         1758    .text               c_w.l(bigflt0.o)
    0x081007d8   0x081007d8   0x00000128   Code   RO          204    .text.AppMonitorTask  app_monitor.o
    0x08100900   0x08100900   0x00000062   Code   RO          848    .text.CmdError      sdmmc_sdcard.o
    0x08100962   0x08100962   0x00000006   PAD
    0x08100968   0x08100968   0x000000b4   Code   RO          852    .text.CmdResp1Error  sdmmc_sdcard.o
    0x08100a1c   0x08100a1c   0x00000004   PAD
    0x08100a20   0x08100a20   0x000000ae   Code   RO          858    .text.CmdResp2Error  sdmmc_sdcard.o
    0x08100ace   0x08100ace   0x00000002   PAD
    0x08100ad0   0x08100ad0   0x00000066   Code   RO          854    .text.CmdResp3Error  sdmmc_sdcard.o
    0x08100b36   0x08100b36   0x00000002   PAD
    0x08100b38   0x08100b38   0x000001ba   Code   RO          870    .text.FindSCR       sdmmc_sdcard.o
    0x08100cf2   0x08100cf2   0x00000006   PAD
    0x08100cf8   0x08100cf8   0x00000044   Code   RO          516    .text.MemManage_Handler  mpu.o
    0x08100d3c   0x08100d3c   0x00000004   PAD
    0x08100d40   0x08100d40   0x00000064   Code   RO         1503    .text.PendSV_Handler  port.o
    0x08100da4   0x08100da4   0x00000004   PAD
    0x08100da8   0x08100da8   0x0000004e   Code   RO          844    .text.SDMMC_Send_Cmd  sdmmc_sdcard.o
    0x08100df6   0x08100df6   0x00000002   PAD
    0x08100df8   0x08100df8   0x0000006a   Code   RO          846    .text.SDMMC_Send_Data_Cfg  sdmmc_sdcard.o
    0x08100e62   0x08100e62   0x00000006   PAD
    0x08100e68   0x08100e68   0x0000024a   Code   RO          832    .text.SD_PowerON    sdmmc_sdcard.o
    0x081010b2   0x081010b2   0x00000006   PAD
    0x081010b8   0x081010b8   0x000002ec   Code   RO          864    .text.SD_ReadBlocks  sdmmc_sdcard.o
    0x081013a4   0x081013a4   0x00000004   PAD
    0x081013a8   0x081013a8   0x0000001c   Code   RO          838    .text.SD_SelectDeselect  sdmmc_sdcard.o
    0x081013c4   0x081013c4   0x00000004   PAD
    0x081013c8   0x081013c8   0x00000504   Code   RO          866    .text.SD_WriteBlocks  sdmmc_sdcard.o
    0x081018cc   0x081018cc   0x00000004   PAD
    0x081018d0   0x081018d0   0x000000cc   Code   RO          878    .text.SD_WriteDisk  sdmmc_sdcard.o
    0x0810199c   0x0810199c   0x00000004   PAD
    0x081019a0   0x081019a0   0x00000020   Code   RO         1499    .text.SVC_Handler   port.o
    0x081019c0   0x081019c0   0x00000042   Code   RO         1517    .text.SysTick_Handler  port.o
    0x08101a02   0x08101a02   0x00000006   PAD
    0x08101a08   0x08101a08   0x000000e2   Code   RO          484    .text.USART1_IRQHandler  usart.o
    0x08101aea   0x08101aea   0x00000006   PAD
    0x08101af0   0x08101af0   0x0000006c   Code   RO          363    .text.app_draw_copy_text  app_draw.o
    0x08101b5c   0x08101b5c   0x00000004   PAD
    0x08101b60   0x08101b60   0x00000082   Code   RO          367    .text.app_draw_crc32  app_draw.o
    0x08101be2   0x08101be2   0x00000006   PAD
    0x08101be8   0x08101be8   0x00000144   Code   RO          361    .text.app_draw_document_is_valid  app_draw.o
    0x08101d2c   0x08101d2c   0x00000004   PAD
    0x08101d30   0x08101d30   0x00000246   Code   RO          345    .text.app_draw_handle_event  app_draw.o
    0x08101f76   0x08101f76   0x00000002   PAD
    0x08101f78   0x08101f78   0x00000052   Code   RO          353    .text.app_draw_point_is_inside  app_draw.o
    0x08101fca   0x08101fca   0x00000006   PAD
    0x08101fd0   0x08101fd0   0x0000001c   Code   RO          339    .text.app_draw_set_status  app_draw.o
    0x08101fec   0x08101fec   0x00000004   PAD
    0x08101ff0   0x08101ff0   0x0000007a   Code   RO          349    .text.app_draw_submit_open  app_draw.o
    0x0810206a   0x0810206a   0x00000006   PAD
    0x08102070   0x08102070   0x000000c0   Code   RO          347    .text.app_draw_submit_save  app_draw.o
    0x08102130   0x08102130   0x0000000e   Code   RO          293    .text.app_files_close  app_files.o
    0x0810213e   0x0810213e   0x00000002   PAD
    0x08102140   0x08102140   0x00000084   Code   RO          301    .text.app_files_delete_name  app_files.o
    0x081021c4   0x081021c4   0x00000004   PAD
    0x081021c8   0x081021c8   0x00000070   Code   RO          319    .text.app_files_error_text  app_files.o
    0x08102238   0x08102238   0x0000028c   Code   RO          309    .text.app_files_handle_response  app_files.o
    0x081024c4   0x081024c4   0x00000004   PAD
    0x081024c8   0x081024c8   0x00000062   Code   RO          323    .text.app_files_is_text_file  app_files.o
    0x0810252a   0x0810252a   0x00000006   PAD
    0x08102530   0x08102530   0x0000006a   Code   RO          317    .text.app_files_name_exists  app_files.o
    0x0810259a   0x0810259a   0x00000006   PAD
    0x081025a0   0x081025a0   0x00000042   Code   RO          285    .text.app_files_open  app_files.o
    0x081025e2   0x081025e2   0x00000006   PAD
    0x081025e8   0x081025e8   0x0000001c   Code   RO          287    .text.app_files_set_status  app_files.o
    0x08102604   0x08102604   0x00000004   PAD
    0x08102608   0x08102608   0x0000002c   Code   RO           47    .text.app_input_get_stats  app_input.o
    0x08102634   0x08102634   0x00000004   PAD
    0x08102638   0x08102638   0x0000003e   Code   RO           51    .text.app_input_send  app_input.o
    0x08102676   0x08102676   0x00000002   PAD
    0x08102678   0x08102678   0x00000098   Code   RO          383    .text.app_logs_add  app_logs.o
    0x08102710   0x08102710   0x00000048   Code   RO          399    .text.app_logs_clear  app_logs.o
    0x08102758   0x08102758   0x00000010   Code   RO          395    .text.app_logs_close  app_logs.o
    0x08102768   0x08102768   0x0000010a   Code   RO          407    .text.app_logs_format_time  app_logs.o
    0x08102872   0x08102872   0x00000006   PAD
    0x08102878   0x08102878   0x0000003c   Code   RO          387    .text.app_logs_open  app_logs.o
    0x081028b4   0x081028b4   0x00000004   PAD
    0x081028b8   0x081028b8   0x00000042   Code   RO          393    .text.app_logs_redraw  app_logs.o
    0x081028fa   0x081028fa   0x00000006   PAD
    0x08102900   0x08102900   0x00000172   Code   RO          391    .text.app_logs_take_snapshot  app_logs.o
    0x08102a72   0x08102a72   0x00000006   PAD
    0x08102a78   0x08102a78   0x000000b4   Code   RO          403    .text.app_logs_update  app_logs.o
    0x08102b2c   0x08102b2c   0x00000004   PAD
    0x08102b30   0x08102b30   0x0000004a   Code   RO          202    .text.app_monitor_get_snapshot  app_monitor.o
    0x08102b7a   0x08102b7a   0x00000006   PAD
    0x08102b80   0x08102b80   0x00000078   Code   RO          187    .text.app_runtime_application_name  app_runtime.o
    0x08102bf8   0x08102bf8   0x00000014   Code   RO          189    .text.app_runtime_deadline_reached  app_runtime.o
    0x08102c0c   0x08102c0c   0x00000004   PAD
    0x08102c10   0x08102c10   0x00000068   Code   RO          183    .text.app_runtime_enter_desktop  app_runtime.o
    0x08102c78   0x08102c78   0x0000004a   Code   RO          191    .text.app_runtime_enter_login  app_runtime.o
    0x08102cc2   0x08102cc2   0x00000006   PAD
    0x08102cc8   0x08102cc8   0x000000d6   Code   RO          179    .text.app_runtime_submit_pin  app_runtime.o
    0x08102d9e   0x08102d9e   0x00000002   PAD
    0x08102da0   0x08102da0   0x0000011a   Code   RO          177    .text.app_runtime_update  app_runtime.o
    0x08102eba   0x08102eba   0x00000006   PAD
    0x08102ec0   0x08102ec0   0x0000006c   Code   RO          251    .text.app_storage_copy_text  app_storage.o
    0x08102f2c   0x08102f2c   0x00000004   PAD
    0x08102f30   0x08102f30   0x000000c4   Code   RO          255    .text.app_storage_create  app_storage.o
    0x08102ff4   0x08102ff4   0x00000004   PAD
    0x08102ff8   0x08102ff8   0x0000005c   Code   RO          261    .text.app_storage_delete  app_storage.o
    0x08103054   0x08103054   0x00000004   PAD
    0x08103058   0x08103058   0x00000102   Code   RO          215    .text.app_storage_init  app_storage.o
    0x0810315a   0x0810315a   0x00000006   PAD
    0x08103160   0x08103160   0x0000002a   Code   RO          245    .text.app_storage_make_path  app_storage.o
    0x0810318a   0x0810318a   0x00000006   PAD
    0x08103190   0x08103190   0x0000008c   Code   RO          249    .text.app_storage_map_result  app_storage.o
    0x0810321c   0x0810321c   0x00000004   PAD
    0x08103220   0x08103220   0x000000a0   Code   RO          237    .text.app_storage_process  app_storage.o
    0x081032c0   0x081032c0   0x000000a6   Code   RO          257    .text.app_storage_read  app_storage.o
    0x08103366   0x08103366   0x00000002   PAD
    0x08103368   0x08103368   0x00000104   Code   RO          239    .text.app_storage_read_binary  app_storage.o
    0x0810346c   0x0810346c   0x00000004   PAD
    0x08103470   0x08103470   0x0000003c   Code   RO          219    .text.app_storage_receive  app_storage.o
    0x081034ac   0x081034ac   0x00000004   PAD
    0x081034b0   0x081034b0   0x0000003c   Code   RO          223    .text.app_storage_receive_log  app_storage.o
    0x081034ec   0x081034ec   0x00000004   PAD
    0x081034f0   0x081034f0   0x00000098   Code   RO          247    .text.app_storage_recover_binary_target  app_storage.o
    0x08103588   0x08103588   0x00000066   Code   RO          263    .text.app_storage_set_file_type  app_storage.o
    0x081035ee   0x081035ee   0x00000002   PAD
    0x081035f0   0x081035f0   0x000001ac   Code   RO          265    .text.app_storage_sort_files  app_storage.o
    0x0810379c   0x0810379c   0x00000004   PAD
    0x081037a0   0x081037a0   0x0000003e   Code   RO          217    .text.app_storage_submit  app_storage.o
    0x081037de   0x081037de   0x00000002   PAD
    0x081037e0   0x081037e0   0x0000004e   Code   RO          100    .text.app_ui_back_button_at  app_ui.o
    0x0810382e   0x0810382e   0x00000002   PAD
    0x08103830   0x08103830   0x000000a2   Code   RO           88    .text.app_ui_cursor_hide  app_ui.o
    0x081038d2   0x081038d2   0x00000006   PAD
    0x081038d8   0x081038d8   0x0000009a   Code   RO           96    .text.app_ui_desktop_icon_at  app_ui.o
    0x08103972   0x08103972   0x00000006   PAD
    0x08103978   0x08103978   0x000000ca   Code   RO          110    .text.app_ui_draw_color_button  app_ui.o
    0x08103a42   0x08103a42   0x00000006   PAD
    0x08103a48   0x08103a48   0x000000f2   Code   RO           84    .text.app_ui_draw_icon  app_ui.o
    0x08103b3a   0x08103b3a   0x00000006   PAD
    0x08103b40   0x08103b40   0x000000ba   Code   RO           70    .text.app_ui_draw_key  app_ui.o
    0x08103bfa   0x08103bfa   0x00000006   PAD
    0x08103c00   0x08103c00   0x000000a8   Code   RO          124    .text.app_ui_draw_log_button  app_ui.o
    0x08103ca8   0x08103ca8   0x00000084   Code   RO          146    .text.app_ui_draw_metric_panel  app_ui.o
    0x08103d2c   0x08103d2c   0x00000004   PAD
    0x08103d30   0x08103d30   0x000001a2   Code   RO          142    .text.app_ui_files_action_at  app_ui.o
    0x08103ed2   0x08103ed2   0x00000006   PAD
    0x08103ed8   0x08103ed8   0x00000092   Code   RO          140    .text.app_ui_files_row_at  app_ui.o
    0x08103f6a   0x08103f6a   0x00000006   PAD
    0x08103f70   0x08103f70   0x000000b2   Code   RO          128    .text.app_ui_logs_action_at  app_ui.o
    0x08104022   0x08104022   0x00000006   PAD
    0x08104028   0x08104028   0x00000114   Code   RO           98    .text.app_ui_select_desktop_icon  app_ui.o
    0x0810413c   0x0810413c   0x00000004   PAD
    0x08104140   0x08104140   0x000000f8   Code   RO          102    .text.app_ui_show_application  app_ui.o
    0x08104238   0x08104238   0x00000062   Code   RO          112    .text.app_ui_show_draw  app_ui.o
    0x0810429a   0x0810429a   0x00000006   PAD
    0x081042a0   0x081042a0   0x00000468   Code   RO          130    .text.app_ui_show_files_list  app_ui.o
    0x08104708   0x08104708   0x000000c4   Code   RO          134    .text.app_ui_show_files_status  app_ui.o
    0x081047cc   0x081047cc   0x00000004   PAD
    0x081047d0   0x081047d0   0x000000fe   Code   RO           64    .text.app_ui_show_text  app_ui.o
    0x081048ce   0x081048ce   0x00000002   PAD
    0x081048d0   0x081048d0   0x0000003a   Code   RO          150    .text.app_ui_text_width  app_ui.o
    0x0810490a   0x0810490a   0x00000006   PAD
    0x08104910   0x08104910   0x0000008e   Code   RO           86    .text.app_ui_update_desktop_time  app_ui.o
    0x0810499e   0x0810499e   0x00000002   PAD
    0x081049a0   0x081049a0   0x00000198   Code   RO          106    .text.app_ui_update_draw_controls  app_ui.o
    0x08104b38   0x08104b38   0x00000068   Code   RO           80    .text.app_ui_update_locked  app_ui.o
    0x08104ba0   0x08104ba0   0x00000158   Code   RO           72    .text.app_ui_update_login  app_ui.o
    0x08104cf8   0x08104cf8   0x0000024e   Code   RO          148    .text.app_ui_update_monitor  app_ui.o
    0x08104f46   0x08104f46   0x00000002   PAD
    0x08104f48   0x08104f48   0x0000003a   Code   RO          686    .text.at24cxx_read  24cxx.o
    0x08104f82   0x08104f82   0x00000006   PAD
    0x08104f88   0x08104f88   0x0000003c   Code   RO         1004    .text.chk_chr       ff.o
    0x08104fc4   0x08104fc4   0x00000004   PAD
    0x08104fc8   0x08104fc8   0x000001e2   Code   RO          934    .text.create_chain  ff.o
    0x081051aa   0x081051aa   0x00000006   PAD
    0x081051b0   0x081051b0   0x00000058   Code   RO          732    .text.ct_iic_ack    ctiic.o
    0x08105208   0x08105208   0x00000028   Code   RO          740    .text.ct_iic_check_device  ctiic.o
    0x08105230   0x08105230   0x0000000a   Code   RO          728    .text.ct_iic_delay  ctiic.o
    0x0810523a   0x0810523a   0x00000006   PAD
    0x08105240   0x08105240   0x00000044   Code   RO          734    .text.ct_iic_nack   ctiic.o
    0x08105284   0x08105284   0x00000004   PAD
    0x08105288   0x08105288   0x00000098   Code   RO          738    .text.ct_iic_read_byte  ctiic.o
    0x08105320   0x08105320   0x00000054   Code   RO          726    .text.ct_iic_start  ctiic.o
    0x08105374   0x08105374   0x00000004   PAD
    0x08105378   0x08105378   0x0000008e   Code   RO          730    .text.ct_iic_wait_ack  ctiic.o
    0x08105406   0x08105406   0x00000002   PAD
    0x08105408   0x08105408   0x00000020   Code   RO         1000    .text.dbc_1st       ff.o
    0x08105428   0x08105428   0x0000001a   Code   RO          425    .text.delay_ms      delay.o
    0x08105442   0x08105442   0x00000006   PAD
    0x08105448   0x08105448   0x000000a2   Code   RO         1006    .text.dir_alloc     ff.o
    0x081054ea   0x081054ea   0x00000006   PAD
    0x081054f0   0x081054f0   0x000000a4   Code   RO          974    .text.dir_clear     ff.o
    0x08105594   0x08105594   0x00000004   PAD
    0x08105598   0x08105598   0x00000150   Code   RO          956    .text.dir_next      ff.o
    0x081056e8   0x081056e8   0x0000011a   Code   RO          894    .text.dir_sdi       ff.o
    0x08105802   0x08105802   0x00000006   PAD
    0x08105808   0x08105808   0x00000054   Code   RO         1023    .text.disk_initialize  diskio.o
    0x0810585c   0x0810585c   0x00000004   PAD
    0x08105860   0x08105860   0x000000d2   Code   RO         1029    .text.disk_ioctl    diskio.o
    0x08105932   0x08105932   0x00000006   PAD
    0x08105938   0x08105938   0x00000060   Code   RO         1025    .text.disk_read     diskio.o
    0x08105998   0x08105998   0x0000002e   Code   RO         1021    .text.disk_status   diskio.o
    0x081059c6   0x081059c6   0x00000002   PAD
    0x081059c8   0x081059c8   0x0000003e   Code   RO          942    .text.f_close       ff.o
    0x08105a06   0x08105a06   0x00000002   PAD
    0x08105a08   0x08105a08   0x00000338   Code   RO          906    .text.f_open        ff.o
    0x08105d40   0x08105d40   0x000000d2   Code   RO          946    .text.f_opendir     ff.o
    0x08105e12   0x08105e12   0x00000006   PAD
    0x08105e18   0x08105e18   0x0000026c   Code   RO          926    .text.f_read        ff.o
    0x08106084   0x08106084   0x00000004   PAD
    0x08106088   0x08106088   0x0000008a   Code   RO          950    .text.f_readdir     ff.o
    0x08106112   0x08106112   0x00000006   PAD
    0x08106118   0x08106118   0x00000064   Code   RO          958    .text.f_stat        ff.o
    0x0810617c   0x0810617c   0x00000004   PAD
    0x08106180   0x08106180   0x000000ea   Code   RO          936    .text.f_sync        ff.o
    0x0810626a   0x0810626a   0x00000006   PAD
    0x08106270   0x08106270   0x00000124   Code   RO          966    .text.f_unlink      ff.o
    0x08106394   0x08106394   0x00000004   PAD
    0x08106398   0x08106398   0x00000030   Code   RO          482    .text.fputc         usart.o
    0x081063c8   0x081063c8   0x0000007e   Code   RO          749    .text.ft5206_wr_reg  ft5206.o
    0x08106446   0x08106446   0x00000002   PAD
    0x08106448   0x08106448   0x00000132   Code   RO          896    .text.get_fat       ff.o
    0x0810657a   0x0810657a   0x00000006   PAD
    0x08106580   0x08106580   0x000000c4   Code   RO          954    .text.get_fileinfo  ff.o
    0x08106644   0x08106644   0x00000004   PAD
    0x08106648   0x08106648   0x0000007e   Code   RO          777    .text.gt9xxx_pid_valid  gt9xxx.o
    0x081066c6   0x081066c6   0x00000002   PAD
    0x081066c8   0x081066c8   0x0000009a   Code   RO          771    .text.gt9xxx_rd_reg  gt9xxx.o
    0x08106762   0x08106762   0x00000006   PAD
    0x08106768   0x08106768   0x00000404   Code   RO          779    .text.gt9xxx_scan   gt9xxx.o
    0x08106b6c   0x08106b6c   0x00000004   PAD
    0x08106b70   0x08106b70   0x00000092   Code   RO          769    .text.gt9xxx_wr_reg  gt9xxx.o
    0x08106c02   0x08106c02   0x00000006   PAD
    0x08106c08   0x08106c08   0x0000000a   Code   RO          703    .text.iic_delay     myiic.o
    0x08106c12   0x08106c12   0x00000006   PAD
    0x08106c18   0x08106c18   0x00000094   Code   RO          713    .text.iic_read_byte  myiic.o
    0x08106cac   0x08106cac   0x00000004   PAD
    0x08106cb0   0x08106cb0   0x0000004c   Code   RO          701    .text.iic_start     myiic.o
    0x08106cfc   0x08106cfc   0x00000004   PAD
    0x08106d00   0x08106d00   0x0000003e   Code   RO          699    .text.iic_stop      myiic.o
    0x08106d3e   0x08106d3e   0x00000002   PAD
    0x08106d40   0x08106d40   0x00000086   Code   RO          705    .text.iic_wait_ack  myiic.o
    0x08106dc6   0x08106dc6   0x00000002   PAD
    0x08106dc8   0x08106dc8   0x0000007a   Code   RO          587    .text.lcd_clear     lcd.o
    0x08106e42   0x08106e42   0x00000006   PAD
    0x08106e48   0x08106e48   0x00000154   Code   RO          599    .text.lcd_draw_circle  lcd.o
    0x08106f9c   0x08106f9c   0x00000004   PAD
    0x08106fa0   0x08106fa0   0x00000130   Code   RO          593    .text.lcd_draw_line  lcd.o
    0x081070d0   0x081070d0   0x00000090   Code   RO          597    .text.lcd_draw_rectangle  lcd.o
    0x08107160   0x08107160   0x0000036e   Code   RO          557    .text.lcd_ex_ili9806_reginit  lcd.o
    0x081074ce   0x081074ce   0x00000002   PAD
    0x081074d0   0x081074d0   0x00000182   Code   RO          559    .text.lcd_ex_ssd1963_reginit  lcd.o
    0x08107652   0x08107652   0x00000006   PAD
    0x08107658   0x08107658   0x000001c4   Code   RO          541    .text.lcd_ex_st7789_reginit  lcd.o
    0x0810781c   0x0810781c   0x00000004   PAD
    0x08107820   0x08107820   0x000001e0   Code   RO          551    .text.lcd_ex_st7796_reginit  lcd.o
    0x08107a00   0x08107a00   0x0000013c   Code   RO          601    .text.lcd_fill_circle  lcd.o
    0x08107b3c   0x08107b3c   0x00000004   PAD
    0x08107b40   0x08107b40   0x00000016   Code   RO          569    .text.lcd_opt_delay  lcd.o
    0x08107b56   0x08107b56   0x00000002   PAD
    0x08107b58   0x08107b58   0x0000012e   Code   RO          563    .text.lcd_read_point  lcd.o
    0x08107c86   0x08107c86   0x00000002   PAD
    0x08107c88   0x08107c88   0x0000035c   Code   RO          575    .text.lcd_scan_dir  lcd.o
    0x08107fe4   0x08107fe4   0x00000004   PAD
    0x08107fe8   0x08107fe8   0x00000188   Code   RO          565    .text.lcd_set_cursor  lcd.o
    0x08108170   0x08108170   0x000001da   Code   RO          603    .text.lcd_show_char  lcd.o
    0x0810834a   0x0810834a   0x00000006   PAD
    0x08108350   0x08108350   0x00000060   Code   RO          579    .text.lcd_ssd_backlight_set  lcd.o
    0x081083b0   0x081083b0   0x0000001e   Code   RO          545    .text.lcd_wr_data   lcd.o
    0x081083ce   0x081083ce   0x00000002   PAD
    0x081083d0   0x081083d0   0x00000016   Code   RO          561    .text.lcd_write_ram_prepare  lcd.o
    0x081083e6   0x081083e6   0x00000002   PAD
    0x081083e8   0x081083e8   0x00000036   Code   RO          912    .text.ld_clust      ff.o
    0x0810841e   0x0810841e   0x00000002   PAD
    0x08108420   0x08108420   0x00000034   Code   RO          922    .text.ld_dword      ff.o
    0x08108454   0x08108454   0x00000004   PAD
    0x08108458   0x08108458   0x00000024   Code   RO          962    .text.ld_word       ff.o
    0x0810847c   0x0810847c   0x00000004   PAD
    0x08108480   0x08108480   0x0000002c   Code   RO          644    .text.ltdc_clear    ltdc.o
    0x081084ac   0x081084ac   0x00000004   PAD
    0x081084b0   0x081084b0   0x000001b0   Code   RO          640    .text.ltdc_fill     ltdc.o
    0x08108660   0x08108660   0x000004f6   Code   RO          654    .text.ltdc_init     ltdc.o
    0x08108b56   0x08108b56   0x00000002   PAD
    0x08108b58   0x08108b58   0x00000082   Code   RO          638    .text.ltdc_read_point  ltdc.o
    0x08108bda   0x08108bda   0x00000006   PAD
    0x08108be0   0x08108be0   0x0000002a   Code   RO          924    .text.mem_set       ff.o
    0x08108c0a   0x08108c0a   0x00000006   PAD
    0x08108c10   0x08108c10   0x0000002e   Code   RO          512    .text.mpu_convert_bytes_to_pot  mpu.o
    0x08108c3e   0x08108c3e   0x00000002   PAD
    0x08108c40   0x08108c40   0x000000e0   Code   RO          514    .text.mpu_memory_protection  mpu.o
    0x08108d20   0x08108d20   0x00000126   Code   RO         1260    .text.prvAddCurrentTaskToDelayedList  tasks.o
    0x08108e46   0x08108e46   0x00000002   PAD
    0x08108e48   0x08108e48   0x00000160   Code   RO         1248    .text.prvAddNewTaskToReadyList  tasks.o
    0x08108fa8   0x08108fa8   0x0000008c   Code   RO         1426    .text.prvCheckForValidListAndQueue  timers.o
    0x08109034   0x08109034   0x00000004   PAD
    0x08109038   0x08109038   0x0000005a   Code   RO         1296    .text.prvCheckTasksWaitingTermination  tasks.o
    0x08109092   0x08109092   0x00000006   PAD
    0x08109098   0x08109098   0x000000cc   Code   RO         1107    .text.prvCopyDataToQueue  queue.o
    0x08109164   0x08109164   0x00000004   PAD
    0x08109168   0x08109168   0x00000018   Code   RO         1254    .text.prvDeleteTCB  tasks.o
    0x08109180   0x08109180   0x00000040   Code   RO         1464    .text.prvGetNextExpireTime  timers.o
    0x081091c0   0x081091c0   0x000000aa   Code   RO         1533    .text.prvHeapInit   heap_4.o
    0x0810926a   0x0810926a   0x00000006   PAD
    0x08109270   0x08109270   0x00000038   Code   RO         1390    .text.prvIdleTask   tasks.o
    0x081092a8   0x081092a8   0x00000164   Code   RO         1386    .text.prvInitialiseNewTask  tasks.o
    0x0810940c   0x0810940c   0x00000004   PAD
    0x08109410   0x08109410   0x0000002e   Code   RO         1111    .text.prvIsQueueFull  queue.o
    0x0810943e   0x0810943e   0x00000002   PAD
    0x08109440   0x08109440   0x00000028   Code   RO         1509    .text.prvPortStartFirstTask  port.o
    0x08109468   0x08109468   0x00000044   Code   RO         1470    .text.prvSampleTimeNow  timers.o
    0x081094ac   0x081094ac   0x00000004   PAD
    0x081094b0   0x081094b0   0x00000052   Code   RO         1474    .text.prvSwitchTimerLists  timers.o
    0x08109502   0x08109502   0x00000006   PAD
    0x08109508   0x08109508   0x00000228   Code   RO          528    .text.sdram_init    sdram.o
    0x08109730   0x08109730   0x0000002c   Code   RO          938    .text.st_word       ff.o
    0x0810975c   0x0810975c   0x00000004   PAD
    0x08109760   0x08109760   0x000000c8   Code   RO          940    .text.sync_fs       ff.o
    0x08109828   0x08109828   0x000000ee   Code   RO          463    .text.sys_cache_enable  sys.o
    0x08109916   0x08109916   0x00000002   PAD
    0x08109918   0x08109918   0x000002fc   Code   RO          465    .text.sys_clock_set  sys.o
    0x08109c14   0x08109c14   0x00000004   PAD
    0x08109c18   0x08109c18   0x0000008a   Code   RO          443    .text.sys_gpio_af_set  sys.o
    0x08109ca2   0x08109ca2   0x00000006   PAD
    0x08109ca8   0x08109ca8   0x00000038   Code   RO          447    .text.sys_gpio_pin_set  sys.o
    0x08109ce0   0x08109ce0   0x00000020   Code   RO          435    .text.sys_nvic_set_vector_table  sys.o
    0x08109d00   0x08109d00   0x00000490   Code   RO          798    .text.tp_adjust     touch.o
    0x0810a190   0x0810a190   0x000001b4   Code   RO          810    .text.tp_adjust_info_show  touch.o
    0x0810a344   0x0810a344   0x00000004   PAD
    0x0810a348   0x0810a348   0x000000ca   Code   RO          808    .text.tp_draw_touch_point  touch.o
    0x0810a412   0x0810a412   0x00000006   PAD
    0x0810a418   0x0810a418   0x000002b0   Code   RO          794    .text.tp_init       touch.o
    0x0810a6c8   0x0810a6c8   0x000000cc   Code   RO          802    .text.tp_read_xy2   touch.o
    0x0810a794   0x0810a794   0x00000004   PAD
    0x0810a798   0x0810a798   0x00000026   Code   RO          804    .text.tp_save_adjust_data  touch.o
    0x0810a7be   0x0810a7be   0x00000002   PAD
    0x0810a7c0   0x0810a7c0   0x0000013e   Code   RO          796    .text.tp_scan       touch.o
    0x0810a8fe   0x0810a8fe   0x00000002   PAD
    0x0810a900   0x0810a900   0x00000108   Code   RO          486    .text.usart_init    usart.o
    0x0810aa08   0x0810aa08   0x00000048   Code   RO         1078    .text.uxListRemove  list.o
    0x0810aa50   0x0810aa50   0x0000005c   Code   RO         1346    .text.uxTaskGetStackHighWaterMark  tasks.o
    0x0810aaac   0x0810aaac   0x00000004   PAD
    0x0810aab0   0x0810aab0   0x0000000e   Code   RO         1072    .text.vListInitialiseItem  list.o
    0x0810aabe   0x0810aabe   0x00000002   PAD
    0x0810aac0   0x0810aac0   0x00000014   Code   RO         1507    .text.vPortEnableVFP  port.o
    0x0810aad4   0x0810aad4   0x00000004   PAD
    0x0810aad8   0x0810aad8   0x0000002e   Code   RO         1505    .text.vPortSetupTimerInterrupt  port.o
    0x0810ab06   0x0810ab06   0x00000002   PAD
    0x0810ab08   0x0810ab08   0x00000024   Code   RO         1332    .text.vTaskInternalSetTimeOutState  tasks.o
    0x0810ab2c   0x0810ab2c   0x00000004   PAD
    0x0810ab30   0x0810ab30   0x0000004a   Code   RO         1320    .text.vTaskPlaceOnEventList  tasks.o
    0x0810ab7a   0x0810ab7a   0x00000006   PAD
    0x0810ab80   0x0810ab80   0x00000088   Code   RO         1324    .text.vTaskPlaceOnEventListRestricted  tasks.o
    0x0810ac08   0x0810ac08   0x0000009c   Code   RO         1290    .text.vTaskStartScheduler  tasks.o
    0x0810aca4   0x0810aca4   0x00000004   PAD
    0x0810aca8   0x0810aca8   0x0000000c   Code   RO         1539    .text.xPortGetFreeHeapSize  heap_4.o
    0x0810acb4   0x0810acb4   0x00000004   PAD
    0x0810acb8   0x0810acb8   0x00000118   Code   RO         1087    .text.xQueueGenericReset  queue.o
    0x0810add0   0x0810add0   0x000000e2   Code   RO         1334    .text.xTaskCheckForTimeOut  tasks.o
    0x0810aeb2   0x0810aeb2   0x00000006   PAD
    0x0810aeb8   0x0810aeb8   0x00000014   Code   RO         1300    .text.xTaskGetTickCount  tasks.o
    0x0810aecc   0x0810aecc   0x00000004   PAD
    0x0810aed0   0x0810aed0   0x0000027c   Code   RO         1298    .text.xTaskIncrementTick  tasks.o
    0x0810b14c   0x0810b14c   0x00000004   PAD
    0x0810b150   0x0810b150   0x00000152   Code   RO         1356    .text.xTaskPriorityDisinherit  tasks.o
    0x0810b2a2   0x0810b2a2   0x00000006   PAD
    0x0810b2a8   0x0810b2a8   0x00000074   Code   RO         1424    .text.xTimerCreateTimerTask  timers.o
    0x0810b31c   0x0810b31c   0x00000046   Code   RO         1763    CL$$btod_d2e_denorm_low  c_w.l(btod.o)
    0x0810b362   0x0810b362   0x00000060   Code   RO         1762    CL$$btod_d2e_norm_op1  c_w.l(btod.o)
    0x0810b3c2   0x0810b3c2   0x000000dc   Code   RO         1768    CL$$btod_e2e        c_w.l(btod.o)
    0x0810b49e   0x0810b49e   0x0000002a   Code   RO         1764    CL$$btod_emul       c_w.l(btod.o)
    0x0810b4c8   0x0810b4c8   0x00000244   Code   RO         1770    CL$$btod_mult_common  c_w.l(btod.o)
    0x0810b70c   0x0810b70c   0x00000004   Ven    RO         1940    Veneer$$Code        anon$$obj.o
    0x0810b710   0x0810b710   0x00000004   Ven    RO         1941    Veneer$$Code        anon$$obj.o
    0x0810b714   0x0810b714   0x00000004   Ven    RO         1942    Veneer$$Code        anon$$obj.o
    0x0810b718   0x0810b718   0x00000004   Ven    RO         1943    Veneer$$Code        anon$$obj.o
    0x0810b71c   0x0810b71c   0x00000004   Ven    RO         1944    Veneer$$Code        anon$$obj.o
    0x0810b720   0x0810b720   0x00000004   Ven    RO         1945    Veneer$$Code        anon$$obj.o
    0x0810b724   0x0810b724   0x00000030   Code   RO         1799    i.__ARM_fpclassify  m_wv.l(fpclassify.o)
    0x0810b754   0x0810b754   0x0000000e   Code   RO         1667    i._is_digit         c_w.l(__printf_wp.o)
    0x0810b762   0x0810b762   0x00000002   PAD
    0x0810b764   0x0810b764   0x0000002c   Code   RO         1786    locale$$code        c_w.l(lc_numeric_c.o)
    0x0810b790   0x0810b790   0x00000028   Data   RO         1655    .constdata          c_w.l(_printf_hex_int_ll_ptr.o)
    0x0810b7b8   0x0810b7b8   0x00000011   Data   RO         1675    .constdata          c_w.l(__printf_flags_ss_wp.o)
    0x0810b7c9   0x0810b7c9   0x00000001   PAD
    0x0810b7ca   0x0810b7ca   0x0000000a   Data   RO          758    .rodata.FT5206_TPX_TBL  ft5206.o
    0x0810b7d4   0x0810b7d4   0x00000033   Data   RO          329    .rodata.app_files_create.initial_content  app_files.o
    0x0810b807   0x0810b807   0x00000014   Data   RO          328    .rodata.app_files_edit.edit_line  app_files.o
    0x0810b81b   0x0810b81b   0x0000000c   Data   RO          155    .rodata.app_ui_login_key_at.key_values  app_ui.o
    0x0810b827   0x0810b827   0x000005f0   Data   RO          614    .rodata.asc2_1608   lcd.o
    0x0810be17   0x0810be17   0x00000d5c   Data   RO          615    .rodata.asc2_2412   lcd.o
    0x0810cb73   0x0810cb73   0x000017c0   Data   RO          616    .rodata.asc2_3216   lcd.o
    0x0810e333   0x0810e333   0x000000d7   Data   RO          193    .rodata.str1.1      app_runtime.o
    0x0810e40a   0x0810e40a   0x0000004d   Data   RO          207    .rodata.str1.1      app_monitor.o
    0x0810e457   0x0810e457   0x000001d3   Data   RO          271    .rodata.str1.1      app_storage.o
    0x0810e62a   0x0810e62a   0x000001c5   Data   RO          372    .rodata.str1.1      app_draw.o
    0x0810e7ef   0x0810e7ef   0x0000015a   Data   RO          413    .rodata.str1.1      app_logs.o
    0x0810e949   0x0810e949   0x00000028   Data   RO          518    .rodata.str1.1      mpu.o
    0x0810e971   0x0810e971   0x0000000c   Data   RO          620    .rodata.str1.1      lcd.o
    0x0810e97d   0x0810e97d   0x000000e6   Data   RO          784    .rodata.str1.1      gt9xxx.o
    0x0810ea63   0x0810ea63   0x00000033   Data   RO          885    .rodata.str1.1      sdmmc_sdcard.o
    0x0810ea96   0x0810ea96   0x00000019   Data   RO         1012    .rodata.str1.1      ff.o
    0x0810eaaf   0x0810eaaf   0x00000001   PAD
    0x0810eab0   0x0810eab0   0x00000110   Data   RO         1808    locale$$data        c_w.l(lc_ctype_c.o)



  Load Region LR$$.bss.ARM.__at_0XC0000000 (Base: 0xc0000000, Size: 0x00000000, Max: 0x001f4000, ABSOLUTE)

    Execution Region ER$$.bss.ARM.__at_0XC0000000 (Exec base: 0xc0000000, Load base: 0xc0000000, Size: 0x001f4000, Max: 0x001f4000, ABSOLUTE, UNINIT)

    Exec Addr    Load Addr    Size         Type   Attr      Idx    E Section Name        Object

    0xc0000000        -       0x001f4000   Zero   RW          658    .bss.ARM.__at_0XC0000000  ltdc.o


==============================================================================

Image component sizes


      Code (inc. data)   RO Data    RW Data    ZI Data      Debug   Object Name

       292          0          0          0          0       1545   24cxx.o
      2484          0        453          0      16480       7390   app_draw.o
      3270         12        957          0       2892       8688   app_files.o
       452          0          0          0          8       2318   app_input.o
      2182          0        346          0      14420       6804   app_logs.o
       370          0         77          0         28       2674   app_monitor.o
      1890          6        219          0          0       6753   app_runtime.o
      4314          6        501          0       1953      12452   app_storage.o
     12150          0       1131          1        773      18121   app_ui.o
       882          0          0          0          0       3838   ctiic.o
       226          0          0          0          4       1359   delay.o
       532          4          0          1          0       2945   diskio.o
     10544          0        153          0          6      26269   ff.o
      1230          0         54          0          1       3952   ft5206.o
      2034          0        250          3          1       5033   gt9xxx.o
      1622          0          0          0     131100       5245   heap_4.o
     17160         46      12172          4         14      15558   lcd.o
       118          0          0          0          0       2416   led.o
       238          0          0          0          0       2221   list.o
      3412          0          0          0    2048040       8676   ltdc.o
      1668          0        557          8         54       4267   main.o
       634          0         40          0          0       3443   mpu.o
       792          0          0          0          0       3631   myiic.o
      1118         16          0          4          5       4032   port.o
      2856          0          0          0         64      17857   queue.o
      7532          0         51          0        637      15928   sdmmc_sdcard.o
       704          0          0          0          0       3618   sdram.o
        72         22        664          0       2048        980   startup_stm32h743xx.o
      1884          0          0          0          0      13080   sys.o
      5146          0         24          0        320      30459   tasks.o
      1280         10         13          0         60       9185   timers.o
      3920         22        177         72          0       7419   touch.o
       546          0          0          0        286       7066   usart.o

    ----------------------------------------------------------------------
     94842        152      17874         96    2219224     265222   Object Totals
        32          0         32          0          0          0   (incl. Generated)
      1256          8          3          3         30          0   (incl. Padding)

    ----------------------------------------------------------------------

      Code (inc. data)   RO Data    RW Data    ZI Data      Debug   Library Member Name

         8          0          0          0          0         68   __main.o
       392          4         17          0          0         92   __printf_flags_ss_wp.o
        14          0          0          0          0         68   __printf_wp.o
         0          0          0          0          0          0   __rtentry.o
        12          0          0          0          0          0   __rtentry2.o
         6          0          0          0          0          0   __rtentry4.o
        94          8          0          0          0          0   __scatter.o
        26          0          0          0          0          0   __scatter_copy.o
        28          0          0          0          0          0   __scatter_zi.o
        72          0          0          0          0         96   _c16rtomb.o
         6          0          0          0          0          0   _printf_a.o
         6          0          0          0          0          0   _printf_c.o
        44          0          0          0          0        108   _printf_char.o
        48          6          0          0          0         96   _printf_char_common.o
        36          4          0          0          0         80   _printf_char_file.o
        40          0          0          0          0         68   _printf_charcount.o
         6          0          0          0          0          0   _printf_d.o
       120         16          0          0          0         92   _printf_dec.o
         6          0          0          0          0          0   _printf_e.o
         6          0          0          0          0          0   _printf_f.o
      1052          0          0          0          0        148   _printf_fp_dec.o
       764          8         38          0          0        100   _printf_fp_hex.o
       128         16          0          0          0         84   _printf_fp_infnan.o
         6          0          0          0          0          0   _printf_g.o
       148          4         40          0          0        160   _printf_hex_int_ll_ptr.o
         6          0          0          0          0          0   _printf_i.o
       178          0          0          0          0         88   _printf_intcommon.o
        10          0          0          0          0          0   _printf_l.o
         6          0          0          0          0          0   _printf_lc.o
        10          0          0          0          0          0   _printf_ll.o
         6          0          0          0          0          0   _printf_lld.o
         6          0          0          0          0          0   _printf_lli.o
         6          0          0          0          0          0   _printf_llo.o
         6          0          0          0          0          0   _printf_llu.o
         6          0          0          0          0          0   _printf_llx.o
       124         16          0          0          0         92   _printf_longlong_dec.o
         6          0          0          0          0          0   _printf_ls.o
         6          0          0          0          0          0   _printf_n.o
         6          0          0          0          0          0   _printf_o.o
       112          8          0          0          0        124   _printf_oct_int_ll.o
         6          0          0          0          0          0   _printf_p.o
        78          0          0          0          0        108   _printf_pad.o
         0          0          0          0          0          0   _printf_percent.o
         4          0          0          0          0          0   _printf_percent_end.o
         6          0          0          0          0          0   _printf_s.o
        82          0          0          0          0         80   _printf_str.o
        36          0          0          0          0         84   _printf_truncate.o
         6          0          0          0          0          0   _printf_u.o
        44          0          0          0          0        108   _printf_wchar.o
       188          6          8          0          0         92   _printf_wctomb.o
         6          0          0          0          0          0   _printf_x.o
        16          0          0          0          0         68   _snputc.o
        10          0          0          0          0         68   _sputc.o
        16          0          0          0          0         68   aeabi_memset4.o
       228          4        148          0          0         96   bigflt0.o
      1936        128          0          0          0        668   btod.o
        18          0          0          0          0         80   exit.o
         8          0          0          0          0         68   ferror.o
         6          0          0          0          0        152   heapauxi.o
        44         10        272          0          0         76   lc_ctype_c.o
        44         10         28          0          0         76   lc_numeric_c.o
         2          0          0          0          0          0   libinit.o
        34          0          0          0          0          0   libinit2.o
         2          0          0          0          0          0   libshutdown.o
         2          0          0          0          0          0   libshutdown2.o
         8          4          0          0         96         68   libspace.o
       138          0          0          0          0         80   lludiv10.o
        88          0          0          0          0         76   memcmp.o
        24          4          0          0          0         84   printf.o
        16          4          0          0          0         76   rt_ctype_table.o
         8          4          0          0          0         68   rt_locale_intlibspace.o
        68          0          0          0          0         68   rt_memclr.o
        78          0          0          0          0         80   rt_memclr_w.o
       138          0          0          0          0         68   rt_memcpy_v6.o
       100          0          0          0          0         80   rt_memcpy_w.o
         2          0          0          0          0          0   rtexit.o
        10          0          0          0          0          0   rtexit2.o
        64          6          0          0          0         84   snprintf.o
        44          6          0          0          0         84   sprintf.o
       124          0          0          0          0         88   strcmpv7m_pel.o
        62          0          0          0          0         76   strlen.o
        22          0          0          0          0         68   strrchr.o
        74          0          0          0          0         80   sys_stackheap_outer.o
         2          0          0          0          0         68   use_no_semi.o
         2          0          0          0          0         68   use_no_semi_2.o
        26          0          0          0          0        116   fpinit.o
         4          0          0          0          0        116   printf1.o
         4          0          0          0          0        116   printf2.o
         0          0          0          0          0          0   usenofp.o
        48          0          0          0          0        124   fpclassify.o

    ----------------------------------------------------------------------
      7566        280        554          0         96       5292   Library Totals
        28          4          3          0          0          0   (incl. Padding)

    ----------------------------------------------------------------------

      Code (inc. data)   RO Data    RW Data    ZI Data      Debug   Library Name

      7456        276        551          0         96       4820   c_w.l
        34          0          0          0          0        348   fz_wv.l
        48          0          0          0          0        124   m_wv.l

    ----------------------------------------------------------------------
      7566        280        554          0         96       5292   Library Totals

    ----------------------------------------------------------------------

==============================================================================


      Code (inc. data)   RO Data    RW Data    ZI Data      Debug   

    102408        432      18428         96    2219320     267058   Grand Totals
    102408        432      18428         96    2219320     267058   ELF Image Totals
    102408        432      18428         96          0          0   ROM Totals

==============================================================================

    Total RO  Size (Code + RO Data)               120836 ( 118.00kB)
    Total RW  Size (RW Data + ZI Data)           2219416 (2167.40kB)
    Total ROM Size (Code + RO Data + RW Data)     120932 ( 118.10kB)

==============================================================================

