Component: Arm Compiler for Embedded 6.24 Tool: armlink [5f371500]

==============================================================================

Section Cross References

    startup_stm32h743xx.o(STACK) refers (Special) to heapauxi.o(.text) for __use_two_region_memory
    startup_stm32h743xx.o(HEAP) refers (Special) to heapauxi.o(.text) for __use_two_region_memory
    startup_stm32h743xx.o(RESET) refers (Special) to heapauxi.o(.text) for __use_two_region_memory
    startup_stm32h743xx.o(RESET) refers to startup_stm32h743xx.o(STACK) for __initial_sp
    startup_stm32h743xx.o(RESET) refers to startup_stm32h743xx.o(.text) for Reset_Handler
    startup_stm32h743xx.o(RESET) refers to mpu.o(.text.MemManage_Handler) for MemManage_Handler
    startup_stm32h743xx.o(RESET) refers to port.o(.text.SVC_Handler) for SVC_Handler
    startup_stm32h743xx.o(RESET) refers to port.o(.text.PendSV_Handler) for PendSV_Handler
    startup_stm32h743xx.o(RESET) refers to port.o(.text.SysTick_Handler) for SysTick_Handler
    startup_stm32h743xx.o(RESET) refers to usart.o(.text.USART1_IRQHandler) for USART1_IRQHandler
    startup_stm32h743xx.o(.text) refers (Special) to heapauxi.o(.text) for __use_two_region_memory
    startup_stm32h743xx.o(.text) refers to __main.o(!!!main) for __main
    startup_stm32h743xx.o(.text) refers to startup_stm32h743xx.o(HEAP) for Heap_Mem
    startup_stm32h743xx.o(.text) refers to startup_stm32h743xx.o(STACK) for Stack_Mem
    main.o(.text.main) refers to sys.o(.text.sys_stm32_clock_init) for sys_stm32_clock_init
    main.o(.text.main) refers to delay.o(.text.delay_init) for delay_init
    main.o(.text.main) refers to usart.o(.text.usart_init) for usart_init
    main.o(.text.main) refers to led.o(.text.led_init) for led_init
    main.o(.text.main) refers to mpu.o(.text.mpu_memory_protection) for mpu_memory_protection
    main.o(.text.main) refers to main.o(.rodata.str1.1) for .L.str
    main.o(.text.main) refers to printf.o(.text) for printf
    main.o(.text.main) refers to sdram.o(.text.sdram_init) for sdram_init
    main.o(.text.main) refers to main.o(.text.sdram_test) for sdram_test
    main.o(.text.main) refers to main.o(.text.fatal_blink) for fatal_blink
    main.o(.text.main) refers to lcd.o(.text.lcd_init) for lcd_init
    main.o(.text.main) refers to lcd.o(.text.lcd_display_dir) for lcd_display_dir
    main.o(.text.main) refers to lcd.o(.bss.lcddev) for lcddev
    main.o(.text.main) refers to main.o(.text.touch_controller_init) for touch_controller_init
    main.o(.text.main) refers to main.o(.text.at24c02_probe) for at24c02_probe
    main.o(.text.main) refers to lcd.o(.text.lcd_clear) for lcd_clear
    main.o(.text.main) refers to sys.o(.text.sys_gpio_pin_set) for sys_gpio_pin_set
    main.o(.text.main) refers to main.o(.text.app_tasks_start) for app_tasks_start
    main.o(.text.main) refers to tasks.o(.text.vTaskStartScheduler) for vTaskStartScheduler
    main.o(.ARM.exidx.text.main) refers to main.o(.text.main) for [Anonymous Symbol]
    main.o(.ARM.exidx.text.sdram_test) refers to main.o(.text.sdram_test) for [Anonymous Symbol]
    main.o(.text.fatal_blink) refers to sys.o(.text.sys_gpio_pin_set) for sys_gpio_pin_set
    main.o(.text.fatal_blink) refers to delay.o(.text.delay_ms) for delay_ms
    main.o(.ARM.exidx.text.fatal_blink) refers to main.o(.text.fatal_blink) for [Anonymous Symbol]
    main.o(.text.touch_controller_init) refers to main.o(.bss.g_touch_ok) for g_touch_ok
    main.o(.text.touch_controller_init) refers to ft5206.o(.text.ft5206_init) for ft5206_init
    main.o(.text.touch_controller_init) refers to touch.o(.data.tp_dev) for tp_dev
    main.o(.text.touch_controller_init) refers to ft5206.o(.text.ft5206_scan) for ft5206_scan
    main.o(.text.touch_controller_init) refers to main.o(.data.g_controller_id) for g_controller_id
    main.o(.text.touch_controller_init) refers to main.o(.rodata.str1.1) for .L.str.9
    main.o(.text.touch_controller_init) refers to printf.o(.text) for printf
    main.o(.text.touch_controller_init) refers to gt9xxx.o(.text.gt9xxx_init) for gt9xxx_init
    main.o(.text.touch_controller_init) refers to main.o(.bss.g_product_id) for g_product_id
    main.o(.text.touch_controller_init) refers to gt9xxx.o(.text.gt9xxx_rd_reg) for gt9xxx_rd_reg
    main.o(.text.touch_controller_init) refers to gt9xxx.o(.text.gt9xxx_scan) for gt9xxx_scan
    main.o(.text.touch_controller_init) refers to gt9xxx.o(.text.gt9xxx_get_i2c_address) for gt9xxx_get_i2c_address
    main.o(.text.touch_controller_init) refers to main.o(.text.touch_i2c_diagnose) for touch_i2c_diagnose
    main.o(.ARM.exidx.text.touch_controller_init) refers to main.o(.text.touch_controller_init) for [Anonymous Symbol]
    main.o(.text.at24c02_probe) refers to myiic.o(.text.iic_init) for iic_init
    main.o(.text.at24c02_probe) refers to myiic.o(.text.iic_start) for iic_start
[...]
    0x080003e0   0x080003e0   0x00000000   Code   RO         1775    .ARM.Collect$$libinit$$00000017  c_w.l(libinit2.o)
    0x080003e0   0x080003e0   0x0000000a   Code   RO         1776    .ARM.Collect$$libinit$$00000018  c_w.l(libinit2.o)
    0x080003ea   0x080003ea   0x00000000   Code   RO         1777    .ARM.Collect$$libinit$$00000019  c_w.l(libinit2.o)
    0x080003ea   0x080003ea   0x00000000   Code   RO         1779    .ARM.Collect$$libinit$$0000001B  c_w.l(libinit2.o)
    0x080003ea   0x080003ea   0x00000000   Code   RO         1781    .ARM.Collect$$libinit$$0000001D  c_w.l(libinit2.o)
    0x080003ea   0x080003ea   0x00000000   Code   RO         1783    .ARM.Collect$$libinit$$0000001F  c_w.l(libinit2.o)
    0x080003ea   0x080003ea   0x00000000   Code   RO         1785    .ARM.Collect$$libinit$$00000021  c_w.l(libinit2.o)
    0x080003ea   0x080003ea   0x00000000   Code   RO         1787    .ARM.Collect$$libinit$$00000023  c_w.l(libinit2.o)
    0x080003ea   0x080003ea   0x00000000   Code   RO         1789    .ARM.Collect$$libinit$$00000025  c_w.l(libinit2.o)
    0x080003ea   0x080003ea   0x00000000   Code   RO         1791    .ARM.Collect$$libinit$$00000027  c_w.l(libinit2.o)
    0x080003ea   0x080003ea   0x00000000   Code   RO         1795    .ARM.Collect$$libinit$$0000002E  c_w.l(libinit2.o)
    0x080003ea   0x080003ea   0x00000000   Code   RO         1797    .ARM.Collect$$libinit$$00000030  c_w.l(libinit2.o)
    0x080003ea   0x080003ea   0x00000000   Code   RO         1799    .ARM.Collect$$libinit$$00000032  c_w.l(libinit2.o)
    0x080003ea   0x080003ea   0x00000000   Code   RO         1801    .ARM.Collect$$libinit$$00000034  c_w.l(libinit2.o)
    0x080003ea   0x080003ea   0x00000002   Code   RO         1802    .ARM.Collect$$libinit$$00000035  c_w.l(libinit2.o)
    0x080003ec   0x080003ec   0x00000048   Code   RO            4    .text               startup_stm32h743xx.o
    0x08000434   0x08000434   0x00000018   Code   RO         1515    .text               c_w.l(printf.o)
    0x0800044c   0x0800044c   0x00000058   Code   RO         1521    .text               c_w.l(memcmp.o)
    0x080004a4   0x080004a4   0x0000003e   Code   RO         1527    .text               c_w.l(strlen.o)
    0x080004e2   0x080004e2   0x0000008a   Code   RO         1529    .text               c_w.l(rt_memcpy_v6.o)
    0x0800056c   0x0800056c   0x00000010   Code   RO         1535    .text               c_w.l(aeabi_memset4.o)
    0x0800057c   0x0800057c   0x00000004   PAD
    0x08000580   0x08000580   0x0000007c   Code   RO         1541    .text               c_w.l(strcmpv7m_pel.o)
    0x080005fc   0x080005fc   0x0000004e   Code   RO         1552    .text               c_w.l(_printf_pad.o)
    0x0800064a   0x0800064a   0x00000002   PAD
    0x0800064c   0x0800064c   0x00000078   Code   RO         1558    .text               c_w.l(_printf_dec.o)
    0x080006c4   0x080006c4   0x00000028   Code   RO         1560    .text               c_w.l(_printf_charcount.o)
    0x080006ec   0x080006ec   0x00000024   Code   RO         1568    .text               c_w.l(_printf_char_file.o)
    0x08000710   0x08000710   0x000000bc   Code   RO         1570    .text               c_w.l(_printf_wctomb.o)
    0x080007cc   0x080007cc   0x00000070   Code   RO         1579    .text               c_w.l(_printf_oct_int_ll.o)
    0x0800083c   0x0800083c   0x0000002c   Code   RO         1681    .text               c_w.l(_printf_char.o)
    0x08000868   0x08000868   0x00000048   Code   RO         1690    .text               c_w.l(_c16rtomb.o)
    0x080008b0   0x080008b0   0x00000080   Code   RO         1701    .text               c_w.l(_printf_fp_infnan.o)
    0x08000930   0x08000930   0x000000e4   Code   RO         1703    .text               c_w.l(bigflt0.o)
    0x08000a14   0x08000a14   0x00000004   PAD
    0x08000a18   0x08000a18   0x000000b4   Code   RO          797    .text.CmdResp1Error  sdmmc_sdcard.o
    0x08000acc   0x08000acc   0x00000004   PAD
    0x08000ad0   0x08000ad0   0x0000009e   Code   RO          795    .text.CmdResp7Error  sdmmc_sdcard.o
    0x08000b6e   0x08000b6e   0x00000002   PAD
    0x08000b70   0x08000b70   0x000001ba   Code   RO          815    .text.FindSCR       sdmmc_sdcard.o
    0x08000d2a   0x08000d2a   0x00000006   PAD
    0x08000d30   0x08000d30   0x000000d8   Code   RO          813    .text.IsCardProgramming  sdmmc_sdcard.o
    0x08000e08   0x08000e08   0x00000044   Code   RO          461    .text.MemManage_Handler  mpu.o
    0x08000e4c   0x08000e4c   0x00000004   PAD
    0x08000e50   0x08000e50   0x00000064   Code   RO         1448    .text.PendSV_Handler  port.o
    0x08000eb4   0x08000eb4   0x00000004   PAD
    0x08000eb8   0x08000eb8   0x000000de   Code   RO          807    .text.SDEnWideBus   sdmmc_sdcard.o
    0x08000f96   0x08000f96   0x00000002   PAD
    0x08000f98   0x08000f98   0x000000c2   Code   RO          785    .text.SD_EnableWideBusOperation  sdmmc_sdcard.o
    0x0800105a   0x0800105a   0x00000006   PAD
    0x08001060   0x08001060   0x00000516   Code   RO          781    .text.SD_GetCardInfo  sdmmc_sdcard.o
    0x08001576   0x08001576   0x00000002   PAD
    0x08001578   0x08001578   0x000001ae   Code   RO          775    .text.SD_Init       sdmmc_sdcard.o
    0x08001726   0x08001726   0x00000002   PAD
    0x08001728   0x08001728   0x000002ec   Code   RO          809    .text.SD_ReadBlocks  sdmmc_sdcard.o
    0x08001a14   0x08001a14   0x00000004   PAD
    0x08001a18   0x08001a18   0x000000c4   Code   RO          821    .text.SD_ReadDisk   sdmmc_sdcard.o
    0x08001adc   0x08001adc   0x00000004   PAD
    0x08001ae0   0x08001ae0   0x00000020   Code   RO         1444    .text.SVC_Handler   port.o
    0x08001b00   0x08001b00   0x00000042   Code   RO         1462    .text.SysTick_Handler  port.o
    0x08001b42   0x08001b42   0x00000006   PAD
    0x08001b48   0x08001b48   0x0000004c   Code   RO          354    .text.app_draw_color_is_valid  app_draw.o
    0x08001b94   0x08001b94   0x00000004   PAD
    0x08001b98   0x08001b98   0x00000082   Code   RO          352    .text.app_draw_crc32  app_draw.o
    0x08001c1a   0x08001c1a   0x00000006   PAD
    0x08001c20   0x08001c20   0x00000144   Code   RO          346    .text.app_draw_document_is_valid  app_draw.o
    0x08001d64   0x08001d64   0x00000004   PAD
    0x08001d68   0x08001d68   0x00000034   Code   RO          322    .text.app_draw_open  app_draw.o
    0x08001d9c   0x08001d9c   0x00000004   PAD
    0x08001da0   0x08001da0   0x00000094   Code   RO          350    .text.app_draw_replay  app_draw.o
    0x08001e34   0x08001e34   0x00000004   PAD
    0x08001e38   0x08001e38   0x0000001c   Code   RO          324    .text.app_draw_set_status  app_draw.o
    0x08001e54   0x08001e54   0x00000004   PAD
    0x08001e58   0x08001e58   0x0000005a   Code   RO          344    .text.app_draw_storage_error  app_draw.o
    0x08001eb2   0x08001eb2   0x00000006   PAD
    0x08001eb8   0x08001eb8   0x0000007a   Code   RO          334    .text.app_draw_submit_open  app_draw.o
    0x08001f32   0x08001f32   0x00000006   PAD
    0x08001f38   0x08001f38   0x000000c0   Code   RO          332    .text.app_draw_submit_save  app_draw.o
    0x08001ff8   0x08001ff8   0x0000000e   Code   RO          278    .text.app_files_close  app_files.o
    0x08002006   0x08002006   0x00000002   PAD
    0x08002008   0x08002008   0x0000006c   Code   RO          296    .text.app_files_copy_text  app_files.o
    0x08002074   0x08002074   0x00000004   PAD
    0x08002078   0x08002078   0x00000068   Code   RO          288    .text.app_files_create  app_files.o
    0x080020e0   0x080020e0   0x00000084   Code   RO          286    .text.app_files_delete_name  app_files.o
    0x08002164   0x08002164   0x00000004   PAD
    0x08002168   0x08002168   0x0000026e   Code   RO          280    .text.app_files_handle_event  app_files.o
    0x080023d6   0x080023d6   0x00000002   PAD
    0x080023d8   0x080023d8   0x00000116   Code   RO          300    .text.app_files_make_new_name  app_files.o
    0x080024ee   0x080024ee   0x00000002   PAD
    0x080024f0   0x080024f0   0x0000006a   Code   RO          302    .text.app_files_name_exists  app_files.o
    0x0800255a   0x0800255a   0x00000006   PAD
    0x08002560   0x08002560   0x00000042   Code   RO          270    .text.app_files_open  app_files.o
    0x080025a2   0x080025a2   0x00000006   PAD
    0x080025a8   0x080025a8   0x00000086   Code   RO          290    .text.app_files_read_selected  app_files.o
    0x0800262e   0x0800262e   0x00000002   PAD
    0x08002630   0x08002630   0x0000003c   Code   RO          276    .text.app_files_request_list  app_files.o
    0x0800266c   0x0800266c   0x00000004   PAD
    0x08002670   0x08002670   0x00000098   Code   RO          306    .text.app_files_select_focus  app_files.o
    0x08002708   0x08002708   0x0000001c   Code   RO          272    .text.app_files_set_status  app_files.o
    0x08002724   0x08002724   0x00000004   PAD
    0x08002728   0x08002728   0x00000026   Code   RO          292    .text.app_files_update  app_files.o
    0x0800274e   0x0800274e   0x00000002   PAD
    0x08002750   0x08002750   0x0000002c   Code   RO           47    .text.app_input_get_stats  app_input.o
    0x0800277c   0x0800277c   0x00000004   PAD
    0x08002780   0x08002780   0x0000004a   Code   RO          190    .text.app_monitor_get_snapshot  app_monitor.o
    0x080027ca   0x080027ca   0x00000006   PAD
    0x080027d0   0x080027d0   0x00000014   Code   RO          177    .text.app_runtime_deadline_reached  app_runtime.o
    0x080027e4   0x080027e4   0x00000004   PAD
    0x080027e8   0x080027e8   0x00000036   Code   RO          179    .text.app_runtime_enter_login  app_runtime.o
    0x0800281e   0x0800281e   0x00000002   PAD
    0x08002820   0x08002820   0x000000be   Code   RO          165    .text.app_runtime_handle_application_event  app_runtime.o
    0x080028de   0x080028de   0x00000002   PAD
    0x080028e0   0x080028e0   0x00000090   Code   RO          163    .text.app_runtime_handle_desktop_event  app_runtime.o
    0x08002970   0x08002970   0x000000b2   Code   RO          161    .text.app_runtime_handle_login_event  app_runtime.o
    0x08002a22   0x08002a22   0x00000006   PAD
    0x08002a28   0x08002a28   0x00000068   Code   RO          171    .text.app_runtime_password_matches  app_runtime.o
    0x08002a90   0x08002a90   0x00000094   Code   RO          169    .text.app_runtime_submit_pin  app_runtime.o
    0x08002b24   0x08002b24   0x00000004   PAD
    0x08002b28   0x08002b28   0x0000005c   Code   RO          247    .text.app_storage_delete  app_storage.o
    0x08002b84   0x08002b84   0x00000004   PAD
    0x08002b88   0x08002b88   0x000000c4   Code   RO          203    .text.app_storage_init  app_storage.o
    0x08002c4c   0x08002c4c   0x00000004   PAD
    0x08002c50   0x08002c50   0x000000d0   Code   RO          239    .text.app_storage_list  app_storage.o
    0x08002d20   0x08002d20   0x0000002a   Code   RO          231    .text.app_storage_make_path  app_storage.o
    0x08002d4a   0x08002d4a   0x00000006   PAD
    0x08002d50   0x08002d50   0x0000008c   Code   RO          235    .text.app_storage_map_result  app_storage.o
    0x08002ddc   0x08002ddc   0x00000004   PAD
    0x08002de0   0x08002de0   0x00000100   Code   RO          229    .text.app_storage_name_is_valid  app_storage.o
    0x08002ee0   0x08002ee0   0x0000006c   Code   RO          221    .text.app_storage_process_binary  app_storage.o
    0x08002f4c   0x08002f4c   0x00000004   PAD
    0x08002f50   0x08002f50   0x000000a6   Code   RO          243    .text.app_storage_read  app_storage.o
    0x08002ff6   0x08002ff6   0x00000002   PAD
    0x08002ff8   0x08002ff8   0x000000f4   Code   RO          225    .text.app_storage_read_binary  app_storage.o
    0x080030ec   0x080030ec   0x00000004   PAD
    0x080030f0   0x080030f0   0x0000003c   Code   RO          207    .text.app_storage_receive  app_storage.o
    0x0800312c   0x0800312c   0x00000004   PAD
    0x08003130   0x08003130   0x000000ac   Code   RO          233    .text.app_storage_recover_binary_target  app_storage.o
    0x080031dc   0x080031dc   0x00000004   PAD
    0x080031e0   0x080031e0   0x0000012a   Code   RO          219    .text.app_storage_run_self_test  app_storage.o
    0x0800330a   0x0800330a   0x00000006   PAD
    0x08003310   0x08003310   0x0000003e   Code   RO          205    .text.app_storage_submit  app_storage.o
    0x0800334e   0x0800334e   0x00000002   PAD
    0x08003350   0x08003350   0x000000ca   Code   RO          245    .text.app_storage_write  app_storage.o
    0x0800341a   0x0800341a   0x00000006   PAD
    0x08003420   0x08003420   0x000001ce   Code   RO          227    .text.app_storage_write_binary  app_storage.o
    0x080035ee   0x080035ee   0x00000002   PAD
    0x080035f0   0x080035f0   0x0000004e   Code   RO          100    .text.app_ui_back_button_at  app_ui.o
    0x0800363e   0x0800363e   0x00000002   PAD
    0x08003640   0x08003640   0x000000a2   Code   RO           88    .text.app_ui_cursor_hide  app_ui.o
    0x080036e2   0x080036e2   0x00000006   PAD
    0x080036e8   0x080036e8   0x00000190   Code   RO           92    .text.app_ui_cursor_show  app_ui.o
    0x08003878   0x08003878   0x0000009a   Code   RO           96    .text.app_ui_desktop_icon_at  app_ui.o
    0x08003912   0x08003912   0x00000006   PAD
    0x08003918   0x08003918   0x000000e0   Code   RO          104    .text.app_ui_draw_application_header  app_ui.o
    0x080039f8   0x080039f8   0x000000a8   Code   RO          108    .text.app_ui_draw_draw_button  app_ui.o
    0x08003aa0   0x08003aa0   0x000000c8   Code   RO          122    .text.app_ui_draw_file_button  app_ui.o
    0x08003b68   0x08003b68   0x000000f2   Code   RO           84    .text.app_ui_draw_icon  app_ui.o
    0x08003c5a   0x08003c5a   0x00000006   PAD
    0x08003c60   0x08003c60   0x0000010a   Code   RO           90    .text.app_ui_format_time  app_ui.o
    0x08003d6a   0x08003d6a   0x00000006   PAD
    0x08003d70   0x08003d70   0x00000174   Code   RO           62    .text.app_ui_show_boot  app_ui.o
    0x08003ee4   0x08003ee4   0x00000004   PAD
    0x08003ee8   0x08003ee8   0x000001e0   Code   RO           82    .text.app_ui_show_desktop  app_ui.o
    0x080040c8   0x080040c8   0x00000062   Code   RO          112    .text.app_ui_show_draw  app_ui.o
    0x0800412a   0x0800412a   0x00000006   PAD
    0x08004130   0x08004130   0x0000025a   Code   RO          126    .text.app_ui_show_file_content  app_ui.o
    0x0800438a   0x0800438a   0x00000006   PAD
    0x08004390   0x08004390   0x00000468   Code   RO          118    .text.app_ui_show_files_list  app_ui.o
    0x080047f8   0x080047f8   0x0000013a   Code   RO          128    .text.app_ui_show_multiline  app_ui.o
    0x08004932   0x08004932   0x00000006   PAD
    0x08004938   0x08004938   0x000000c6   Code   RO           74    .text.app_ui_show_number  app_ui.o
    0x080049fe   0x080049fe   0x00000002   PAD
    0x08004a00   0x08004a00   0x0000003a   Code   RO          140    .text.app_ui_text_width  app_ui.o
    0x08004a3a   0x08004a3a   0x00000006   PAD
    0x08004a40   0x08004a40   0x00000158   Code   RO           72    .text.app_ui_update_login  app_ui.o
    0x08004b98   0x08004b98   0x000000b8   Code   RO          937    .text.check_fs      ff.o
    0x08004c50   0x08004c50   0x0000003c   Code   RO          949    .text.chk_chr       ff.o
    0x08004c8c   0x08004c8c   0x00000004   PAD
    0x08004c90   0x08004c90   0x00000036   Code   RO          843    .text.clst2sect     ff.o
    0x08004cc6   0x08004cc6   0x00000002   PAD
    0x08004cc8   0x08004cc8   0x00000058   Code   RO          677    .text.ct_iic_ack    ctiic.o
    0x08004d20   0x08004d20   0x00000066   Code   RO          667    .text.ct_iic_init   ctiic.o
    0x08004d86   0x08004d86   0x00000002   PAD
    0x08004d88   0x08004d88   0x00000044   Code   RO          679    .text.ct_iic_nack   ctiic.o
    0x08004dcc   0x08004dcc   0x00000004   PAD
    0x08004dd0   0x08004dd0   0x00000098   Code   RO          683    .text.ct_iic_read_byte  ctiic.o
    0x08004e68   0x08004e68   0x00000080   Code   RO          681    .text.ct_iic_send_byte  ctiic.o
    0x08004ee8   0x08004ee8   0x00000054   Code   RO          671    .text.ct_iic_start  ctiic.o
    0x08004f3c   0x08004f3c   0x00000004   PAD
    0x08004f40   0x08004f40   0x0000008e   Code   RO          675    .text.ct_iic_wait_ack  ctiic.o
    0x08004fce   0x08004fce   0x00000002   PAD
    0x08004fd0   0x08004fd0   0x00000020   Code   RO          945    .text.dbc_1st       ff.o
    0x08004ff0   0x08004ff0   0x0000008a   Code   RO          368    .text.delay_us      delay.o
    0x0800507a   0x0800507a   0x00000006   PAD
    0x08005080   0x08005080   0x000000a4   Code   RO          919    .text.dir_clear     ff.o
    0x08005124   0x08005124   0x00000004   PAD
    0x08005128   0x08005128   0x00000150   Code   RO          901    .text.dir_next      ff.o
    0x08005278   0x08005278   0x000000cc   Code   RO          897    .text.dir_read      ff.o
    0x08005344   0x08005344   0x00000004   PAD
    0x08005348   0x08005348   0x00000060   Code   RO          855    .text.dir_register  ff.o
    0x080053a8   0x080053a8   0x0000003a   Code   RO          913    .text.dir_remove    ff.o
    0x080053e2   0x080053e2   0x00000006   PAD
    0x080053e8   0x080053e8   0x0000011a   Code   RO          839    .text.dir_sdi       ff.o
    0x08005502   0x08005502   0x00000006   PAD
    0x08005508   0x08005508   0x000000d2   Code   RO          974    .text.disk_ioctl    diskio.o
    0x080055da   0x080055da   0x00000006   PAD
    0x080055e0   0x080055e0   0x0000002e   Code   RO          966    .text.disk_status   diskio.o
    0x0800560e   0x0800560e   0x00000002   PAD
    0x08005610   0x08005610   0x00000060   Code   RO          972    .text.disk_write    diskio.o
    0x08005670   0x08005670   0x0000003e   Code   RO          887    .text.f_close       ff.o
    0x080056ae   0x080056ae   0x00000002   PAD
    0x080056b0   0x080056b0   0x0000002a   Code   RO          893    .text.f_closedir    ff.o
    0x080056da   0x080056da   0x00000006   PAD
    0x080056e0   0x080056e0   0x00000064   Code   RO          903    .text.f_stat        ff.o
    0x08005744   0x08005744   0x00000004   PAD
    0x08005748   0x08005748   0x000000ea   Code   RO          881    .text.f_sync        ff.o
    0x08005832   0x08005832   0x00000006   PAD
    0x08005838   0x08005838   0x00000124   Code   RO          911    .text.f_unlink      ff.o
    0x0800595c   0x0800595c   0x00000004   PAD
    0x08005960   0x08005960   0x00000064   Code   RO           15    .text.fatal_blink   main.o
    0x080059c4   0x080059c4   0x00000004   PAD
    0x080059c8   0x080059c8   0x000004f8   Code   RO          849    .text.find_volume   ff.o
    0x08005ec0   0x08005ec0   0x000000fe   Code   RO          853    .text.follow_path   ff.o
    0x08005fbe   0x08005fbe   0x00000002   PAD
    0x08005fc0   0x08005fc0   0x00000030   Code   RO          427    .text.fputc         usart.o
    0x08005ff0   0x08005ff0   0x0000027e   Code   RO          700    .text.ft5206_scan   ft5206.o
    0x0800626e   0x0800626e   0x00000002   PAD
    0x08006270   0x08006270   0x0000007e   Code   RO          694    .text.ft5206_wr_reg  ft5206.o
    0x080062ee   0x080062ee   0x00000002   PAD
    0x080062f0   0x080062f0   0x000001a2   Code   RO          718    .text.gt9xxx_init   gt9xxx.o
    0x08006492   0x08006492   0x00000006   PAD
    0x08006498   0x08006498   0x0000007e   Code   RO          722    .text.gt9xxx_pid_valid  gt9xxx.o
    0x08006516   0x08006516   0x00000002   PAD
    0x08006518   0x08006518   0x0000009a   Code   RO          716    .text.gt9xxx_rd_reg  gt9xxx.o
    0x080065b2   0x080065b2   0x00000006   PAD
    0x080065b8   0x080065b8   0x00000094   Code   RO          720    .text.gt9xxx_reset_and_probe  gt9xxx.o
    0x0800664c   0x0800664c   0x00000004   PAD
    0x08006650   0x08006650   0x00000404   Code   RO          724    .text.gt9xxx_scan   gt9xxx.o
    0x08006a54   0x08006a54   0x00000004   PAD
    0x08006a58   0x08006a58   0x00000092   Code   RO          714    .text.gt9xxx_wr_reg  gt9xxx.o
    0x08006aea   0x08006aea   0x00000006   PAD
    0x08006af0   0x08006af0   0x00000062   Code   RO          642    .text.iic_init      myiic.o
    0x08006b52   0x08006b52   0x00000006   PAD
    0x08006b58   0x08006b58   0x0000007a   Code   RO          656    .text.iic_send_byte  myiic.o
    0x08006bd2   0x08006bd2   0x00000006   PAD
    0x08006bd8   0x08006bd8   0x0000004c   Code   RO          646    .text.iic_start     myiic.o
    0x08006c24   0x08006c24   0x00000004   PAD
    0x08006c28   0x08006c28   0x0000003e   Code   RO          644    .text.iic_stop      myiic.o
    0x08006c66   0x08006c66   0x00000002   PAD
    0x08006c68   0x08006c68   0x00000244   Code   RO          526    .text.lcd_display_dir  lcd.o
    0x08006eac   0x08006eac   0x00000004   PAD
    0x08006eb0   0x08006eb0   0x00000154   Code   RO          544    .text.lcd_draw_circle  lcd.o
    0x08007004   0x08007004   0x00000004   PAD
    0x08007008   0x08007008   0x00000248   Code   RO          492    .text.lcd_ex_ili9341_reginit  lcd.o
    0x08007250   0x08007250   0x00000f92   Code   RO          494    .text.lcd_ex_nt35310_reginit  lcd.o
    0x080081e2   0x080081e2   0x00000006   PAD
    0x080081e8   0x080081e8   0x00000f48   Code   RO          498    .text.lcd_ex_nt35510_reginit  lcd.o
    0x08009130   0x08009130   0x000001c4   Code   RO          486    .text.lcd_ex_st7789_reginit  lcd.o
    0x080092f4   0x080092f4   0x00000004   PAD
    0x080092f8   0x080092f8   0x000000c6   Code   RO          534    .text.lcd_fill      lcd.o
    0x080093be   0x080093be   0x00000002   PAD
    0x080093c0   0x080093c0   0x000006e6   Code   RO          530    .text.lcd_init      lcd.o
    0x08009aa6   0x08009aa6   0x00000002   PAD
    0x08009aa8   0x08009aa8   0x00000016   Code   RO          514    .text.lcd_opt_delay  lcd.o
    0x08009abe   0x08009abe   0x00000002   PAD
    0x08009ac0   0x08009ac0   0x0000035c   Code   RO          520    .text.lcd_scan_dir  lcd.o
    0x08009e1c   0x08009e1c   0x00000004   PAD
    0x08009e20   0x08009e20   0x00000188   Code   RO          510    .text.lcd_set_cursor  lcd.o
    0x08009fa8   0x08009fa8   0x000001da   Code   RO          548    .text.lcd_show_char  lcd.o
    0x0800a182   0x0800a182   0x00000006   PAD
    0x0800a188   0x0800a188   0x0000001e   Code   RO          490    .text.lcd_wr_data   lcd.o
    0x0800a1a6   0x0800a1a6   0x00000002   PAD
    0x0800a1a8   0x0800a1a8   0x00000028   Code   RO          500    .text.lcd_write_reg  lcd.o
    0x0800a1d0   0x0800a1d0   0x00000024   Code   RO          907    .text.ld_word       ff.o
    0x0800a1f4   0x0800a1f4   0x00000004   PAD
    0x0800a1f8   0x0800a1f8   0x0000002c   Code   RO          589    .text.ltdc_clear    ltdc.o
    0x0800a224   0x0800a224   0x00000004   PAD
    0x0800a228   0x0800a228   0x00000050   Code   RO          579    .text.ltdc_display_dir  ltdc.o
    0x0800a278   0x0800a278   0x000000e2   Code   RO          595    .text.ltdc_layer_parameter_config  ltdc.o
    0x0800a35a   0x0800a35a   0x00000006   PAD
    0x0800a360   0x0800a360   0x00000216   Code   RO          593    .text.ltdc_layer_window_config  ltdc.o
    0x0800a576   0x0800a576   0x00000002   PAD
    0x0800a578   0x0800a578   0x00000082   Code   RO          583    .text.ltdc_read_point  ltdc.o
    0x0800a5fa   0x0800a5fa   0x00000006   PAD
    0x0800a600   0x0800a600   0x00000018   Code   RO          577    .text.ltdc_select_layer  ltdc.o
    0x0800a618   0x0800a618   0x0000005e   Code   RO          865    .text.move_window   ff.o
    0x0800a676   0x0800a676   0x00000002   PAD
    0x0800a678   0x0800a678   0x0000002e   Code   RO          457    .text.mpu_convert_bytes_to_pot  mpu.o
    0x0800a6a6   0x0800a6a6   0x00000002   PAD
    0x0800a6a8   0x0800a6a8   0x00000126   Code   RO         1205    .text.prvAddCurrentTaskToDelayedList  tasks.o
    0x0800a7ce   0x0800a7ce   0x00000002   PAD
    0x0800a7d0   0x0800a7d0   0x00000160   Code   RO         1193    .text.prvAddNewTaskToReadyList  tasks.o
    0x0800a930   0x0800a930   0x0000008c   Code   RO         1371    .text.prvCheckForValidListAndQueue  timers.o
    0x0800a9bc   0x0800a9bc   0x00000004   PAD
    0x0800a9c0   0x0800a9c0   0x0000005a   Code   RO         1241    .text.prvCheckTasksWaitingTermination  tasks.o
    0x0800aa1a   0x0800aa1a   0x00000006   PAD
    0x0800aa20   0x0800aa20   0x00000088   Code   RO         1191    .text.prvCreateTask  tasks.o
    0x0800aaa8   0x0800aaa8   0x00000040   Code   RO         1409    .text.prvGetNextExpireTime  timers.o
    0x0800aae8   0x0800aae8   0x0000004e   Code   RO         1036    .text.prvInitialiseNewQueue  queue.o
    0x0800ab36   0x0800ab36   0x00000002   PAD
    0x0800ab38   0x0800ab38   0x00000164   Code   RO         1331    .text.prvInitialiseNewTask  tasks.o
    0x0800ac9c   0x0800ac9c   0x00000004   PAD
    0x0800aca0   0x0800aca0   0x00000132   Code   RO         1482    .text.prvInsertBlockIntoFreeList  heap_4.o
    0x0800add2   0x0800add2   0x00000006   PAD
    0x0800add8   0x0800add8   0x00000086   Code   RO         1423    .text.prvInsertTimerInActiveList  timers.o
    0x0800ae5e   0x0800ae5e   0x00000002   PAD
    0x0800ae60   0x0800ae60   0x00000028   Code   RO         1068    .text.prvIsQueueEmpty  queue.o
    0x0800ae88   0x0800ae88   0x0000002e   Code   RO         1056    .text.prvIsQueueFull  queue.o
    0x0800aeb6   0x0800aeb6   0x00000002   PAD
    0x0800aeb8   0x0800aeb8   0x00000108   Code   RO         1054    .text.prvNotifyQueueSetContainer  queue.o
    0x0800afc0   0x0800afc0   0x00000054   Code   RO         1417    .text.prvProcessExpiredTimer  timers.o
    0x0800b014   0x0800b014   0x00000004   PAD
    0x0800b018   0x0800b018   0x00000034   Code   RO         1421    .text.prvReloadTimer  timers.o
    0x0800b04c   0x0800b04c   0x00000004   PAD
    0x0800b050   0x0800b050   0x00000044   Code   RO         1415    .text.prvSampleTimeNow  timers.o
    0x0800b094   0x0800b094   0x00000004   PAD
    0x0800b098   0x0800b098   0x000000cc   Code   RO         1058    .text.prvUnlockQueue  queue.o
    0x0800b164   0x0800b164   0x00000004   PAD
    0x0800b168   0x0800b168   0x000001b2   Code   RO          953    .text.put_fat       ff.o
    0x0800b31a   0x0800b31a   0x00000006   PAD
    0x0800b320   0x0800b320   0x00000348   Code   RO         1476    .text.pvPortMalloc  heap_4.o
    0x0800b668   0x0800b668   0x0000002c   Code   RO          883    .text.st_word       ff.o
    0x0800b694   0x0800b694   0x00000004   PAD
    0x0800b698   0x0800b698   0x00000074   Code   RO          917    .text.sync_window   ff.o
    0x0800b70c   0x0800b70c   0x00000004   PAD
    0x0800b710   0x0800b710   0x000000ee   Code   RO          408    .text.sys_cache_enable  sys.o
    0x0800b7fe   0x0800b7fe   0x00000002   PAD
    0x0800b800   0x0800b800   0x000002fc   Code   RO          410    .text.sys_clock_set  sys.o
    0x0800bafc   0x0800bafc   0x00000004   PAD
    0x0800bb00   0x0800bb00   0x00000048   Code   RO          384    .text.sys_nvic_priority_group_config  sys.o
    0x0800bb48   0x0800bb48   0x00000020   Code   RO          380    .text.sys_nvic_set_vector_table  sys.o
    0x0800bb68   0x0800bb68   0x00000012   Code   RO          406    .text.sys_soft_reset  sys.o
    0x0800bb7a   0x0800bb7a   0x00000006   PAD
    0x0800bb80   0x0800bb80   0x0000008a   Code   RO          412    .text.sys_stm32_clock_init  sys.o
    0x0800bc0a   0x0800bc0a   0x00000006   PAD
    0x0800bc10   0x0800bc10   0x00000490   Code   RO          743    .text.tp_adjust     touch.o
    0x0800c0a0   0x0800c0a0   0x000002b0   Code   RO          739    .text.tp_init       touch.o
    0x0800c350   0x0800c350   0x00000110   Code   RO          761    .text.tp_read_ad    touch.o
    0x0800c460   0x0800c460   0x000000cc   Code   RO          747    .text.tp_read_xy2   touch.o
    0x0800c52c   0x0800c52c   0x00000004   PAD
    0x0800c530   0x0800c530   0x00000026   Code   RO          749    .text.tp_save_adjust_data  touch.o
    0x0800c556   0x0800c556   0x00000002   PAD
    0x0800c558   0x0800c558   0x0000013e   Code   RO          741    .text.tp_scan       touch.o
    0x0800c696   0x0800c696   0x00000002   PAD
    0x0800c698   0x0800c698   0x00000090   Code   RO          763    .text.tp_write_byte  touch.o
    0x0800c728   0x0800c728   0x0000000c   Code   RO         1249    .text.uxTaskGetNumberOfTasks  tasks.o
    0x0800c734   0x0800c734   0x00000004   PAD
    0x0800c738   0x0800c738   0x0000000e   Code   RO         1017    .text.vListInitialiseItem  list.o
    0x0800c746   0x0800c746   0x00000002   PAD
    0x0800c748   0x0800c748   0x0000006a   Code   RO         1021    .text.vListInsert   list.o
    0x0800c7b2   0x0800c7b2   0x00000006   PAD
    0x0800c7b8   0x0800c7b8   0x00000062   Code   RO         1458    .text.vPortEnterCritical  port.o
    0x0800c81a   0x0800c81a   0x00000006   PAD
    0x0800c820   0x0800c820   0x00000052   Code   RO         1460    .text.vPortExitCritical  port.o
    0x0800c872   0x0800c872   0x00000006   PAD
    0x0800c878   0x0800c878   0x0000002e   Code   RO         1450    .text.vPortSetupTimerInterrupt  port.o
    0x0800c8a6   0x0800c8a6   0x00000002   PAD
    0x0800c8a8   0x0800c8a8   0x00000024   Code   RO         1277    .text.vTaskInternalSetTimeOutState  tasks.o
    0x0800c8cc   0x0800c8cc   0x00000004   PAD
    0x0800c8d0   0x0800c8d0   0x0000004a   Code   RO         1265    .text.vTaskPlaceOnEventList  tasks.o
    0x0800c91a   0x0800c91a   0x00000006   PAD
    0x0800c920   0x0800c920   0x000000d6   Code   RO         1227    .text.vTaskSwitchContext  tasks.o
    0x0800c9f6   0x0800c9f6   0x00000002   PAD
    0x0800c9f8   0x0800c9f8   0x00000072   Code   RO          873    .text.validate      ff.o
    0x0800ca6a   0x0800ca6a   0x00000006   PAD
    0x0800ca70   0x0800ca70   0x000000a2   Code   RO         1034    .text.xQueueGenericCreate  queue.o
    0x0800cb12   0x0800cb12   0x00000006   PAD
    0x0800cb18   0x0800cb18   0x00000118   Code   RO         1032    .text.xQueueGenericReset  queue.o
    0x0800cc30   0x0800cc30   0x000001f4   Code   RO         1064    .text.xQueueReceive  queue.o
    0x0800ce24   0x0800ce24   0x00000004   PAD
    0x0800ce28   0x0800ce28   0x00000052   Code   RO         1189    .text.xTaskCreate   tasks.o
    0x0800ce7a   0x0800ce7a   0x00000006   PAD
    0x0800ce80   0x0800ce80   0x00000130   Code   RO         1209    .text.xTaskDelayUntil  tasks.o
    0x0800cfb0   0x0800cfb0   0x00000038   Code   RO         1297    .text.xTaskGetSchedulerState  tasks.o
    0x0800cfe8   0x0800cfe8   0x00000152   Code   RO         1301    .text.xTaskPriorityDisinherit  tasks.o
    0x0800d13a   0x0800d13a   0x00000006   PAD
    0x0800d140   0x0800d140   0x000001a8   Code   RO         1271    .text.xTaskRemoveFromEventList  tasks.o
    0x0800d2e8   0x0800d2e8   0x0000024e   Code   RO         1207    .text.xTaskResumeAll  tasks.o
    0x0800d536   0x0800d536   0x00000002   PAD
    0x0800d538   0x0800d538   0x00000338   Code   RO         1716    CL$$btod_div_common  c_w.l(btod.o)
    0x0800d870   0x0800d870   0x0000002a   Code   RO         1710    CL$$btod_ediv       c_w.l(btod.o)
    0x0800d89a   0x0800d89a   0x00000002   PAD
    0x0800d89c   0x0800d89c   0x00000004   Ven    RO         1883    Veneer$$Code        anon$$obj.o
    0x0800d8a0   0x0800d8a0   0x00000004   Ven    RO         1884    Veneer$$Code        anon$$obj.o
    0x0800d8a4   0x0800d8a4   0x00000004   Ven    RO         1885    Veneer$$Code        anon$$obj.o
    0x0800d8a8   0x0800d8a8   0x00000004   Ven    RO         1886    Veneer$$Code        anon$$obj.o
    0x0800d8ac   0x0800d8ac   0x00000004   Ven    RO         1887    Veneer$$Code        anon$$obj.o
    0x0800d8b0   0x0800d8b0   0x00000004   Ven    RO         1888    Veneer$$Code        anon$$obj.o
    0x0800d8b4   0x0800d8b4   0x00000004   Ven    RO         1889    Veneer$$Code        anon$$obj.o
    0x0800d8b8   0x0800d8b8   0x00000004   Ven    RO         1890    Veneer$$Code        anon$$obj.o
    0x0800d8bc   0x0800d8bc   0x00000004   Ven    RO         1891    Veneer$$Code        anon$$obj.o
    0x0800d8c0   0x0800d8c0   0x00000030   Code   RO         1744    i.__ARM_fpclassify  m_wv.l(fpclassify.o)
    0x0800d8f0   0x0800d8f0   0x0000000e   Code   RO         1612    i._is_digit         c_w.l(__printf_wp.o)
    0x0800d8fe   0x0800d8fe   0x00000002   PAD
    0x0800d900   0x0800d900   0x0000002c   Code   RO         1731    locale$$code        c_w.l(lc_numeric_c.o)
    0x0800d92c   0x0800d92c   0x00000011   Data   RO         1620    .constdata          c_w.l(__printf_flags_ss_wp.o)
    0x0800d93d   0x0800d93d   0x00000003   PAD
    0x0800d940   0x0800d940   0x00000094   Data   RO         1704    .constdata          c_w.l(bigflt0.o)
    0x0800d9d4   0x0800d9d4   0x00000014   Data   RO          730    .rodata.GT9XXX_TPX_TBL  gt9xxx.o
    0x0800d9e8   0x0800d9e8   0x0000000e   Data   RO          261    .rodata.app_storage_run_self_test.expected_text  app_storage.o
    0x0800d9f6   0x0800d9f6   0x00000014   Data   RO          262    .rodata.app_storage_run_self_test.write_text  app_storage.o
    0x0800da0a   0x0800da0a   0x0000000c   Data   RO          145    .rodata.app_ui_login_key_at.key_values  app_ui.o
    0x0800da16   0x0800da16   0x00000002   PAD
    0x0800da18   0x0800da18   0x00000030   Data   RO          149    .rodata.g_key_labels  app_ui.o
    0x0800da48   0x0800da48   0x0000022d   Data   RO           25    .rodata.str1.1      main.o
    0x0800dc75   0x0800dc75   0x0000017e   Data   RO          256    .rodata.str1.1      app_storage.o
    0x0800ddf3   0x0800ddf3   0x0000016e   Data   RO          357    .rodata.str1.1      app_draw.o
    0x0800df61   0x0800df61   0x000000e6   Data   RO          729    .rodata.str1.1      gt9xxx.o
    0x0800e047   0x0800e047   0x000000b1   Data   RO          766    .rodata.str1.1      touch.o
    0x0800e0f8   0x0800e0f8   0x00000033   Data   RO          830    .rodata.str1.1      sdmmc_sdcard.o
    0x0800e12b   0x0800e12b   0x00000019   Data   RO          957    .rodata.str1.1      ff.o
    0x0800e144   0x0800e144   0x00000014   Data   RO         1359    .rodata.str1.1      tasks.o
    0x0800e158   0x0800e158   0x00000020   Data   RO         1874    Region$$Table       anon$$obj.o
    0x0800e178   0x0800e178   0x0000001c   Data   RO         1730    locale$$data        c_w.l(lc_numeric_c.o)


    Execution Region RW_IRAM2 (Exec base: 0x24000000, Load base: 0x0800e198, Size: 0x00026540, Max: 0x00080000, ABSOLUTE)

    Exec Addr    Load Addr    Size         Type   Attr      Idx    E Section Name        Object

    0x24000000   0x0800e198   0x00000004   Data   RW           39    .ARM.use_no_argv    main.o
    0x24000004   0x0800e19c   0x00000004   Data   RW          563    .data.g_back_color  lcd.o
    0x24000008   0x0800e1a0   0x00000004   Data   RW           27    .data.g_controller_id  main.o
    0x2400000c   0x0800e1a4   0x00000001   Data   RW          728    .data.g_gt_cmd_rd   gt9xxx.o
    0x2400000d   0x0800e1a5   0x00000001   Data   RW          727    .data.g_gt_cmd_wr   gt9xxx.o
    0x2400000e   0x0800e1a6   0x00000001   Data   RW          726    .data.g_gt_tnum     gt9xxx.o
    0x2400000f   0x0800e1a7   0x00000001   Data   RW          976    .data.g_sd_status   diskio.o
    0x24000010   0x0800e1a8   0x00000001   Data   RW          143    .data.g_selected_icon  app_ui.o
    0x24000011   0x0800e1a9   0x00000003   PAD
    0x24000014   0x0800e1ac   0x00000048   Data   RW          765    .data.tp_dev        touch.o
    0x2400005c   0x0800e1f4   0x00000004   Data   RW         1468    .data.uxCriticalNesting  port.o
    0x24000060        -       0x00000060   Zero   RW         1747    .bss                c_w.l(libspace.o)
    0x240000c0        -       0x0000055c   Zero   RW          259    .bss.AppStorageTask.response  app_storage.o
    0x2400061c        -       0x00000010   Zero   RW          827    .bss.CID_Tab        sdmmc_sdcard.o
    0x2400062c        -       0x00000010   Zero   RW          829    .bss.CSD_Tab        sdmmc_sdcard.o
    0x2400063c        -       0x00000001   Zero   RW          826    .bss.CardType       sdmmc_sdcard.o
    0x2400063d   0x0800e1f8   0x00000003   PAD
    0x24000640        -       0x00000004   Zero   RW          955    .bss.FatFs          ff.o
    0x24000644        -       0x00000002   Zero   RW          956    .bss.Fsid           ff.o
    0x24000646   0x0800e1f8   0x00000002   PAD
    0x24000648        -       0x00000004   Zero   RW          828    .bss.RCA            sdmmc_sdcard.o
    0x2400064c   0x0800e1f8   0x00000004   PAD
    0x24000650        -       0x00000058   Zero   RW          825    .bss.SDCardInfo     sdmmc_sdcard.o
    0x240006a8        -       0x00000200   Zero   RW          831    .bss.SDMMC_DATA_BUFFER  sdmmc_sdcard.o
    0x240008a8        -       0x00000054   Zero   RW          435    .bss.__stdout       usart.o
    0x240008fc        -       0x0000055c   Zero   RW          312    .bss.app_files_update.response  app_files.o
    0x24000e58        -       0x00000001   Zero   RW          704    .bss.ft5206_scan.t  ft5206.o
    0x24000e59   0x0800e1f8   0x00000003   PAD
    0x24000e5c        -       0x00000004   Zero   RW          255    .bss.g_binary_response_queue  app_storage.o
    0x24000e60        -       0x00000004   Zero   RW          258    .bss.g_capacity_mb  app_storage.o
    0x24000e64        -       0x00000300   Zero   RW          150    .bss.g_cursor_background  app_ui.o
    0x24001164        -       0x00000001   Zero   RW          142    .bss.g_cursor_visible  app_ui.o
    0x24001165   0x0800e1f8   0x00000001   PAD
    0x24001166        -       0x00000002   Zero   RW          146    .bss.g_cursor_x     app_ui.o
    0x24001168        -       0x00000002   Zero   RW          147    .bss.g_cursor_y     app_ui.o
    0x2400116a   0x0800e1f8   0x00000002   PAD
    0x2400116c        -       0x00002050   Zero   RW          356    .bss.g_draw         app_draw.o
    0x240031bc        -       0x00000004   Zero   RW           54    .bss.g_dropped_count  app_input.o
    0x240031c0        -       0x00000004   Zero   RW          372    .bss.g_fac_us       delay.o
    0x240031c4        -       0x000005f0   Zero   RW          310    .bss.g_files        app_files.o
    0x240037b4        -       0x00000008   Zero   RW           34    .bss.g_input_context  main.o
    0x240037bc        -       0x00000004   Zero   RW           36    .bss.g_input_task_handle  main.o
    0x240037c0        -       0x00002010   Zero   RW          358    .bss.g_io_document  app_draw.o
    0x240057d0        -       0x00000008   Zero   RW          602    .bss.g_ltdc_framebuf  ltdc.o
    0x240057d8        -       0x0000000c   Zero   RW           38    .bss.g_monitor_context  main.o
    0x240057e4        -       0x0000001c   Zero   RW          194    .bss.g_monitor_snapshot  app_monitor.o
    0x24005800        -       0x00000005   Zero   RW           28    .bss.g_product_id   main.o
    0x24005805   0x0800e1f8   0x00000003   PAD
    0x24005808        -       0x00000004   Zero   RW          253    .bss.g_request_queue  app_storage.o
    0x2400580c        -       0x00000004   Zero   RW          254    .bss.g_response_queue  app_storage.o
    0x24005810        -       0x0000000c   Zero   RW           35    .bss.g_runtime_context  main.o
    0x2400581c        -       0x00000004   Zero   RW           37    .bss.g_runtime_task_handle  main.o
    0x24005820        -       0x00000230   Zero   RW          260    .bss.g_sd_filesystem  app_storage.o
    0x24005a50        -       0x00000004   Zero   RW           53    .bss.g_sent_count   app_input.o
    0x24005a54        -       0x00000001   Zero   RW          257    .bss.g_storage_state  app_storage.o
    0x24005a55        -       0x00000001   Zero   RW           26    .bss.g_touch_ok     main.o
    0x24005a56   0x0800e1f8   0x00000002   PAD
    0x24005a58        -       0x00000004   Zero   RW           33    .bss.g_touch_queue  main.o
    0x24005a5c        -       0x000000c8   Zero   RW          434    .bss.g_usart_rx_buf  usart.o
    0x24005b24        -       0x00000002   Zero   RW          433    .bss.g_usart_rx_sta  usart.o
    0x24005b26        -       0x00000001   Zero   RW          731    .bss.gt9xxx_scan.t  gt9xxx.o
    0x24005b27   0x0800e1f8   0x00000001   PAD
    0x24005b28        -       0x0000000e   Zero   RW          564    .bss.lcddev         lcd.o
    0x24005b36   0x0800e1f8   0x00000002   PAD
    0x24005b38        -       0x00000020   Zero   RW          601    .bss.lcdltdc        ltdc.o
    0x24005b58        -       0x00000004   Zero   RW         1430    .bss.prvSampleTimeNow.xLastTime  timers.o
    0x24005b5c        -       0x00000004   Zero   RW         1339    .bss.pxCurrentTCB   tasks.o
    0x24005b60        -       0x00000004   Zero   RW         1428    .bss.pxCurrentTimerList  timers.o
    0x24005b64        -       0x00000004   Zero   RW         1349    .bss.pxDelayedTaskList  tasks.o
    0x24005b68        -       0x00000004   Zero   RW         1498    .bss.pxEnd          heap_4.o
    0x24005b6c        -       0x00000004   Zero   RW         1350    .bss.pxOverflowDelayedTaskList  tasks.o
    0x24005b70        -       0x00000004   Zero   RW         1429    .bss.pxOverflowTimerList  timers.o
    0x24005b74        -       0x000000a0   Zero   RW         1340    .bss.pxReadyTasksLists  tasks.o
    0x24005c14        -       0x00000001   Zero   RW           31    .bss.touch_bus_scl  main.o
    0x24005c15        -       0x00000001   Zero   RW           32    .bss.touch_bus_sda  main.o
    0x24005c16        -       0x00000001   Zero   RW           29    .bss.touch_scan_count  main.o
    0x24005c17        -       0x00000001   Zero   RW           30    .bss.touch_scan_first  main.o
    0x24005c18        -       0x00020000   Zero   RW         1501    .bss.ucHeap         heap_4.o
    0x24025c18        -       0x00000001   Zero   RW         1466    .bss.ucMaxSysCallPriority  port.o
    0x24025c19   0x0800e1f8   0x00000003   PAD
    0x24025c1c        -       0x00000004   Zero   RW         1467    .bss.ulMaxPRIGROUPValue  port.o
    0x24025c20        -       0x00000004   Zero   RW         1346    .bss.uxCurrentNumberOfTasks  tasks.o
    0x24025c24        -       0x00000004   Zero   RW         1345    .bss.uxDeletedTasksWaitingCleanUp  tasks.o
    0x24025c28        -       0x00000004   Zero   RW         1347    .bss.uxSchedulerSuspended  tasks.o
    0x24025c2c        -       0x00000004   Zero   RW         1342    .bss.uxTaskNumber   tasks.o
    0x24025c30        -       0x00000004   Zero   RW         1341    .bss.uxTopReadyPriority  tasks.o
    0x24025c34        -       0x00000014   Zero   RW         1431    .bss.xActiveTimerList1  timers.o
    0x24025c48        -       0x00000014   Zero   RW         1432    .bss.xActiveTimerList2  timers.o
    0x24025c5c        -       0x00000014   Zero   RW         1360    .bss.xDelayedTaskList1  tasks.o
    0x24025c70        -       0x00000014   Zero   RW         1361    .bss.xDelayedTaskList2  tasks.o
    0x24025c84        -       0x00000004   Zero   RW         1499    .bss.xFreeBytesRemaining  heap_4.o
    0x24025c88        -       0x00000004   Zero   RW         1355    .bss.xIdleTaskHandles  tasks.o
    0x24025c8c        -       0x00000004   Zero   RW         1502    .bss.xMinimumEverFreeBytesRemaining  heap_4.o
    0x24025c90        -       0x00000004   Zero   RW         1354    .bss.xNextTaskUnblockTime  tasks.o
    0x24025c94        -       0x00000004   Zero   RW         1358    .bss.xNumOfOverflows  tasks.o
    0x24025c98        -       0x00000004   Zero   RW         1503    .bss.xNumberOfSuccessfulAllocations  heap_4.o
    0x24025c9c        -       0x00000004   Zero   RW         1504    .bss.xNumberOfSuccessfulFrees  heap_4.o
    0x24025ca0        -       0x00000004   Zero   RW         1357    .bss.xPendedTicks   tasks.o
    0x24025ca4        -       0x00000014   Zero   RW         1351    .bss.xPendingReadyList  tasks.o
    0x24025cb8        -       0x00000040   Zero   RW         1118    .bss.xQueueRegistry  queue.o
    0x24025cf8        -       0x00000004   Zero   RW         1343    .bss.xSchedulerRunning  tasks.o
    0x24025cfc        -       0x00000008   Zero   RW         1500    .bss.xStart         heap_4.o
    0x24025d04        -       0x00000014   Zero   RW         1352    .bss.xSuspendedTaskList  tasks.o
    0x24025d18        -       0x00000014   Zero   RW         1344    .bss.xTasksWaitingTermination  tasks.o
    0x24025d2c        -       0x00000004   Zero   RW         1348    .bss.xTickCount     tasks.o
    0x24025d30        -       0x00000004   Zero   RW         1425    .bss.xTimerQueue    timers.o
    0x24025d34        -       0x00000004   Zero   RW         1427    .bss.xTimerTaskHandle  timers.o
    0x24025d38        -       0x00000004   Zero   RW         1353    .bss.xYieldPendings  tasks.o
    0x24025d3c   0x0800e1f8   0x00000004   PAD
    0x24025d40        -       0x00000000   Zero   RW            2    HEAP                startup_stm32h743xx.o
    0x24025d40        -       0x00000800   Zero   RW            1    STACK               startup_stm32h743xx.o



  Load Region LR_IROM2 (Base: 0x08100000, Size: 0x0000e080, Max: 0x00100000, ABSOLUTE)

    Execution Region ER_IROM2 (Exec base: 0x08100000, Load base: 0x08100000, Size: 0x0000e080, Max: 0x00100000, ABSOLUTE)

    Exec Addr    Load Addr    Size         Type   Attr      Idx    E Section Name        Object

    0x08100000   0x08100000   0x00000002   Code   RO         1822    .ARM.Collect$$libshutdown$$00000000  c_w.l(libshutdown.o)
    0x08100002   0x08100002   0x00000000   Code   RO         1830    .ARM.Collect$$libshutdown$$00000002  c_w.l(libshutdown2.o)
    0x08100002   0x08100002   0x00000000   Code   RO         1832    .ARM.Collect$$libshutdown$$00000004  c_w.l(libshutdown2.o)
    0x08100002   0x08100002   0x00000000   Code   RO         1835    .ARM.Collect$$libshutdown$$00000007  c_w.l(libshutdown2.o)
    0x08100002   0x08100002   0x00000000   Code   RO         1838    .ARM.Collect$$libshutdown$$0000000A  c_w.l(libshutdown2.o)
    0x08100002   0x08100002   0x00000000   Code   RO         1840    .ARM.Collect$$libshutdown$$0000000C  c_w.l(libshutdown2.o)
    0x08100002   0x08100002   0x00000000   Code   RO         1843    .ARM.Collect$$libshutdown$$0000000F  c_w.l(libshutdown2.o)
    0x08100002   0x08100002   0x00000002   Code   RO         1844    .ARM.Collect$$libshutdown$$00000010  c_w.l(libshutdown2.o)
    0x08100004   0x08100004   0x00000000   Code   RO         1549    .ARM.Collect$$rtentry$$00000000  c_w.l(__rtentry.o)
    0x08100004   0x08100004   0x00000000   Code   RO         1654    .ARM.Collect$$rtentry$$00000002  c_w.l(__rtentry2.o)
    0x08100004   0x08100004   0x00000006   Code   RO         1666    .ARM.Collect$$rtentry$$00000004  c_w.l(__rtentry4.o)
    0x0810000a   0x0810000a   0x00000000   Code   RO         1656    .ARM.Collect$$rtentry$$00000009  c_w.l(__rtentry2.o)
    0x0810000a   0x0810000a   0x00000004   Code   RO         1657    .ARM.Collect$$rtentry$$0000000A  c_w.l(__rtentry2.o)
    0x0810000e   0x0810000e   0x00000000   Code   RO         1659    .ARM.Collect$$rtentry$$0000000C  c_w.l(__rtentry2.o)
    0x0810000e   0x0810000e   0x00000008   Code   RO         1660    .ARM.Collect$$rtentry$$0000000D  c_w.l(__rtentry2.o)
    0x08100016   0x08100016   0x00000002   Code   RO         1749    .ARM.Collect$$rtexit$$00000000  c_w.l(rtexit.o)
    0x08100018   0x08100018   0x00000000   Code   RO         1804    .ARM.Collect$$rtexit$$00000002  c_w.l(rtexit2.o)
    0x08100018   0x08100018   0x00000004   Code   RO         1805    .ARM.Collect$$rtexit$$00000003  c_w.l(rtexit2.o)
    0x0810001c   0x0810001c   0x00000006   Code   RO         1806    .ARM.Collect$$rtexit$$00000004  c_w.l(rtexit2.o)
    0x08100022   0x08100022   0x00000002   Code   RO         1513    .text               c_w.l(use_no_semi_2.o)
    0x08100024   0x08100024   0x0000002c   Code   RO         1517    .text               c_w.l(sprintf.o)
    0x08100050   0x08100050   0x00000016   Code   RO         1525    .text               c_w.l(strrchr.o)
    0x08100066   0x08100066   0x00000064   Code   RO         1531    .text               c_w.l(rt_memcpy_w.o)
    0x081000ca   0x081000ca   0x00000044   Code   RO         1537    .text               c_w.l(rt_memclr.o)
    0x0810010e   0x0810010e   0x0000004e   Code   RO         1539    .text               c_w.l(rt_memclr_w.o)
    0x0810015c   0x0810015c   0x00000006   Code   RO         1543    .text               c_w.l(heapauxi.o)
    0x08100162   0x08100162   0x00000002   Code   RO         1547    .text               c_w.l(use_no_semi.o)
    0x08100164   0x08100164   0x00000024   Code   RO         1554    .text               c_w.l(_printf_truncate.o)
    0x08100188   0x08100188   0x00000052   Code   RO         1556    .text               c_w.l(_printf_str.o)
    0x081001da   0x081001da   0x00000002   PAD
    0x081001dc   0x081001dc   0x00000030   Code   RO         1562    .text               c_w.l(_printf_char_common.o)
    0x0810020c   0x0810020c   0x0000000a   Code   RO         1564    .text               c_w.l(_sputc.o)
    0x08100216   0x08100216   0x00000002   PAD
    0x08100218   0x08100218   0x0000007c   Code   RO         1573    .text               c_w.l(_printf_longlong_dec.o)
    0x08100294   0x08100294   0x00000094   Code   RO         1599    .text               c_w.l(_printf_hex_int_ll_ptr.o)
    0x08100328   0x08100328   0x00000188   Code   RO         1619    .text               c_w.l(__printf_flags_ss_wp.o)
    0x081004b0   0x081004b0   0x0000008a   Code   RO         1668    .text               c_w.l(lludiv10.o)
    0x0810053a   0x0810053a   0x000000b2   Code   RO         1670    .text               c_w.l(_printf_intcommon.o)
    0x081005ec   0x081005ec   0x0000041c   Code   RO         1672    .text               c_w.l(_printf_fp_dec.o)
    0x08100a08   0x08100a08   0x000002fc   Code   RO         1676    .text               c_w.l(_printf_fp_hex.o)
    0x08100d04   0x08100d04   0x0000002c   Code   RO         1683    .text               c_w.l(_printf_wchar.o)
    0x08100d30   0x08100d30   0x00000008   Code   RO         1686    .text               c_w.l(ferror.o)
    0x08100d38   0x08100d38   0x0000004a   Code   RO         1692    .text               c_w.l(sys_stackheap_outer.o)
    0x08100d82   0x08100d82   0x00000002   PAD
    0x08100d84   0x08100d84   0x00000010   Code   RO         1694    .text               c_w.l(rt_ctype_table.o)
    0x08100d94   0x08100d94   0x00000008   Code   RO         1699    .text               c_w.l(rt_locale_intlibspace.o)
    0x08100d9c   0x08100d9c   0x00000012   Code   RO         1733    .text               c_w.l(exit.o)
    0x08100dae   0x08100dae   0x00000002   PAD
    0x08100db0   0x08100db0   0x00000008   Code   RO         1746    .text               c_w.l(libspace.o)
    0x08100db8   0x08100db8   0x0000015a   Code   RO           49    .text.AppInputTask  app_input.o
    0x08100f12   0x08100f12   0x00000006   PAD
    0x08100f18   0x08100f18   0x00000128   Code   RO          192    .text.AppMonitorTask  app_monitor.o
    0x08101040   0x08101040   0x000000c6   Code   RO          159    .text.AppRuntimeTask  app_runtime.o
    0x08101106   0x08101106   0x00000002   PAD
    0x08101108   0x08101108   0x000000ce   Code   RO          215    .text.AppStorageTask  app_storage.o
    0x081011d6   0x081011d6   0x00000002   PAD
    0x081011d8   0x081011d8   0x00000062   Code   RO          793    .text.CmdError      sdmmc_sdcard.o
    0x0810123a   0x0810123a   0x00000006   PAD
    0x08101240   0x08101240   0x000000ae   Code   RO          803    .text.CmdResp2Error  sdmmc_sdcard.o
    0x081012ee   0x081012ee   0x00000002   PAD
    0x081012f0   0x081012f0   0x00000066   Code   RO          799    .text.CmdResp3Error  sdmmc_sdcard.o
    0x08101356   0x08101356   0x00000002   PAD
    0x08101358   0x08101358   0x00000118   Code   RO          805    .text.CmdResp6Error  sdmmc_sdcard.o
    0x08101470   0x08101470   0x0000002e   Code   RO          787    .text.SDMMC_Clock_Set  sdmmc_sdcard.o
    0x0810149e   0x0810149e   0x00000002   PAD
    0x081014a0   0x081014a0   0x0000004e   Code   RO          789    .text.SDMMC_Send_Cmd  sdmmc_sdcard.o
    0x081014ee   0x081014ee   0x00000002   PAD
    0x081014f0   0x081014f0   0x0000006a   Code   RO          791    .text.SDMMC_Send_Data_Cfg  sdmmc_sdcard.o
    0x0810155a   0x0810155a   0x00000006   PAD
    0x08101560   0x08101560   0x000001ca   Code   RO          779    .text.SD_InitializeCards  sdmmc_sdcard.o
    0x0810172a   0x0810172a   0x00000006   PAD
    0x08101730   0x08101730   0x0000024a   Code   RO          777    .text.SD_PowerON    sdmmc_sdcard.o
    0x0810197a   0x0810197a   0x00000006   PAD
    0x08101980   0x08101980   0x0000001c   Code   RO          783    .text.SD_SelectDeselect  sdmmc_sdcard.o
    0x0810199c   0x0810199c   0x00000004   PAD
    0x081019a0   0x081019a0   0x00000504   Code   RO          811    .text.SD_WriteBlocks  sdmmc_sdcard.o
    0x08101ea4   0x08101ea4   0x00000004   PAD
    0x08101ea8   0x08101ea8   0x000000cc   Code   RO          823    .text.SD_WriteDisk  sdmmc_sdcard.o
    0x08101f74   0x08101f74   0x00000004   PAD
    0x08101f78   0x08101f78   0x000000e2   Code   RO          429    .text.USART1_IRQHandler  usart.o
    0x0810205a   0x0810205a   0x00000006   PAD
    0x08102060   0x08102060   0x00000008   Code   RO          423    .text._sys_exit     usart.o
    0x08102068   0x08102068   0x00000094   Code   RO          340    .text.app_draw_append_point  app_draw.o
    0x081020fc   0x081020fc   0x00000004   PAD
    0x08102100   0x08102100   0x00000010   Code   RO          328    .text.app_draw_close  app_draw.o
    0x08102110   0x08102110   0x0000006c   Code   RO          348    .text.app_draw_copy_text  app_draw.o
    0x0810217c   0x0810217c   0x00000004   PAD
    0x08102180   0x08102180   0x00000246   Code   RO          330    .text.app_draw_handle_event  app_draw.o
    0x081023c6   0x081023c6   0x00000002   PAD
    0x081023c8   0x081023c8   0x00000052   Code   RO          338    .text.app_draw_point_is_inside  app_draw.o
    0x0810241a   0x0810241a   0x00000006   PAD
    0x08102420   0x08102420   0x0000002c   Code   RO          326    .text.app_draw_redraw  app_draw.o
    0x0810244c   0x0810244c   0x00000004   PAD
    0x08102450   0x08102450   0x000000c0   Code   RO          342    .text.app_draw_update  app_draw.o
    0x08102510   0x08102510   0x00000026   Code   RO          336    .text.app_draw_update_controls  app_draw.o
    0x08102536   0x08102536   0x00000002   PAD
    0x08102538   0x08102538   0x000000a8   Code   RO          282    .text.app_files_edit  app_files.o
    0x081025e0   0x081025e0   0x00000070   Code   RO          304    .text.app_files_error_text  app_files.o
    0x08102650   0x08102650   0x00000206   Code   RO          294    .text.app_files_handle_response  app_files.o
    0x08102856   0x08102856   0x00000002   PAD
    0x08102858   0x08102858   0x00000062   Code   RO          308    .text.app_files_is_text_file  app_files.o
    0x081028ba   0x081028ba   0x00000006   PAD
    0x081028c0   0x081028c0   0x0000007c   Code   RO          274    .text.app_files_redraw  app_files.o
    0x0810293c   0x0810293c   0x00000004   PAD
    0x08102940   0x08102940   0x0000009a   Code   RO          284    .text.app_files_save  app_files.o
    0x081029da   0x081029da   0x00000006   PAD
    0x081029e0   0x081029e0   0x00000078   Code   RO          298    .text.app_files_submit  app_files.o
    0x08102a58   0x08102a58   0x0000003e   Code   RO           51    .text.app_input_send  app_input.o
    0x08102a96   0x08102a96   0x00000002   PAD
    0x08102a98   0x08102a98   0x00000080   Code   RO          175    .text.app_runtime_enter_application  app_runtime.o
    0x08102b18   0x08102b18   0x00000068   Code   RO          173    .text.app_runtime_enter_desktop  app_runtime.o
    0x08102b80   0x08102b80   0x00000116   Code   RO          167    .text.app_runtime_update  app_runtime.o
    0x08102c96   0x08102c96   0x00000002   PAD
    0x08102c98   0x08102c98   0x0000006c   Code   RO          237    .text.app_storage_copy_text  app_storage.o
    0x08102d04   0x08102d04   0x00000004   PAD
    0x08102d08   0x08102d08   0x000000c4   Code   RO          241    .text.app_storage_create  app_storage.o
    0x08102dcc   0x08102dcc   0x00000004   PAD
    0x08102dd0   0x08102dd0   0x0000007e   Code   RO          217    .text.app_storage_mount  app_storage.o
    0x08102e4e   0x08102e4e   0x00000002   PAD
    0x08102e50   0x08102e50   0x000000a0   Code   RO          223    .text.app_storage_process  app_storage.o
    0x08102ef0   0x08102ef0   0x0000003c   Code   RO          209    .text.app_storage_receive_binary  app_storage.o
    0x08102f2c   0x08102f2c   0x00000004   PAD
    0x08102f30   0x08102f30   0x00000066   Code   RO          249    .text.app_storage_set_file_type  app_storage.o
    0x08102f96   0x08102f96   0x00000002   PAD
    0x08102f98   0x08102f98   0x000001ac   Code   RO          251    .text.app_storage_sort_files  app_storage.o
    0x08103144   0x08103144   0x00000004   PAD
    0x08103148   0x08103148   0x0000018c   Code   RO           21    .text.app_tasks_start  main.o
    0x081032d4   0x081032d4   0x00000004   PAD
    0x081032d8   0x081032d8   0x00000146   Code   RO          116    .text.app_ui_draw_action_at  app_ui.o
    0x0810341e   0x0810341e   0x00000002   PAD
    0x08103420   0x08103420   0x000000ca   Code   RO          110    .text.app_ui_draw_color_button  app_ui.o
    0x081034ea   0x081034ea   0x00000006   PAD
    0x081034f0   0x081034f0   0x000000ba   Code   RO           70    .text.app_ui_draw_key  app_ui.o
    0x081035aa   0x081035aa   0x00000006   PAD
    0x081035b0   0x081035b0   0x00000084   Code   RO          136    .text.app_ui_draw_metric_panel  app_ui.o
    0x08103634   0x08103634   0x00000004   PAD
    0x08103638   0x08103638   0x00000064   Code   RO          114    .text.app_ui_draw_stroke  app_ui.o
    0x0810369c   0x0810369c   0x00000004   PAD
    0x081036a0   0x081036a0   0x000001a2   Code   RO          132    .text.app_ui_files_action_at  app_ui.o
    0x08103842   0x08103842   0x00000006   PAD
    0x08103848   0x08103848   0x00000092   Code   RO          130    .text.app_ui_files_row_at  app_ui.o
    0x081038da   0x081038da   0x00000006   PAD
    0x081038e0   0x081038e0   0x000000e4   Code   RO           76    .text.app_ui_login_key_at  app_ui.o
    0x081039c4   0x081039c4   0x00000004   PAD
    0x081039c8   0x081039c8   0x00000020   Code   RO           94    .text.app_ui_move_cursor  app_ui.o
    0x081039e8   0x081039e8   0x00000114   Code   RO           98    .text.app_ui_select_desktop_icon  app_ui.o
    0x08103afc   0x08103afc   0x00000004   PAD
    0x08103b00   0x08103b00   0x000000f8   Code   RO          102    .text.app_ui_show_application  app_ui.o
    0x08103bf8   0x08103bf8   0x00000090   Code   RO           66    .text.app_ui_show_centered  app_ui.o
    0x08103c88   0x08103c88   0x000000c4   Code   RO          124    .text.app_ui_show_files_status  app_ui.o
    0x08103d4c   0x08103d4c   0x00000004   PAD
    0x08103d50   0x08103d50   0x000000a4   Code   RO           78    .text.app_ui_show_locked  app_ui.o
    0x08103df4   0x08103df4   0x00000004   PAD
    0x08103df8   0x08103df8   0x00000170   Code   RO           68    .text.app_ui_show_login  app_ui.o
    0x08103f68   0x08103f68   0x0000008a   Code   RO          134    .text.app_ui_show_monitor  app_ui.o
    0x08103ff2   0x08103ff2   0x00000006   PAD
    0x08103ff8   0x08103ff8   0x000000fe   Code   RO           64    .text.app_ui_show_text  app_ui.o
    0x081040f6   0x081040f6   0x00000002   PAD
    0x081040f8   0x081040f8   0x000000c0   Code   RO          120    .text.app_ui_show_u32  app_ui.o
    0x081041b8   0x081041b8   0x0000008e   Code   RO           86    .text.app_ui_update_desktop_time  app_ui.o
    0x08104246   0x08104246   0x00000002   PAD
    0x08104248   0x08104248   0x00000198   Code   RO          106    .text.app_ui_update_draw_controls  app_ui.o
    0x081043e0   0x081043e0   0x00000068   Code   RO           80    .text.app_ui_update_locked  app_ui.o
    0x08104448   0x08104448   0x0000024e   Code   RO          138    .text.app_ui_update_monitor  app_ui.o
    0x08104696   0x08104696   0x00000002   PAD
    0x08104698   0x08104698   0x0000002c   Code   RO           19    .text.at24c02_probe  main.o
    0x081046c4   0x081046c4   0x00000004   PAD
    0x081046c8   0x081046c8   0x00000008   Code   RO          623    .text.at24cxx_init  24cxx.o
    0x081046d0   0x081046d0   0x0000003a   Code   RO          631    .text.at24cxx_read  24cxx.o
    0x0810470a   0x0810470a   0x00000006   PAD
    0x08104710   0x08104710   0x00000058   Code   RO          625    .text.at24cxx_read_one_byte  24cxx.o
    0x08104768   0x08104768   0x00000040   Code   RO          633    .text.at24cxx_write  24cxx.o
    0x081047a8   0x081047a8   0x0000004a   Code   RO          627    .text.at24cxx_write_one_byte  24cxx.o
    0x081047f2   0x081047f2   0x00000006   PAD
    0x081047f8   0x081047f8   0x000001e2   Code   RO          879    .text.create_chain  ff.o
    0x081049da   0x081049da   0x00000006   PAD
    0x081049e0   0x081049e0   0x000001da   Code   RO          941    .text.create_name   ff.o
    0x08104bba   0x08104bba   0x00000006   PAD
    0x08104bc0   0x08104bc0   0x00000028   Code   RO          685    .text.ct_iic_check_device  ctiic.o
    0x08104be8   0x08104be8   0x0000000a   Code   RO          673    .text.ct_iic_delay  ctiic.o
    0x08104bf2   0x08104bf2   0x00000006   PAD
    0x08104bf8   0x08104bf8   0x00000044   Code   RO          669    .text.ct_iic_stop   ctiic.o
    0x08104c3c   0x08104c3c   0x00000004   PAD
    0x08104c40   0x08104c40   0x00000020   Code   RO          947    .text.dbc_2nd       ff.o
    0x08104c60   0x08104c60   0x0000003e   Code   RO          366    .text.delay_init    delay.o
    0x08104c9e   0x08104c9e   0x00000002   PAD
    0x08104ca0   0x08104ca0   0x0000001a   Code   RO          370    .text.delay_ms      delay.o
    0x08104cba   0x08104cba   0x00000006   PAD
    0x08104cc0   0x08104cc0   0x000000a2   Code   RO          951    .text.dir_alloc     ff.o
    0x08104d62   0x08104d62   0x00000006   PAD
    0x08104d68   0x08104d68   0x000000b4   Code   RO          943    .text.dir_find      ff.o
    0x08104e1c   0x08104e1c   0x00000004   PAD
    0x08104e20   0x08104e20   0x00000054   Code   RO          968    .text.disk_initialize  diskio.o
    0x08104e74   0x08104e74   0x00000004   PAD
    0x08104e78   0x08104e78   0x00000060   Code   RO          970    .text.disk_read     diskio.o
    0x08104ed8   0x08104ed8   0x00000096   Code   RO          845    .text.f_mount       ff.o
    0x08104f6e   0x08104f6e   0x00000002   PAD
    0x08104f70   0x08104f70   0x00000338   Code   RO          851    .text.f_open        ff.o
    0x081052a8   0x081052a8   0x000000d2   Code   RO          891    .text.f_opendir     ff.o
    0x0810537a   0x0810537a   0x00000006   PAD
    0x08105380   0x08105380   0x0000026c   Code   RO          871    .text.f_read        ff.o
    0x081055ec   0x081055ec   0x00000004   PAD
    0x081055f0   0x081055f0   0x0000008a   Code   RO          895    .text.f_readdir     ff.o
    0x0810567a   0x0810567a   0x00000006   PAD
    0x08105680   0x08105680   0x000001ba   Code   RO          921    .text.f_rename      ff.o
    0x0810583a   0x0810583a   0x00000006   PAD
    0x08105840   0x08105840   0x000002d6   Code   RO          877    .text.f_write       ff.o
    0x08105b16   0x08105b16   0x00000002   PAD
    0x08105b18   0x08105b18   0x00000154   Code   RO          698    .text.ft5206_init   ft5206.o
    0x08105c6c   0x08105c6c   0x00000004   PAD
    0x08105c70   0x08105c70   0x0000007e   Code   RO          696    .text.ft5206_rd_reg  ft5206.o
    0x08105cee   0x08105cee   0x00000002   PAD
    0x08105cf0   0x08105cf0   0x00000132   Code   RO          841    .text.get_fat       ff.o
    0x08105e22   0x08105e22   0x00000006   PAD
    0x08105e28   0x08105e28   0x000000c4   Code   RO          899    .text.get_fileinfo  ff.o
    0x08105eec   0x08105eec   0x00000004   PAD
    0x08105ef0   0x08105ef0   0x000000b6   Code   RO          847    .text.get_ldnumber  ff.o
    0x08105fa6   0x08105fa6   0x00000002   PAD
    0x08105fa8   0x08105fa8   0x0000000e   Code   RO          712    .text.gt9xxx_get_i2c_address  gt9xxx.o
    0x08105fb6   0x08105fb6   0x00000002   PAD
    0x08105fb8   0x08105fb8   0x00000050   Code   RO          652    .text.iic_ack       myiic.o
    0x08106008   0x08106008   0x0000000a   Code   RO          648    .text.iic_delay     myiic.o
    0x08106012   0x08106012   0x00000006   PAD
    0x08106018   0x08106018   0x0000003e   Code   RO          654    .text.iic_nack      myiic.o
    0x08106056   0x08106056   0x00000002   PAD
    0x08106058   0x08106058   0x00000094   Code   RO          658    .text.iic_read_byte  myiic.o
    0x081060ec   0x081060ec   0x00000004   PAD
    0x081060f0   0x081060f0   0x00000086   Code   RO          650    .text.iic_wait_ack  myiic.o
    0x08106176   0x08106176   0x00000002   PAD
    0x08106178   0x08106178   0x0000007a   Code   RO          532    .text.lcd_clear     lcd.o
    0x081061f2   0x081061f2   0x00000006   PAD
    0x081061f8   0x081061f8   0x0000006e   Code   RO          540    .text.lcd_draw_hline  lcd.o
    0x08106266   0x08106266   0x00000002   PAD
    0x08106268   0x08106268   0x00000130   Code   RO          538    .text.lcd_draw_line  lcd.o
    0x08106398   0x08106398   0x0000004c   Code   RO          522    .text.lcd_draw_point  lcd.o
    0x081063e4   0x081063e4   0x00000004   PAD
    0x081063e8   0x081063e8   0x00000090   Code   RO          542    .text.lcd_draw_rectangle  lcd.o
    0x08106478   0x08106478   0x0000036e   Code   RO          502    .text.lcd_ex_ili9806_reginit  lcd.o
    0x081067e6   0x081067e6   0x00000002   PAD
    0x081067e8   0x081067e8   0x00000182   Code   RO          504    .text.lcd_ex_ssd1963_reginit  lcd.o
    0x0810696a   0x0810696a   0x00000006   PAD
    0x08106970   0x08106970   0x000001e0   Code   RO          496    .text.lcd_ex_st7796_reginit  lcd.o
    0x08106b50   0x08106b50   0x0000013c   Code   RO          546    .text.lcd_fill_circle  lcd.o
    0x08106c8c   0x08106c8c   0x00000004   PAD
    0x08106c90   0x08106c90   0x00000016   Code   RO          512    .text.lcd_rd_data   lcd.o
    0x08106ca6   0x08106ca6   0x00000002   PAD
    0x08106ca8   0x08106ca8   0x0000012e   Code   RO          508    .text.lcd_read_point  lcd.o
    0x08106dd6   0x08106dd6   0x00000002   PAD
    0x08106dd8   0x08106dd8   0x000000ea   Code   RO          556    .text.lcd_show_string  lcd.o
    0x08106ec2   0x08106ec2   0x00000006   PAD
    0x08106ec8   0x08106ec8   0x00000060   Code   RO          524    .text.lcd_ssd_backlight_set  lcd.o
    0x08106f28   0x08106f28   0x00000020   Code   RO          488    .text.lcd_wr_regno  lcd.o
    0x08106f48   0x08106f48   0x00000016   Code   RO          506    .text.lcd_write_ram_prepare  lcd.o
    0x08106f5e   0x08106f5e   0x00000002   PAD
    0x08106f60   0x08106f60   0x00000036   Code   RO          857    .text.ld_clust      ff.o
    0x08106f96   0x08106f96   0x00000002   PAD
    0x08106f98   0x08106f98   0x00000034   Code   RO          867    .text.ld_dword      ff.o
    0x08106fcc   0x08106fcc   0x00000004   PAD
    0x08106fd0   0x08106fd0   0x00000076   Code   RO          443    .text.led_init      led.o
    0x08107046   0x08107046   0x00000002   PAD
    0x08107048   0x08107048   0x00000156   Code   RO          591    .text.ltdc_clk_set  ltdc.o
    0x0810719e   0x0810719e   0x00000002   PAD
    0x081071a0   0x081071a0   0x0000008c   Code   RO          581    .text.ltdc_draw_point  ltdc.o
    0x0810722c   0x0810722c   0x00000004   PAD
    0x08107230   0x08107230   0x000001b0   Code   RO          585    .text.ltdc_fill     ltdc.o
    0x081073e0   0x081073e0   0x000004f6   Code   RO          599    .text.ltdc_init     ltdc.o
    0x081078d6   0x081078d6   0x00000002   PAD
    0x081078d8   0x081078d8   0x00000082   Code   RO          575    .text.ltdc_layer_switch  ltdc.o
    0x0810795a   0x0810795a   0x00000006   PAD
    0x08107960   0x08107960   0x00000006   Code   RO          597    .text.ltdc_panelid_read  ltdc.o
    0x08107966   0x08107966   0x00000002   PAD
    0x08107968   0x08107968   0x00000036   Code   RO          573    .text.ltdc_switch   ltdc.o
    0x0810799e   0x0810799e   0x00000002   PAD
    0x081079a0   0x081079a0   0x00000140   Code   RO           11    .text.main          main.o
    0x08107ae0   0x08107ae0   0x00000056   Code   RO          939    .text.mem_cmp       ff.o
    0x08107b36   0x08107b36   0x00000002   PAD
    0x08107b38   0x08107b38   0x0000003c   Code   RO          875    .text.mem_cpy       ff.o
    0x08107b74   0x08107b74   0x00000004   PAD
    0x08107b78   0x08107b78   0x0000002a   Code   RO          869    .text.mem_set       ff.o
    0x08107ba2   0x08107ba2   0x00000006   PAD
    0x08107ba8   0x08107ba8   0x00000022   Code   RO          451    .text.mpu_disable   mpu.o
    0x08107bca   0x08107bca   0x00000006   PAD
    0x08107bd0   0x08107bd0   0x0000001e   Code   RO          453    .text.mpu_enable    mpu.o
    0x08107bee   0x08107bee   0x00000002   PAD
    0x08107bf0   0x08107bf0   0x000000e0   Code   RO          459    .text.mpu_memory_protection  mpu.o
    0x08107cd0   0x08107cd0   0x000000e8   Code   RO          455    .text.mpu_set_protection  mpu.o
    0x08107db8   0x08107db8   0x00000042   Code   RO         1066    .text.prvCopyDataFromQueue  queue.o
    0x08107dfa   0x08107dfa   0x00000006   PAD
    0x08107e00   0x08107e00   0x000000cc   Code   RO         1052    .text.prvCopyDataToQueue  queue.o
    0x08107ecc   0x08107ecc   0x00000004   PAD
    0x08107ed0   0x08107ed0   0x000000a4   Code   RO         1237    .text.prvCreateIdleTasks  tasks.o
    0x08107f74   0x08107f74   0x00000004   PAD
    0x08107f78   0x08107f78   0x00000018   Code   RO         1199    .text.prvDeleteTCB  tasks.o
    0x08107f90   0x08107f90   0x000000aa   Code   RO         1478    .text.prvHeapInit   heap_4.o
    0x0810803a   0x0810803a   0x00000006   PAD
    0x08108040   0x08108040   0x00000038   Code   RO         1335    .text.prvIdleTask   tasks.o
    0x08108078   0x08108078   0x0000008e   Code   RO         1333    .text.prvInitialiseTaskLists  tasks.o
    0x08108106   0x08108106   0x00000002   PAD
    0x08108108   0x08108108   0x00000028   Code   RO         1454    .text.prvPortStartFirstTask  port.o
    0x08108130   0x08108130   0x00000164   Code   RO         1413    .text.prvProcessReceivedCommands  timers.o
    0x08108294   0x08108294   0x00000004   PAD
    0x08108298   0x08108298   0x0000009a   Code   RO         1411    .text.prvProcessTimerOrBlockTask  timers.o
    0x08108332   0x08108332   0x00000006   PAD
    0x08108338   0x08108338   0x0000003c   Code   RO         1197    .text.prvResetNextTaskUnblockTime  tasks.o
    0x08108374   0x08108374   0x00000004   PAD
    0x08108378   0x08108378   0x00000052   Code   RO         1419    .text.prvSwitchTimerLists  timers.o
    0x081083ca   0x081083ca   0x00000006   PAD
    0x081083d0   0x081083d0   0x0000002e   Code   RO         1289    .text.prvTaskCheckFreeStackSpace  tasks.o
    0x081083fe   0x081083fe   0x00000002   PAD
    0x08108400   0x08108400   0x00000058   Code   RO         1442    .text.prvTaskExitError  port.o
    0x08108458   0x08108458   0x0000001e   Code   RO         1373    .text.prvTimerTask  timers.o
    0x08108476   0x08108476   0x00000002   PAD
    0x08108478   0x08108478   0x0000005e   Code   RO         1440    .text.pxPortInitialiseStack  port.o
    0x081084d6   0x081084d6   0x00000002   PAD
    0x081084d8   0x081084d8   0x000000f4   Code   RO          863    .text.remove_chain  ff.o
    0x081085cc   0x081085cc   0x00000004   PAD
    0x081085d0   0x081085d0   0x00000228   Code   RO          473    .text.sdram_init    sdram.o
    0x081087f8   0x081087f8   0x00000098   Code   RO          471    .text.sdram_send_cmd  sdram.o
    0x08108890   0x08108890   0x00000102   Code   RO           13    .text.sdram_test    main.o
    0x08108992   0x08108992   0x00000006   PAD
    0x08108998   0x08108998   0x00000032   Code   RO          861    .text.st_clust      ff.o
    0x081089ca   0x081089ca   0x00000006   PAD
    0x081089d0   0x081089d0   0x00000044   Code   RO          859    .text.st_dword      ff.o
    0x08108a14   0x08108a14   0x00000004   PAD
    0x08108a18   0x08108a18   0x000000c8   Code   RO          885    .text.sync_fs       ff.o
    0x08108ae0   0x08108ae0   0x0000008a   Code   RO          388    .text.sys_gpio_af_set  sys.o
    0x08108b6a   0x08108b6a   0x00000006   PAD
    0x08108b70   0x08108b70   0x0000002e   Code   RO          394    .text.sys_gpio_pin_get  sys.o
    0x08108b9e   0x08108b9e   0x00000002   PAD
    0x08108ba0   0x08108ba0   0x00000038   Code   RO          392    .text.sys_gpio_pin_set  sys.o
    0x08108bd8   0x08108bd8   0x000000f2   Code   RO          390    .text.sys_gpio_set  sys.o
    0x08108cca   0x08108cca   0x00000006   PAD
    0x08108cd0   0x08108cd0   0x00000004   Code   RO          398    .text.sys_intx_disable  sys.o
    0x08108cd4   0x08108cd4   0x00000004   PAD
    0x08108cd8   0x08108cd8   0x00000004   Code   RO          400    .text.sys_intx_enable  sys.o
    0x08108cdc   0x08108cdc   0x00000004   PAD
    0x08108ce0   0x08108ce0   0x00000084   Code   RO          382    .text.sys_nvic_init  sys.o
    0x08108d64   0x08108d64   0x00000004   PAD
    0x08108d68   0x08108d68   0x000000d6   Code   RO           17    .text.touch_controller_init  main.o
    0x08108e3e   0x08108e3e   0x00000002   PAD
    0x08108e40   0x08108e40   0x00000150   Code   RO           23    .text.touch_i2c_diagnose  main.o
    0x08108f90   0x08108f90   0x000001b4   Code   RO          755    .text.tp_adjust_info_show  touch.o
    0x08109144   0x08109144   0x00000004   PAD
    0x08109148   0x08109148   0x000000ca   Code   RO          753    .text.tp_draw_touch_point  touch.o
    0x08109212   0x08109212   0x00000006   PAD
    0x08109218   0x08109218   0x0000004c   Code   RO          751    .text.tp_get_adjust_data  touch.o
    0x08109264   0x08109264   0x00000004   PAD
    0x08109268   0x08109268   0x0000011c   Code   RO          759    .text.tp_read_xoy   touch.o
    0x08109384   0x08109384   0x00000004   PAD
    0x08109388   0x08109388   0x0000005a   Code   RO          757    .text.tp_read_xy    touch.o
    0x081093e2   0x081093e2   0x00000006   PAD
    0x081093e8   0x081093e8   0x00000108   Code   RO          431    .text.usart_init    usart.o
    0x081094f0   0x081094f0   0x00000048   Code   RO         1023    .text.uxListRemove  list.o
    0x08109538   0x08109538   0x0000003e   Code   RO         1078    .text.uxQueueMessagesWaiting  queue.o
    0x08109576   0x08109576   0x00000002   PAD
    0x08109578   0x08109578   0x0000005c   Code   RO         1291    .text.uxTaskGetStackHighWaterMark  tasks.o
    0x081095d4   0x081095d4   0x00000004   PAD
    0x081095d8   0x081095d8   0x0000002e   Code   RO         1015    .text.vListInitialise  list.o
    0x08109606   0x08109606   0x00000002   PAD
    0x08109608   0x08109608   0x00000014   Code   RO         1452    .text.vPortEnableVFP  port.o
    0x0810961c   0x0810961c   0x00000004   PAD
    0x08109620   0x08109620   0x00000126   Code   RO         1480    .text.vPortFree     heap_4.o
    0x08109746   0x08109746   0x00000002   PAD
    0x08109748   0x08109748   0x000000be   Code   RO         1102    .text.vQueueAddToRegistry  queue.o
    0x08109806   0x08109806   0x00000002   PAD
    0x08109808   0x08109808   0x00000064   Code   RO         1106    .text.vQueueWaitForMessageRestricted  queue.o
    0x0810986c   0x0810986c   0x00000004   PAD
    0x08109870   0x08109870   0x0000000e   Code   RO         1281    .text.vTaskMissedYield  tasks.o
    0x0810987e   0x0810987e   0x00000002   PAD
    0x08109880   0x08109880   0x00000088   Code   RO         1269    .text.vTaskPlaceOnEventListRestricted  tasks.o
    0x08109908   0x08109908   0x0000009c   Code   RO         1235    .text.vTaskStartScheduler  tasks.o
    0x081099a4   0x081099a4   0x00000004   PAD
    0x081099a8   0x081099a8   0x00000010   Code   RO         1203    .text.vTaskSuspendAll  tasks.o
    0x081099b8   0x081099b8   0x0000000c   Code   RO         1484    .text.xPortGetFreeHeapSize  heap_4.o
    0x081099c4   0x081099c4   0x00000004   PAD
    0x081099c8   0x081099c8   0x000001c4   Code   RO         1446    .text.xPortStartScheduler  port.o
    0x08109b8c   0x08109b8c   0x00000004   PAD
    0x08109b90   0x08109b90   0x00000294   Code   RO         1044    .text.xQueueGenericSend  queue.o
    0x08109e24   0x08109e24   0x00000004   PAD
    0x08109e28   0x08109e28   0x000000e2   Code   RO         1279    .text.xTaskCheckForTimeOut  tasks.o
    0x08109f0a   0x08109f0a   0x00000006   PAD
    0x08109f10   0x08109f10   0x00000014   Code   RO         1245    .text.xTaskGetTickCount  tasks.o
    0x08109f24   0x08109f24   0x00000004   PAD
    0x08109f28   0x08109f28   0x0000027c   Code   RO         1243    .text.xTaskIncrementTick  tasks.o
    0x0810a1a4   0x0810a1a4   0x00000004   PAD
    0x0810a1a8   0x0810a1a8   0x00000074   Code   RO         1369    .text.xTimerCreateTimerTask  timers.o
    0x0810a21c   0x0810a21c   0x0000003e   Code   RO         1706    CL$$btod_d2e        c_w.l(btod.o)
    0x0810a25a   0x0810a25a   0x00000046   Code   RO         1708    CL$$btod_d2e_denorm_low  c_w.l(btod.o)
    0x0810a2a0   0x0810a2a0   0x00000060   Code   RO         1707    CL$$btod_d2e_norm_op1  c_w.l(btod.o)
    0x0810a300   0x0810a300   0x000000dc   Code   RO         1713    CL$$btod_e2e        c_w.l(btod.o)
    0x0810a3dc   0x0810a3dc   0x0000002a   Code   RO         1709    CL$$btod_emul       c_w.l(btod.o)
    0x0810a406   0x0810a406   0x00000244   Code   RO         1715    CL$$btod_mult_common  c_w.l(btod.o)
    0x0810a64a   0x0810a64a   0x00000002   PAD
    0x0810a64c   0x0810a64c   0x0000002c   Code   RO         1754    locale$$code        c_w.l(lc_ctype_c.o)
    0x0810a678   0x0810a678   0x0000001a   Code   RO         1814    x$fpl$fpinit        fz_wv.l(fpinit.o)
    0x0810a692   0x0810a692   0x00000004   Code   RO         1645    x$fpl$printf1       fz_wv.l(printf1.o)
    0x0810a696   0x0810a696   0x00000004   Code   RO         1647    x$fpl$printf2       fz_wv.l(printf2.o)
    0x0810a69a   0x0810a69a   0x00000000   Code   RO         1743    x$fpl$usenofp       fz_wv.l(usenofp.o)
    0x0810a69a   0x0810a69a   0x00000002   PAD
    0x0810a69c   0x0810a69c   0x00000008   Data   RO         1571    .constdata          c_w.l(_printf_wctomb.o)
    0x0810a6a4   0x0810a6a4   0x00000028   Data   RO         1600    .constdata          c_w.l(_printf_hex_int_ll_ptr.o)
    0x0810a6cc   0x0810a6cc   0x00000026   Data   RO         1677    .constdata          c_w.l(_printf_fp_hex.o)
    0x0810a6f2   0x0810a6f2   0x00000080   Data   RO          958    .rodata.ExCvt       ff.o
    0x0810a772   0x0810a772   0x0000000a   Data   RO          703    .rodata.FT5206_TPX_TBL  ft5206.o
    0x0810a77c   0x0810a77c   0x00000033   Data   RO          314    .rodata.app_files_create.initial_content  app_files.o
    0x0810a7af   0x0810a7af   0x00000014   Data   RO          313    .rodata.app_files_edit.edit_line  app_files.o
    0x0810a7c3   0x0810a7c3   0x00000474   Data   RO          558    .rodata.asc2_1206   lcd.o
    0x0810ac37   0x0810ac37   0x000005f0   Data   RO          559    .rodata.asc2_1608   lcd.o
    0x0810b227   0x0810b227   0x00000d5c   Data   RO          560    .rodata.asc2_2412   lcd.o
    0x0810bf83   0x0810bf83   0x000017c0   Data   RO          561    .rodata.asc2_3216   lcd.o
    0x0810d743   0x0810d743   0x000000d0   Data   RO          151    .rodata.g_cursor_bitmap  app_ui.o
    0x0810d813   0x0810d813   0x00000001   PAD
    0x0810d814   0x0810d814   0x00000048   Data   RO          148    .rodata.g_desktop_icons  app_ui.o
    0x0810d85c   0x0810d85c   0x00000004   Data   RO          182    .rodata.g_password  app_runtime.o
    0x0810d860   0x0810d860   0x000002e4   Data   RO          144    .rodata.str1.1      app_ui.o
    0x0810db44   0x0810db44   0x00000026   Data   RO          181    .rodata.str1.1      app_runtime.o
    0x0810db6a   0x0810db6a   0x0000004d   Data   RO          195    .rodata.str1.1      app_monitor.o
    0x0810dbb7   0x0810dbb7   0x00000345   Data   RO          311    .rodata.str1.1      app_files.o
    0x0810defc   0x0810defc   0x00000028   Data   RO          463    .rodata.str1.1      mpu.o
    0x0810df24   0x0810df24   0x0000000c   Data   RO          565    .rodata.str1.1      lcd.o
    0x0810df30   0x0810df30   0x0000002c   Data   RO          702    .rodata.str1.1      ft5206.o
    0x0810df5c   0x0810df5c   0x0000000d   Data   RO         1426    .rodata.str1.1      timers.o
    0x0810df69   0x0810df69   0x00000003   PAD
    0x0810df6c   0x0810df6c   0x00000004   Data   RO         1356    .rodata.uxTopUsedPriority  tasks.o
    0x0810df70   0x0810df70   0x00000110   Data   RO         1753    locale$$data        c_w.l(lc_ctype_c.o)



  Load Region LR$$.bss.ARM.__at_0XC0000000 (Base: 0xc0000000, Size: 0x00000000, Max: 0x001f4000, ABSOLUTE)

    Execution Region ER$$.bss.ARM.__at_0XC0000000 (Exec base: 0xc0000000, Load base: 0xc0000000, Size: 0x001f4000, Max: 0x001f4000, ABSOLUTE, UNINIT)

    Exec Addr    Load Addr    Size         Type   Attr      Idx    E Section Name        Object

    0xc0000000        -       0x001f4000   Zero   RW          603    .bss.ARM.__at_0XC0000000  ltdc.o


==============================================================================

Image component sizes


      Code (inc. data)   RO Data    RW Data    ZI Data      Debug   Object Name

       292          0          0          0          0       1545   24cxx.o
      2372          0        366          0      16480       7115   app_draw.o
      3136         12        908          0       2892       8420   app_files.o
       452          0          0          0          8       2318   app_input.o
       370          0         77          0         28       2674   app_monitor.o
      1546          0         42          0          0       6110   app_runtime.o
      4094          6        416          0       1949      11792   app_storage.o
     10482          0       1080          1        773      15898   app_ui.o
       882          0          0          0          0       3838   ctiic.o
       226          0          0          0          4       1359   delay.o
       532          4          0          1          0       2945   diskio.o
     10544          0        153          0          6      26269   ff.o
      1230          0         54          0          1       3952   ft5206.o
      2034          0        250          3          1       5033   gt9xxx.o
      1622          0          0          0     131100       5245   heap_4.o
     17160         46      12172          4         14      15558   lcd.o
       118          0          0          0          0       2416   led.o
       238          0          0          0          0       2221   list.o
      3412          0          0          0    2048040       8676   ltdc.o
      1668          0        557          8         54       4267   main.o
       634          0         40          0          0       3443   mpu.o
       792          0          0          0          0       3631   myiic.o
      1118         16          0          4          5       4032   port.o
      2856          0          0          0         64      17857   queue.o
      7532          0         51          0        637      15928   sdmmc_sdcard.o
       704          0          0          0          0       3618   sdram.o
        72         22        664          0       2048        980   startup_stm32h743xx.o
      1884          0          0          0          0      13080   sys.o
      5146          0         24          0        320      30459   tasks.o
      1280         10         13          0         60       9185   timers.o
      3920         22        177         72          0       7419   touch.o
       546          0          0          0        286       7066   usart.o

    ----------------------------------------------------------------------
     90096        146      17082         96    2204800     254349   Object Totals
        36          0         32          0          0          0   (incl. Generated)
      1166          8          6          3         30          0   (incl. Padding)

    ----------------------------------------------------------------------

      Code (inc. data)   RO Data    RW Data    ZI Data      Debug   Library Member Name

         8          0          0          0          0         68   __main.o
       392          4         17          0          0         92   __printf_flags_ss_wp.o
        14          0          0          0          0         68   __printf_wp.o
         0          0          0          0          0          0   __rtentry.o
        12          0          0          0          0          0   __rtentry2.o
         6          0          0          0          0          0   __rtentry4.o
        94          8          0          0          0          0   __scatter.o
        26          0          0          0          0          0   __scatter_copy.o
        28          0          0          0          0          0   __scatter_zi.o
        72          0          0          0          0         96   _c16rtomb.o
         6          0          0          0          0          0   _printf_a.o
         6          0          0          0          0          0   _printf_c.o
        44          0          0          0          0        108   _printf_char.o
        48          6          0          0          0         96   _printf_char_common.o
        36          4          0          0          0         80   _printf_char_file.o
        40          0          0          0          0         68   _printf_charcount.o
         6          0          0          0          0          0   _printf_d.o
       120         16          0          0          0         92   _printf_dec.o
         6          0          0          0          0          0   _printf_e.o
         6          0          0          0          0          0   _printf_f.o
      1052          0          0          0          0        148   _printf_fp_dec.o
       764          8         38          0          0        100   _printf_fp_hex.o
       128         16          0          0          0         84   _printf_fp_infnan.o
         6          0          0          0          0          0   _printf_g.o
       148          4         40          0          0        160   _printf_hex_int_ll_ptr.o
         6          0          0          0          0          0   _printf_i.o
       178          0          0          0          0         88   _printf_intcommon.o
        10          0          0          0          0          0   _printf_l.o
         6          0          0          0          0          0   _printf_lc.o
        10          0          0          0          0          0   _printf_ll.o
         6          0          0          0          0          0   _printf_lld.o
         6          0          0          0          0          0   _printf_lli.o
         6          0          0          0          0          0   _printf_llo.o
         6          0          0          0          0          0   _printf_llu.o
         6          0          0          0          0          0   _printf_llx.o
       124         16          0          0          0         92   _printf_longlong_dec.o
         6          0          0          0          0          0   _printf_ls.o
         6          0          0          0          0          0   _printf_n.o
         6          0          0          0          0          0   _printf_o.o
       112          8          0          0          0        124   _printf_oct_int_ll.o
         6          0          0          0          0          0   _printf_p.o
        78          0          0          0          0        108   _printf_pad.o
         0          0          0          0          0          0   _printf_percent.o
         4          0          0          0          0          0   _printf_percent_end.o
         6          0          0          0          0          0   _printf_s.o
        82          0          0          0          0         80   _printf_str.o
        36          0          0          0          0         84   _printf_truncate.o
         6          0          0          0          0          0   _printf_u.o
        44          0          0          0          0        108   _printf_wchar.o
       188          6          8          0          0         92   _printf_wctomb.o
         6          0          0          0          0          0   _printf_x.o
        10          0          0          0          0         68   _sputc.o
        16          0          0          0          0         68   aeabi_memset4.o
       228          4        148          0          0         96   bigflt0.o
      1936        128          0          0          0        668   btod.o
        18          0          0          0          0         80   exit.o
         8          0          0          0          0         68   ferror.o
         6          0          0          0          0        152   heapauxi.o
        44         10        272          0          0         76   lc_ctype_c.o
        44         10         28          0          0         76   lc_numeric_c.o
         2          0          0          0          0          0   libinit.o
        34          0          0          0          0          0   libinit2.o
         2          0          0          0          0          0   libshutdown.o
         2          0          0          0          0          0   libshutdown2.o
         8          4          0          0         96         68   libspace.o
       138          0          0          0          0         80   lludiv10.o
        88          0          0          0          0         76   memcmp.o
        24          4          0          0          0         84   printf.o
        16          4          0          0          0         76   rt_ctype_table.o
         8          4          0          0          0         68   rt_locale_intlibspace.o
        68          0          0          0          0         68   rt_memclr.o
        78          0          0          0          0         80   rt_memclr_w.o
       138          0          0          0          0         68   rt_memcpy_v6.o
       100          0          0          0          0         80   rt_memcpy_w.o
         2          0          0          0          0          0   rtexit.o
        10          0          0          0          0          0   rtexit2.o
        44          6          0          0          0         84   sprintf.o
       124          0          0          0          0         88   strcmpv7m_pel.o
        62          0          0          0          0         76   strlen.o
        22          0          0          0          0         68   strrchr.o
        74          0          0          0          0         80   sys_stackheap_outer.o
         2          0          0          0          0         68   use_no_semi.o
         2          0          0          0          0         68   use_no_semi_2.o
        26          0          0          0          0        116   fpinit.o
         4          0          0          0          0        116   printf1.o
         4          0          0          0          0        116   printf2.o
         0          0          0          0          0          0   usenofp.o
        48          0          0          0          0        124   fpclassify.o

    ----------------------------------------------------------------------
      7488        274        554          0         96       5140   Library Totals
        30          4          3          0          0          0   (incl. Padding)

    ----------------------------------------------------------------------

      Code (inc. data)   RO Data    RW Data    ZI Data      Debug   Library Name

      7376        270        551          0         96       4668   c_w.l
        34          0          0          0          0        348   fz_wv.l
        48          0          0          0          0        124   m_wv.l

    ----------------------------------------------------------------------
      7488        274        554          0         96       5140   Library Totals

    ----------------------------------------------------------------------

==============================================================================


      Code (inc. data)   RO Data    RW Data    ZI Data      Debug   

     97584        420      17636         96    2204896     256157   Grand Totals
     97584        420      17636         96    2204896     256157   ELF Image Totals
     97584        420      17636         96          0          0   ROM Totals

==============================================================================

    Total RO  Size (Code + RO Data)               115220 ( 112.52kB)
    Total RW  Size (RW Data + ZI Data)           2204992 (2153.31kB)
    Total ROM Size (Code + RO Data + RW Data)     115316 ( 112.61kB)

==============================================================================

