*** Using Compiler 'V6.24', folder: 'D:\stm app\ARM\ARMCLANG\Bin'
Build target 'TOUCH'
../../User/main.c(1): warning: In file included from...../../Drivers\./SYSTEM/sys/sys.h(62): warning: unused function 'sys_nvic_priority_group_config' [-Wunused-function]
   62 | static void sys_nvic_priority_group_config(uint8_t group);                      /* <C9><E8><D6><C3>NVIC<B7><D6><D7><E9> */
      |             ^~~~~~~~~~~~~~~~~~~~~~~~~~~~~~
../../User/main.c(5): warning: In file included from...../../Drivers\./BSP/MPU/mpu.h(21): warning: unused function 'mpu_convert_bytes_to_pot' [-Wunused-function]
   21 | static uint8_t mpu_convert_bytes_to_pot(uint32_t nbytes);   /* <BD><AB>nbytesת<BB><BB>Ϊ2Ϊ<B5>ڵ<C4>ָ<CA><FD> */
      |                ^~~~~~~~~~~~~~~~~~~~~~~~
../../User/main.c(8): warning: In file included from...../../Drivers\./BSP/TOUCH/touch.h(88): warning: unused function 'tp_write_byte' [-Wunused-function]
   88 | static void tp_write_byte(uint8_t data);                /* <CF><F2><BF><D8><D6><C6>оƬд<C8><EB>һ<B8><F6><CA><FD><BE><DD> */
      |             ^~~~~~~~~~~~~
../../Drivers\./BSP/TOUCH/touch.h(89): warning: unused function 'tp_read_ad' [-Wunused-function]
   89 | static uint16_t tp_read_ad(uint8_t cmd);                /* <B6><C1>ȡADת<BB><BB>ֵ */
      |                 ^~~~~~~~~~
../../Drivers\./BSP/TOUCH/touch.h(90): warning: unused function 'tp_read_xoy' [-Wunused-function]
   90 | static uint16_t tp_read_xoy(uint8_t cmd);               /* <B4><F8><C2>˲<A8><B5><C4><D7><F8><B1><EA><B6><C1>ȡ(X/Y) */
      |                 ^~~~~~~~~~~
../../Drivers\./BSP/TOUCH/touch.h(91): warning: unused function 'tp_read_xy' [-Wunused-function]
   91 | static void tp_read_xy(uint16_t *x, uint16_t *y);       /* ˫<B7><BD><CF><F2><B6><C1>ȡ(X+Y) */
      |             ^~~~~~~~~~
../../Drivers\./BSP/TOUCH/touch.h(92): warning: unused function 'tp_read_xy2' [-Wunused-function]
   92 | static uint8_t tp_read_xy2(uint16_t *x, uint16_t *y);   /* <B4><F8><BC><D3>ǿ<C2>˲<A8><B5><C4>˫<B7><BD><CF><F2><D7><F8><B1><EA><B6><C1>ȡ */
      |                ^~~~~~~~~~~
../../Drivers\./BSP/TOUCH/touch.h(93): warning: unused function 'tp_draw_touch_point' [-Wunused-function]
   93 | static void tp_draw_touch_point(uint16_t x, uint16_t y, uint16_t color);    /* <BB><AD>һ<B8><F6><D7><F8><B1><EA>У<U+05FC><B5><E3> */
      |             ^~~~~~~~~~~~~~~~~~~
../../Drivers\./BSP/TOUCH/touch.h(94): warning: unused function 'tp_adjust_info_show' [-Wunused-function]
   94 | static void tp_adjust_info_show(uint16_t xy[5][2], double px, double py);   /* <CF><D4>ʾУ<U+05FC><D0><C5>Ϣ */
      |             ^~~~~~~~~~~~~~~~~~~
9 warnings generated.
compiling main.c...
linking...
Program Size: Code=56600 RO-data=14720 RW-data=92 ZI-data=2182068  
FromELF: creating hex file...
"..\..\Output\atk_h743.axf" - 0 Error(s), 9 Warning(s).
Build Time Elapsed:  00:00:02
